E:/Library_Embedded/SDK_1.0.3_NUCLEO-F401RE/shared/Middle/buzzer/buzzer.c:62:1:BuzzerControl_Init	8	static
E:/Library_Embedded/SDK_1.0.3_NUCLEO-F401RE/shared/Middle/buzzer/buzzer.c:75:1:BuzzOff	16	static
E:/Library_Embedded/SDK_1.0.3_NUCLEO-F401RE/shared/Middle/buzzer/buzzer.c:95:1:BuzzPlay	32	static
E:/Library_Embedded/SDK_1.0.3_NUCLEO-F401RE/shared/Middle/buzzer/buzzer.c:127:1:BuzzerControl_SetMelody	16	static
E:/Library_Embedded/SDK_1.0.3_NUCLEO-F401RE/shared/Middle/buzzer/buzzer.c:142:1:BuzzerControl_SendPacketRespond	32	static
E:/Library_Embedded/SDK_1.0.3_NUCLEO-F401RE/shared/Middle/buzzer/buzzer.c:164:1:BUZZTIM_InitTimer	40	static
E:/Library_Embedded/SDK_1.0.3_NUCLEO-F401RE/shared/Middle/buzzer/buzzer.c:190:1:BUZZTIM_InitPWMChannel	48	static
E:/Library_Embedded/SDK_1.0.3_NUCLEO-F401RE/shared/Middle/buzzer/buzzer.c:230:1:BuzzerControl_SetDutyCycle	24	static
E:/Library_Embedded/SDK_1.0.3_NUCLEO-F401RE/shared/Middle/buzzer/buzzer.c:249:1:BuzzerControl_SetPreriod	16	static
