Archive member included to satisfy reference by file (symbol)

E:\Library_Embedded\SDK_1.0.3_NUCLEO-F401RE Old\SDK_1.0.3_NUCLEO-F401RE\lib_stm\libLibraries.a(system_stm32f4xx.o)
                              ./Src/main.o (SystemCoreClockUpdate)
E:\Library_Embedded\SDK_1.0.3_NUCLEO-F401RE Old\SDK_1.0.3_NUCLEO-F401RE\lib_stm\libLibraries.a(stm32f401re_gpio.o)
                              ./Src/main.o (GPIO_Init)
E:\Library_Embedded\SDK_1.0.3_NUCLEO-F401RE Old\SDK_1.0.3_NUCLEO-F401RE\lib_stm\libLibraries.a(stm32f401re_rcc.o)
                              ./Src/main.o (RCC_AHB1PeriphClockCmd)
E:\Library_Embedded\SDK_1.0.3_NUCLEO-F401RE Old\SDK_1.0.3_NUCLEO-F401RE\lib_stm\libLibraries.a(stm32f401re_tim.o)
                              ./Src/main.o (TIM_TimeBaseInit)
E:/Embedded-C/STM32CubeIDE_1.17.0/STM32CubeIDE/plugins/com.st.stm32cube.ide.mcu.externaltools.gnu-tools-for-stm32.12.3.rel1.win32_1.1.0.202410251130/tools/bin/../lib/gcc/arm-none-eabi/12.3.1/../../../../arm-none-eabi/lib/thumb/v7e-m+fp/hard\libc_nano.a(libc_a-exit.o)
                              E:/Embedded-C/STM32CubeIDE_1.17.0/STM32CubeIDE/plugins/com.st.stm32cube.ide.mcu.externaltools.gnu-tools-for-stm32.12.3.rel1.win32_1.1.0.202410251130/tools/bin/../lib/gcc/arm-none-eabi/12.3.1/../../../../arm-none-eabi/lib/thumb/v7e-m+fp/hard/crt0.o (exit)
E:/Embedded-C/STM32CubeIDE_1.17.0/STM32CubeIDE/plugins/com.st.stm32cube.ide.mcu.externaltools.gnu-tools-for-stm32.12.3.rel1.win32_1.1.0.202410251130/tools/bin/../lib/gcc/arm-none-eabi/12.3.1/../../../../arm-none-eabi/lib/thumb/v7e-m+fp/hard\libc_nano.a(libc_a-findfp.o)
                              E:/Embedded-C/STM32CubeIDE_1.17.0/STM32CubeIDE/plugins/com.st.stm32cube.ide.mcu.externaltools.gnu-tools-for-stm32.12.3.rel1.win32_1.1.0.202410251130/tools/bin/../lib/gcc/arm-none-eabi/12.3.1/../../../../arm-none-eabi/lib/thumb/v7e-m+fp/hard\libc_nano.a(libc_a-exit.o) (__stdio_exit_handler)
E:/Embedded-C/STM32CubeIDE_1.17.0/STM32CubeIDE/plugins/com.st.stm32cube.ide.mcu.externaltools.gnu-tools-for-stm32.12.3.rel1.win32_1.1.0.202410251130/tools/bin/../lib/gcc/arm-none-eabi/12.3.1/../../../../arm-none-eabi/lib/thumb/v7e-m+fp/hard\libc_nano.a(libc_a-fwalk.o)
                              E:/Embedded-C/STM32CubeIDE_1.17.0/STM32CubeIDE/plugins/com.st.stm32cube.ide.mcu.externaltools.gnu-tools-for-stm32.12.3.rel1.win32_1.1.0.202410251130/tools/bin/../lib/gcc/arm-none-eabi/12.3.1/../../../../arm-none-eabi/lib/thumb/v7e-m+fp/hard\libc_nano.a(libc_a-findfp.o) (_fwalk_sglue)
E:/Embedded-C/STM32CubeIDE_1.17.0/STM32CubeIDE/plugins/com.st.stm32cube.ide.mcu.externaltools.gnu-tools-for-stm32.12.3.rel1.win32_1.1.0.202410251130/tools/bin/../lib/gcc/arm-none-eabi/12.3.1/../../../../arm-none-eabi/lib/thumb/v7e-m+fp/hard\libc_nano.a(libc_a-stdio.o)
                              E:/Embedded-C/STM32CubeIDE_1.17.0/STM32CubeIDE/plugins/com.st.stm32cube.ide.mcu.externaltools.gnu-tools-for-stm32.12.3.rel1.win32_1.1.0.202410251130/tools/bin/../lib/gcc/arm-none-eabi/12.3.1/../../../../arm-none-eabi/lib/thumb/v7e-m+fp/hard\libc_nano.a(libc_a-findfp.o) (__sread)
E:/Embedded-C/STM32CubeIDE_1.17.0/STM32CubeIDE/plugins/com.st.stm32cube.ide.mcu.externaltools.gnu-tools-for-stm32.12.3.rel1.win32_1.1.0.202410251130/tools/bin/../lib/gcc/arm-none-eabi/12.3.1/../../../../arm-none-eabi/lib/thumb/v7e-m+fp/hard\libc_nano.a(libc_a-memset.o)
                              E:/Embedded-C/STM32CubeIDE_1.17.0/STM32CubeIDE/plugins/com.st.stm32cube.ide.mcu.externaltools.gnu-tools-for-stm32.12.3.rel1.win32_1.1.0.202410251130/tools/bin/../lib/gcc/arm-none-eabi/12.3.1/../../../../arm-none-eabi/lib/thumb/v7e-m+fp/hard/crt0.o (memset)
E:/Embedded-C/STM32CubeIDE_1.17.0/STM32CubeIDE/plugins/com.st.stm32cube.ide.mcu.externaltools.gnu-tools-for-stm32.12.3.rel1.win32_1.1.0.202410251130/tools/bin/../lib/gcc/arm-none-eabi/12.3.1/../../../../arm-none-eabi/lib/thumb/v7e-m+fp/hard\libc_nano.a(libc_a-closer.o)
                              E:/Embedded-C/STM32CubeIDE_1.17.0/STM32CubeIDE/plugins/com.st.stm32cube.ide.mcu.externaltools.gnu-tools-for-stm32.12.3.rel1.win32_1.1.0.202410251130/tools/bin/../lib/gcc/arm-none-eabi/12.3.1/../../../../arm-none-eabi/lib/thumb/v7e-m+fp/hard\libc_nano.a(libc_a-stdio.o) (_close_r)
E:/Embedded-C/STM32CubeIDE_1.17.0/STM32CubeIDE/plugins/com.st.stm32cube.ide.mcu.externaltools.gnu-tools-for-stm32.12.3.rel1.win32_1.1.0.202410251130/tools/bin/../lib/gcc/arm-none-eabi/12.3.1/../../../../arm-none-eabi/lib/thumb/v7e-m+fp/hard\libc_nano.a(libc_a-reent.o)
                              E:/Embedded-C/STM32CubeIDE_1.17.0/STM32CubeIDE/plugins/com.st.stm32cube.ide.mcu.externaltools.gnu-tools-for-stm32.12.3.rel1.win32_1.1.0.202410251130/tools/bin/../lib/gcc/arm-none-eabi/12.3.1/../../../../arm-none-eabi/lib/thumb/v7e-m+fp/hard\libc_nano.a(libc_a-closer.o) (errno)
[...]
Memory Configuration

Name             Origin             Length             Attributes
RAM              0x20000000         0x00018000         xrw
FLASH            0x08000000         0x00080000         xr
*default*        0x00000000         0xffffffff

Linker script and memory map

LOAD E:/Embedded-C/STM32CubeIDE_1.17.0/STM32CubeIDE/plugins/com.st.stm32cube.ide.mcu.externaltools.gnu-tools-for-stm32.12.3.rel1.win32_1.1.0.202410251130/tools/bin/../lib/gcc/arm-none-eabi/12.3.1/thumb/v7e-m+fp/hard/crti.o
LOAD E:/Embedded-C/STM32CubeIDE_1.17.0/STM32CubeIDE/plugins/com.st.stm32cube.ide.mcu.externaltools.gnu-tools-for-stm32.12.3.rel1.win32_1.1.0.202410251130/tools/bin/../lib/gcc/arm-none-eabi/12.3.1/thumb/v7e-m+fp/hard/crtbegin.o
LOAD E:/Embedded-C/STM32CubeIDE_1.17.0/STM32CubeIDE/plugins/com.st.stm32cube.ide.mcu.externaltools.gnu-tools-for-stm32.12.3.rel1.win32_1.1.0.202410251130/tools/bin/../lib/gcc/arm-none-eabi/12.3.1/../../../../arm-none-eabi/lib/thumb/v7e-m+fp/hard/crt0.o
LOAD ./Src/main.o
LOAD ./Src/syscalls.o
LOAD ./Src/sysmem.o
LOAD ./Startup/startup_stm32f401retx.o
LOAD E:\Library_Embedded\SDK_1.0.3_NUCLEO-F401RE Old\SDK_1.0.3_NUCLEO-F401RE\lib_stm\libLibraries.a
START GROUP
LOAD E:/Embedded-C/STM32CubeIDE_1.17.0/STM32CubeIDE/plugins/com.st.stm32cube.ide.mcu.externaltools.gnu-tools-for-stm32.12.3.rel1.win32_1.1.0.202410251130/tools/bin/../lib/gcc/arm-none-eabi/12.3.1/../../../../arm-none-eabi/lib/thumb/v7e-m+fp/hard\libc_nano.a
LOAD E:/Embedded-C/STM32CubeIDE_1.17.0/STM32CubeIDE/plugins/com.st.stm32cube.ide.mcu.externaltools.gnu-tools-for-stm32.12.3.rel1.win32_1.1.0.202410251130/tools/bin/../lib/gcc/arm-none-eabi/12.3.1/../../../../arm-none-eabi/lib/thumb/v7e-m+fp/hard\libm.a
END GROUP
START GROUP
LOAD E:/Embedded-C/STM32CubeIDE_1.17.0/STM32CubeIDE/plugins/com.st.stm32cube.ide.mcu.externaltools.gnu-tools-for-stm32.12.3.rel1.win32_1.1.0.202410251130/tools/bin/../lib/gcc/arm-none-eabi/12.3.1/thumb/v7e-m+fp/hard\libgcc.a
LOAD E:/Embedded-C/STM32CubeIDE_1.17.0/STM32CubeIDE/plugins/com.st.stm32cube.ide.mcu.externaltools.gnu-tools-for-stm32.12.3.rel1.win32_1.1.0.202410251130/tools/bin/../lib/gcc/arm-none-eabi/12.3.1/../../../../arm-none-eabi/lib/thumb/v7e-m+fp/hard\libc_nano.a
END GROUP
START GROUP
LOAD E:/Embedded-C/STM32CubeIDE_1.17.0/STM32CubeIDE/plugins/com.st.stm32cube.ide.mcu.externaltools.gnu-tools-for-stm32.12.3.rel1.win32_1.1.0.202410251130/tools/bin/../lib/gcc/arm-none-eabi/12.3.1/thumb/v7e-m+fp/hard\libgcc.a
LOAD E:/Embedded-C/STM32CubeIDE_1.17.0/STM32CubeIDE/plugins/com.st.stm32cube.ide.mcu.externaltools.gnu-tools-for-stm32.12.3.rel1.win32_1.1.0.202410251130/tools/bin/../lib/gcc/arm-none-eabi/12.3.1/../../../../arm-none-eabi/lib/thumb/v7e-m+fp/hard\libc_nano.a
LOAD E:/Embedded-C/STM32CubeIDE_1.17.0/STM32CubeIDE/plugins/com.st.stm32cube.ide.mcu.externaltools.gnu-tools-for-stm32.12.3.rel1.win32_1.1.0.202410251130/tools/bin/../lib/gcc/arm-none-eabi/12.3.1/../../../../arm-none-eabi/lib/thumb/v7e-m+fp/hard\libnosys.a
END GROUP
START GROUP
LOAD E:/Embedded-C/STM32CubeIDE_1.17.0/STM32CubeIDE/plugins/com.st.stm32cube.ide.mcu.externaltools.gnu-tools-for-stm32.12.3.rel1.win32_1.1.0.202410251130/tools/bin/../lib/gcc/arm-none-eabi/12.3.1/thumb/v7e-m+fp/hard\libgcc.a
LOAD E:/Embedded-C/STM32CubeIDE_1.17.0/STM32CubeIDE/plugins/com.st.stm32cube.ide.mcu.externaltools.gnu-tools-for-stm32.12.3.rel1.win32_1.1.0.202410251130/tools/bin/../lib/gcc/arm-none-eabi/12.3.1/../../../../arm-none-eabi/lib/thumb/v7e-m+fp/hard\libc_nano.a
LOAD E:/Embedded-C/STM32CubeIDE_1.17.0/STM32CubeIDE/plugins/com.st.stm32cube.ide.mcu.externaltools.gnu-tools-for-stm32.12.3.rel1.win32_1.1.0.202410251130/tools/bin/../lib/gcc/arm-none-eabi/12.3.1/../../../../arm-none-eabi/lib/thumb/v7e-m+fp/hard\libnosys.a
END GROUP
LOAD E:/Embedded-C/STM32CubeIDE_1.17.0/STM32CubeIDE/plugins/com.st.stm32cube.ide.mcu.externaltools.gnu-tools-for-stm32.12.3.rel1.win32_1.1.0.202410251130/tools/bin/../lib/gcc/arm-none-eabi/12.3.1/thumb/v7e-m+fp/hard/crtend.o
LOAD E:/Embedded-C/STM32CubeIDE_1.17.0/STM32CubeIDE/plugins/com.st.stm32cube.ide.mcu.externaltools.gnu-tools-for-stm32.12.3.rel1.win32_1.1.0.202410251130/tools/bin/../lib/gcc/arm-none-eabi/12.3.1/thumb/v7e-m+fp/hard/crtn.o
                0x20018000                        _estack = (ORIGIN (RAM) + LENGTH (RAM))
                0x00000200                        _Min_Heap_Size = 0x200
                0x00000400                        _Min_Stack_Size = 0x400

.isr_vector     0x08000000      0x194
                0x08000000                        . = ALIGN (0x4)
 *(.isr_vector)
 .isr_vector    0x08000000      0x194 ./Startup/startup_stm32f401retx.o
                0x08000000                g_pfnVectors
                0x08000194                        . = ALIGN (0x4)

.text           0x08000194      0x820
                0x08000194                        . = ALIGN (0x4)
 *(.text)
 .text          0x08000194       0x40 E:/Embedded-C/STM32CubeIDE_1.17.0/STM32CubeIDE/plugins/com.st.stm32cube.ide.mcu.externaltools.gnu-tools-for-stm32.12.3.rel1.win32_1.1.0.202410251130/tools/bin/../lib/gcc/arm-none-eabi/12.3.1/thumb/v7e-m+fp/hard/crtbegin.o
 *(.text*)
 .text.TimeBasic_Init
                0x080001d4       0x44 ./Src/main.o
 .text.Led_Init
                0x08000218       0x3c ./Src/main.o
 .text.Sound_Sensor_Init
                0x08000254       0x38 ./Src/main.o
 .text.Led_Control
                0x0800028c       0x3a ./Src/main.o
 .text.Sound_Sensor_GetLogic
                0x080002c6       0x20 ./Src/main.o
 *fill*         0x080002e6        0x2 
 .text.Delay_ms
                0x080002e8       0x40 ./Src/main.o
                0x080002e8                Delay_ms
 .text.main     0x08000328       0x7c ./Src/main.o
                0x08000328                main
 .text.Reset_Handler
                0x080003a4       0x50 ./Startup/startup_stm32f401retx.o
                0x080003a4                Reset_Handler
 .text.Default_Handler
                0x080003f4        0x2 ./Startup/startup_stm32f401retx.o
                0x080003f4                EXTI2_IRQHandler
                0x080003f4                DebugMon_Handler
                0x080003f4                SPI4_IRQHandler
                0x080003f4                TIM1_CC_IRQHandler
                0x080003f4                DMA2_Stream5_IRQHandler
                0x080003f4                HardFault_Handler
                0x080003f4                DMA1_Stream5_IRQHandler
                0x080003f4                SysTick_Handler
                0x080003f4                SDIO_IRQHandler
                0x080003f4                TAMP_STAMP_IRQHandler
                0x080003f4                PendSV_Handler
                0x080003f4                NMI_Handler
                0x080003f4                EXTI3_IRQHandler
                0x080003f4                TIM1_UP_TIM10_IRQHandler
                0x080003f4                I2C3_ER_IRQHandler
                0x080003f4                EXTI18_OTG_FS_WKUP_IRQHandler
                0x080003f4                EXTI0_IRQHandler
                0x080003f4                I2C2_EV_IRQHandler
                0x080003f4                DMA1_Stream2_IRQHandler
                0x080003f4                UsageFault_Handler
                0x080003f4                DMA2_Stream2_IRQHandler
                0x080003f4                SPI1_IRQHandler
                0x080003f4                TIM1_BRK_TIM9_IRQHandler
                0x080003f4                DMA2_Stream3_IRQHandler
                0x080003f4                USART6_IRQHandler
                0x080003f4                DMA2_Stream0_IRQHandler
                0x080003f4                TIM4_IRQHandler
                0x080003f4                I2C1_EV_IRQHandler
                0x080003f4                DMA1_Stream6_IRQHandler
                0x080003f4                DMA1_Stream1_IRQHandler
                0x080003f4                TIM3_IRQHandler
                0x080003f4                RCC_IRQHandler
                0x080003f4                Default_Handler
                0x080003f4                EXTI15_10_IRQHandler
                0x080003f4                ADC_IRQHandler
                0x080003f4                DMA1_Stream7_IRQHandler
                0x080003f4                TIM5_IRQHandler
                0x080003f4                DMA2_Stream7_IRQHandler
                0x080003f4                I2C3_EV_IRQHandler
                0x080003f4                EXTI9_5_IRQHandler
                0x080003f4                SPI2_IRQHandler
                0x080003f4                MemManage_Handler
                0x080003f4                DMA1_Stream0_IRQHandler
                0x080003f4                SVC_Handler
                0x080003f4                EXTI4_IRQHandler
                0x080003f4                EXTI22_RTC_WKUP_IRQHandler
                0x080003f4                TIM2_IRQHandler
                0x080003f4                EXTI16_PVD_IRQHandler
                0x080003f4                TIM1_TRG_COM_TIM11_IRQHandler
                0x080003f4                EXTI1_IRQHandler
                0x080003f4                EXTI17_RTC_Alarm_IRQHandler
                0x080003f4                USART2_IRQHandler
                0x080003f4                I2C2_ER_IRQHandler
                0x080003f4                DMA2_Stream1_IRQHandler
                0x080003f4                FLASH_IRQHandler
                0x080003f4                DMA2_Stream4_IRQHandler
                0x080003f4                BusFault_Handler
                0x080003f4                USART1_IRQHandler
                0x080003f4                OTG_FS_IRQHandler
                0x080003f4                SPI3_IRQHandler
                0x080003f4                DMA1_Stream4_IRQHandler
                0x080003f4                I2C1_ER_IRQHandler
                0x080003f4                DMA2_Stream6_IRQHandler
                0x080003f4                DMA1_Stream3_IRQHandler
 *fill*         0x080003f6        0x2 
 .text.SystemInit
                0x080003f8       0x6c E:\Library_Embedded\SDK_1.0.3_NUCLEO-F401RE Old\SDK_1.0.3_NUCLEO-F401RE\lib_stm\libLibraries.a(system_stm32f4xx.o)
                0x080003f8                SystemInit
 .text.SystemCoreClockUpdate
                0x08000464       0xf8 E:\Library_Embedded\SDK_1.0.3_NUCLEO-F401RE Old\SDK_1.0.3_NUCLEO-F401RE\lib_stm\libLibraries.a(system_stm32f4xx.o)
                0x08000464                SystemCoreClockUpdate
 .text.SetSysClock
                0x0800055c       0xa0 E:\Library_Embedded\SDK_1.0.3_NUCLEO-F401RE Old\SDK_1.0.3_NUCLEO-F401RE\lib_stm\libLibraries.a(system_stm32f4xx.o)
 .text.GPIO_Init
                0x080005fc      0x11c E:\Library_Embedded\SDK_1.0.3_NUCLEO-F401RE Old\SDK_1.0.3_NUCLEO-F401RE\lib_stm\libLibraries.a(stm32f401re_gpio.o)
                0x080005fc                GPIO_Init
 .text.GPIO_ReadInputDataBit
                0x08000718       0x34 E:\Library_Embedded\SDK_1.0.3_NUCLEO-F401RE Old\SDK_1.0.3_NUCLEO-F401RE\lib_stm\libLibraries.a(stm32f401re_gpio.o)
                0x08000718                GPIO_ReadInputDataBit
 .text.GPIO_SetBits
                0x0800074c       0x1e E:\Library_Embedded\SDK_1.0.3_NUCLEO-F401RE Old\SDK_1.0.3_NUCLEO-F401RE\lib_stm\libLibraries.a(stm32f401re_gpio.o)
                0x0800074c                GPIO_SetBits
 .text.GPIO_ResetBits
                0x0800076a       0x1e E:\Library_Embedded\SDK_1.0.3_NUCLEO-F401RE Old\SDK_1.0.3_NUCLEO-F401RE\lib_stm\libLibraries.a(stm32f401re_gpio.o)
                0x0800076a                GPIO_ResetBits
 .text.RCC_AHB1PeriphClockCmd
                0x08000788       0x40 E:\Library_Embedded\SDK_1.0.3_NUCLEO-F401RE Old\SDK_1.0.3_NUCLEO-F401RE\lib_stm\libLibraries.a(stm32f401re_rcc.o)
                0x08000788                RCC_AHB1PeriphClockCmd
 .text.RCC_APB2PeriphClockCmd
                0x080007c8       0x40 E:\Library_Embedded\SDK_1.0.3_NUCLEO-F401RE Old\SDK_1.0.3_NUCLEO-F401RE\lib_stm\libLibraries.a(stm32f401re_rcc.o)
                0x080007c8                RCC_APB2PeriphClockCmd
 .text.TIM_TimeBaseInit
                0x08000808       0xd8 E:\Library_Embedded\SDK_1.0.3_NUCLEO-F401RE Old\SDK_1.0.3_NUCLEO-F401RE\lib_stm\libLibraries.a(stm32f401re_tim.o)
                0x08000808                TIM_TimeBaseInit
 .text.TIM_SetCounter
                0x080008e0       0x1c E:\Library_Embedded\SDK_1.0.3_NUCLEO-F401RE Old\SDK_1.0.3_NUCLEO-F401RE\lib_stm\libLibraries.a(stm32f401re_tim.o)
                0x080008e0                TIM_SetCounter
 .text.TIM_GetCounter
                0x080008fc       0x18 E:\Library_Embedded\SDK_1.0.3_NUCLEO-F401RE Old\SDK_1.0.3_NUCLEO-F401RE\lib_stm\libLibraries.a(stm32f401re_tim.o)
                0x080008fc                TIM_GetCounter
 .text.TIM_Cmd  0x08000914       0x40 E:\Library_Embedded\SDK_1.0.3_NUCLEO-F401RE Old\SDK_1.0.3_NUCLEO-F401RE\lib_stm\libLibraries.a(stm32f401re_tim.o)
                0x08000914                TIM_Cmd
 .text.__libc_init_array
                0x08000954       0x48 E:/Embedded-C/STM32CubeIDE_1.17.0/STM32CubeIDE/plugins/com.st.stm32cube.ide.mcu.externaltools.gnu-tools-for-stm32.12.3.rel1.win32_1.1.0.202410251130/tools/bin/../lib/gcc/arm-none-eabi/12.3.1/../../../../arm-none-eabi/lib/thumb/v7e-m+fp/hard\libc_nano.a(libc_a-init.o)
                0x08000954                __libc_init_array
 *(.glue_7)
 .glue_7        0x0800099c        0x0 linker stubs
 *(.glue_7t)
 .glue_7t       0x0800099c        0x0 linker stubs
 *(.eh_frame)
 .eh_frame      0x0800099c        0x0 E:/Embedded-C/STM32CubeIDE_1.17.0/STM32CubeIDE/plugins/com.st.stm32cube.ide.mcu.externaltools.gnu-tools-for-stm32.12.3.rel1.win32_1.1.0.202410251130/tools/bin/../lib/gcc/arm-none-eabi/12.3.1/thumb/v7e-m+fp/hard/crtbegin.o
 *(.init)
 .init          0x0800099c        0x4 E:/Embedded-C/STM32CubeIDE_1.17.0/STM32CubeIDE/plugins/com.st.stm32cube.ide.mcu.externaltools.gnu-tools-for-stm32.12.3.rel1.win32_1.1.0.202410251130/tools/bin/../lib/gcc/arm-none-eabi/12.3.1/thumb/v7e-m+fp/hard/crti.o
                0x0800099c                _init
 .init          0x080009a0        0x8 E:/Embedded-C/STM32CubeIDE_1.17.0/STM32CubeIDE/plugins/com.st.stm32cube.ide.mcu.externaltools.gnu-tools-for-stm32.12.3.rel1.win32_1.1.0.202410251130/tools/bin/../lib/gcc/arm-none-eabi/12.3.1/thumb/v7e-m+fp/hard/crtn.o
 *(.fini)
 .fini          0x080009a8        0x4 E:/Embedded-C/STM32CubeIDE_1.17.0/STM32CubeIDE/plugins/com.st.stm32cube.ide.mcu.externaltools.gnu-tools-for-stm32.12.3.rel1.win32_1.1.0.202410251130/tools/bin/../lib/gcc/arm-none-eabi/12.3.1/thumb/v7e-m+fp/hard/crti.o
                0x080009a8                _fini
 .fini          0x080009ac        0x8 E:/Embedded-C/STM32CubeIDE_1.17.0/STM32CubeIDE/plugins/com.st.stm32cube.ide.mcu.externaltools.gnu-tools-for-stm32.12.3.rel1.win32_1.1.0.202410251130/tools/bin/../lib/gcc/arm-none-eabi/12.3.1/thumb/v7e-m+fp/hard/crtn.o
                0x080009b4                        . = ALIGN (0x4)
                0x080009b4                        _etext = .

.vfp11_veneer   0x080009b4        0x0
 .vfp11_veneer  0x080009b4        0x0 linker stubs

.v4_bx          0x080009b4        0x0
 .v4_bx         0x080009b4        0x0 linker stubs

.iplt           0x080009b4        0x0
 .iplt          0x080009b4        0x0 E:/Embedded-C/STM32CubeIDE_1.17.0/STM32CubeIDE/plugins/com.st.stm32cube.ide.mcu.externaltools.gnu-tools-for-stm32.12.3.rel1.win32_1.1.0.202410251130/tools/bin/../lib/gcc/arm-none-eabi/12.3.1/thumb/v7e-m+fp/hard/crtbegin.o

.rodata         0x080009b4        0x0
                0x080009b4                        . = ALIGN (0x4)
 *(.rodata)
 *(.rodata*)
                0x080009b4                        . = ALIGN (0x4)

.ARM.extab      0x080009b4        0x0
                0x080009b4                        . = ALIGN (0x4)
 *(.ARM.extab* .gnu.linkonce.armextab.*)
                0x080009b4                        . = ALIGN (0x4)

.ARM            0x080009b4        0x0
                0x080009b4                        . = ALIGN (0x4)
                0x080009b4                        __exidx_start = .
 *(.ARM.exidx*)
                0x080009b4                        __exidx_end = .
                0x080009b4                        . = ALIGN (0x4)

.preinit_array  0x080009b4        0x0
                0x080009b4                        . = ALIGN (0x4)
                0x080009b4                        PROVIDE (__preinit_array_start = .)
 *(.preinit_array*)
                0x080009b4                        PROVIDE (__preinit_array_end = .)
                0x080009b4                        . = ALIGN (0x4)

.init_array     0x080009b4        0x4
                0x080009b4                        . = ALIGN (0x4)
                0x080009b4                        PROVIDE (__init_array_start = .)
 *(SORT_BY_NAME(.init_array.*))
 *(.init_array*)
 .init_array    0x080009b4        0x4 E:/Embedded-C/STM32CubeIDE_1.17.0/STM32CubeIDE/plugins/com.st.stm32cube.ide.mcu.externaltools.gnu-tools-for-stm32.12.3.rel1.win32_1.1.0.202410251130/tools/bin/../lib/gcc/arm-none-eabi/12.3.1/thumb/v7e-m+fp/hard/crtbegin.o
                0x080009b8                        PROVIDE (__init_array_end = .)
                0x080009b8                        . = ALIGN (0x4)

.fini_array     0x080009b8        0x4
                0x080009b8                        . = ALIGN (0x4)
                [!provide]                        PROVIDE (__fini_array_start = .)
 *(SORT_BY_NAME(.fini_array.*))
 *(.fini_array*)
 .fini_array    0x080009b8        0x4 E:/Embedded-C/STM32CubeIDE_1.17.0/STM32CubeIDE/plugins/com.st.stm32cube.ide.mcu.externaltools.gnu-tools-for-stm32.12.3.rel1.win32_1.1.0.202410251130/tools/bin/../lib/gcc/arm-none-eabi/12.3.1/thumb/v7e-m+fp/hard/crtbegin.o
                [!provide]                        PROVIDE (__fini_array_end = .)
                0x080009bc                        . = ALIGN (0x4)
                0x080009bc                        _sidata = LOADADDR (.data)

.rel.dyn        0x080009bc        0x0
 .rel.iplt      0x080009bc        0x0 E:/Embedded-C/STM32CubeIDE_1.17.0/STM32CubeIDE/plugins/com.st.stm32cube.ide.mcu.externaltools.gnu-tools-for-stm32.12.3.rel1.win32_1.1.0.202410251130/tools/bin/../lib/gcc/arm-none-eabi/12.3.1/thumb/v7e-m+fp/hard/crtbegin.o

.data           0x20000000       0x14 load address 0x080009bc
                0x20000000                        . = ALIGN (0x4)
                0x20000000                        _sdata = .
 *(.data)
 *(.data*)
 .data.SystemCoreClock
                0x20000000        0x4 E:\Library_Embedded\SDK_1.0.3_NUCLEO-F401RE Old\SDK_1.0.3_NUCLEO-F401RE\lib_stm\libLibraries.a(system_stm32f4xx.o)
                0x20000000                SystemCoreClock
 .data.AHBPrescTable
                0x20000004       0x10 E:\Library_Embedded\SDK_1.0.3_NUCLEO-F401RE Old\SDK_1.0.3_NUCLEO-F401RE\lib_stm\libLibraries.a(system_stm32f4xx.o)
                0x20000004                AHBPrescTable
 *(.RamFunc)
 *(.RamFunc*)
                0x20000014                        . = ALIGN (0x4)
                0x20000014                        _edata = .

.igot.plt       0x20000014        0x0 load address 0x080009d0
 .igot.plt      0x20000014        0x0 E:/Embedded-C/STM32CubeIDE_1.17.0/STM32CubeIDE/plugins/com.st.stm32cube.ide.mcu.externaltools.gnu-tools-for-stm32.12.3.rel1.win32_1.1.0.202410251130/tools/bin/../lib/gcc/arm-none-eabi/12.3.1/thumb/v7e-m+fp/hard/crtbegin.o
                0x20000014                        . = ALIGN (0x4)

.bss            0x20000014       0x20 load address 0x080009d0
                0x20000014                        _sbss = .
                0x20000014                        __bss_start__ = _sbss
 *(.bss)
 .bss           0x20000014       0x1c E:/Embedded-C/STM32CubeIDE_1.17.0/STM32CubeIDE/plugins/com.st.stm32cube.ide.mcu.externaltools.gnu-tools-for-stm32.12.3.rel1.win32_1.1.0.202410251130/tools/bin/../lib/gcc/arm-none-eabi/12.3.1/thumb/v7e-m+fp/hard/crtbegin.o
 *(.bss*)
 .bss.statusLed
                0x20000030        0x1 ./Src/main.o
                0x20000030                statusLed
 *(COMMON)
                0x20000034                        . = ALIGN (0x4)
 *fill*         0x20000031        0x3 
                0x20000034                        _ebss = .
                0x20000034                        __bss_end__ = _ebss

._user_heap_stack
                0x20000034      0x604 load address 0x080009d0
                0x20000038                        . = ALIGN (0x8)
 *fill*         0x20000034        0x4 
                [!provide]                        PROVIDE (end = .)
                0x20000038                        PROVIDE (_end = .)
                0x20000238                        . = (. + _Min_Heap_Size)
 *fill*         0x20000038      0x200 
                0x20000638                        . = (. + _Min_Stack_Size)
 *fill*         0x20000238      0x400 
                0x20000638                        . = ALIGN (0x8)

/DISCARD/
 libc.a(*)
 libm.a(*)
 libgcc.a(*)

.ARM.attributes
                0x00000000       0x30
 *(.ARM.attributes)
 .ARM.attributes
                0x00000000       0x22 E:/Embedded-C/STM32CubeIDE_1.17.0/STM32CubeIDE/plugins/com.st.stm32cube.ide.mcu.externaltools.gnu-tools-for-stm32.12.3.rel1.win32_1.1.0.202410251130/tools/bin/../lib/gcc/arm-none-eabi/12.3.1/thumb/v7e-m+fp/hard/crti.o
 .ARM.attributes
                0x00000022       0x34 E:/Embedded-C/STM32CubeIDE_1.17.0/STM32CubeIDE/plugins/com.st.stm32cube.ide.mcu.externaltools.gnu-tools-for-stm32.12.3.rel1.win32_1.1.0.202410251130/tools/bin/../lib/gcc/arm-none-eabi/12.3.1/thumb/v7e-m+fp/hard/crtbegin.o
 .ARM.attributes
                0x00000056       0x34 ./Src/main.o
 .ARM.attributes
                0x0000008a       0x21 ./Startup/startup_stm32f401retx.o
 .ARM.attributes
                0x000000ab       0x39 E:\Library_Embedded\SDK_1.0.3_NUCLEO-F401RE Old\SDK_1.0.3_NUCLEO-F401RE\lib_stm\libLibraries.a(system_stm32f4xx.o)
 .ARM.attributes
                0x000000e4       0x39 E:\Library_Embedded\SDK_1.0.3_NUCLEO-F401RE Old\SDK_1.0.3_NUCLEO-F401RE\lib_stm\libLibraries.a(stm32f401re_gpio.o)
 .ARM.attributes
                0x0000011d       0x39 E:\Library_Embedded\SDK_1.0.3_NUCLEO-F401RE Old\SDK_1.0.3_NUCLEO-F401RE\lib_stm\libLibraries.a(stm32f401re_rcc.o)
 .ARM.attributes
                0x00000156       0x39 E:\Library_Embedded\SDK_1.0.3_NUCLEO-F401RE Old\SDK_1.0.3_NUCLEO-F401RE\lib_stm\libLibraries.a(stm32f401re_tim.o)
 .ARM.attributes
                0x0000018f       0x34 E:/Embedded-C/STM32CubeIDE_1.17.0/STM32CubeIDE/plugins/com.st.stm32cube.ide.mcu.externaltools.gnu-tools-for-stm32.12.3.rel1.win32_1.1.0.202410251130/tools/bin/../lib/gcc/arm-none-eabi/12.3.1/../../../../arm-none-eabi/lib/thumb/v7e-m+fp/hard\libc_nano.a(libc_a-init.o)
 .ARM.attributes
                0x000001c3       0x22 E:/Embedded-C/STM32CubeIDE_1.17.0/STM32CubeIDE/plugins/com.st.stm32cube.ide.mcu.externaltools.gnu-tools-for-stm32.12.3.rel1.win32_1.1.0.202410251130/tools/bin/../lib/gcc/arm-none-eabi/12.3.1/thumb/v7e-m+fp/hard/crtn.o
OUTPUT(Sound_Sensor_Led_220v.elf elf32-littlearm)
LOAD linker stubs
LOAD E:/Embedded-C/STM32CubeIDE_1.17.0/STM32CubeIDE/plugins/com.st.stm32cube.ide.mcu.externaltools.gnu-tools-for-stm32.12.3.rel1.win32_1.1.0.202410251130/tools/bin/../lib/gcc/arm-none-eabi/12.3.1/../../../../arm-none-eabi/lib/thumb/v7e-m+fp/hard\libc.a
LOAD E:/Embedded-C/STM32CubeIDE_1.17.0/STM32CubeIDE/plugins/com.st.stm32cube.ide.mcu.externaltools.gnu-tools-for-stm32.12.3.rel1.win32_1.1.0.202410251130/tools/bin/../lib/gcc/arm-none-eabi/12.3.1/../../../../arm-none-eabi/lib/thumb/v7e-m+fp/hard\libm.a
LOAD E:/Embedded-C/STM32CubeIDE_1.17.0/STM32CubeIDE/plugins/com.st.stm32cube.ide.mcu.externaltools.gnu-tools-for-stm32.12.3.rel1.win32_1.1.0.202410251130/tools/bin/../lib/gcc/arm-none-eabi/12.3.1/thumb/v7e-m+fp/hard\libgcc.a

.debug_info     0x00000000     0x3cdb
 .debug_info    0x00000000      0x6f4 ./Src/main.o
 .debug_info    0x000006f4       0x30 ./Startup/startup_stm32f401retx.o
 .debug_info    0x00000724      0x5bb E:\Library_Embedded\SDK_1.0.3_NUCLEO-F401RE Old\SDK_1.0.3_NUCLEO-F401RE\lib_stm\libLibraries.a(system_stm32f4xx.o)
 .debug_info    0x00000cdf      0x62b E:\Library_Embedded\SDK_1.0.3_NUCLEO-F401RE Old\SDK_1.0.3_NUCLEO-F401RE\lib_stm\libLibraries.a(stm32f401re_gpio.o)
 .debug_info    0x0000130a      0xd5e E:\Library_Embedded\SDK_1.0.3_NUCLEO-F401RE Old\SDK_1.0.3_NUCLEO-F401RE\lib_stm\libLibraries.a(stm32f401re_rcc.o)
 .debug_info    0x00002068     0x1c73 E:\Library_Embedded\SDK_1.0.3_NUCLEO-F401RE Old\SDK_1.0.3_NUCLEO-F401RE\lib_stm\libLibraries.a(stm32f401re_tim.o)

.debug_abbrev   0x00000000      0x898
 .debug_abbrev  0x00000000      0x20a ./Src/main.o
 .debug_abbrev  0x0000020a       0x24 ./Startup/startup_stm32f401retx.o
 .debug_abbrev  0x0000022e      0x138 E:\Library_Embedded\SDK_1.0.3_NUCLEO-F401RE Old\SDK_1.0.3_NUCLEO-F401RE\lib_stm\libLibraries.a(system_stm32f4xx.o)
 .debug_abbrev  0x00000366      0x1bf E:\Library_Embedded\SDK_1.0.3_NUCLEO-F401RE Old\SDK_1.0.3_NUCLEO-F401RE\lib_stm\libLibraries.a(stm32f401re_gpio.o)
 .debug_abbrev  0x00000525      0x1d4 E:\Library_Embedded\SDK_1.0.3_NUCLEO-F401RE Old\SDK_1.0.3_NUCLEO-F401RE\lib_stm\libLibraries.a(stm32f401re_rcc.o)
 .debug_abbrev  0x000006f9      0x19f E:\Library_Embedded\SDK_1.0.3_NUCLEO-F401RE Old\SDK_1.0.3_NUCLEO-F401RE\lib_stm\libLibraries.a(stm32f401re_tim.o)

.debug_aranges  0x00000000      0x5c0
 .debug_aranges
                0x00000000       0x50 ./Src/main.o
 .debug_aranges
                0x00000050       0x28 ./Startup/startup_stm32f401retx.o
 .debug_aranges
                0x00000078       0x30 E:\Library_Embedded\SDK_1.0.3_NUCLEO-F401RE Old\SDK_1.0.3_NUCLEO-F401RE\lib_stm\libLibraries.a(system_stm32f4xx.o)
 .debug_aranges
                0x000000a8       0x88 E:\Library_Embedded\SDK_1.0.3_NUCLEO-F401RE Old\SDK_1.0.3_NUCLEO-F401RE\lib_stm\libLibraries.a(stm32f401re_gpio.o)
 .debug_aranges
                0x00000130      0x198 E:\Library_Embedded\SDK_1.0.3_NUCLEO-F401RE Old\SDK_1.0.3_NUCLEO-F401RE\lib_stm\libLibraries.a(stm32f401re_rcc.o)
 .debug_aranges
                0x000002c8      0x2f8 E:\Library_Embedded\SDK_1.0.3_NUCLEO-F401RE Old\SDK_1.0.3_NUCLEO-F401RE\lib_stm\libLibraries.a(stm32f401re_tim.o)

.debug_rnglists
                0x00000000       0x50
 .debug_rnglists
                0x00000000       0x37 ./Src/main.o
 .debug_rnglists
                0x00000037       0x19 ./Startup/startup_stm32f401retx.o

.debug_macro    0x00000000     0xdc20
 .debug_macro   0x00000000      0x1e1 ./Src/main.o
 .debug_macro   0x000001e1      0xac0 ./Src/main.o
 .debug_macro   0x00000ca1       0x22 ./Src/main.o
 .debug_macro   0x00000cc3       0x8e ./Src/main.o
 .debug_macro   0x00000d51       0x51 ./Src/main.o
 .debug_macro   0x00000da2      0x103 ./Src/main.o
 .debug_macro   0x00000ea5       0x6a ./Src/main.o
 .debug_macro   0x00000f0f      0x1df ./Src/main.o
 .debug_macro   0x000010ee       0x61 ./Src/main.o
 .debug_macro   0x0000114f       0x2a ./Src/main.o
 .debug_macro   0x00001179       0x43 ./Src/main.o
 .debug_macro   0x000011bc       0x34 ./Src/main.o
 .debug_macro   0x000011f0       0x16 ./Src/main.o
 .debug_macro   0x00001206       0x9e ./Src/main.o
 .debug_macro   0x000012a4      0x369 ./Src/main.o
 .debug_macro   0x0000160d      0x10b ./Src/main.o
 .debug_macro   0x00001718       0x10 ./Src/main.o
 .debug_macro   0x00001728       0x16 ./Src/main.o
 .debug_macro   0x0000173e       0x43 ./Src/main.o
 .debug_macro   0x00001781       0x34 ./Src/main.o
 .debug_macro   0x000017b5       0x10 ./Src/main.o
 .debug_macro   0x000017c5       0x58 ./Src/main.o
 .debug_macro   0x0000181d       0x8e ./Src/main.o
 .debug_macro   0x000018ab       0x1c ./Src/main.o
 .debug_macro   0x000018c7      0x177 ./Src/main.o
 .debug_macro   0x00001a3e       0x16 ./Src/main.o
 .debug_macro   0x00001a54       0x16 ./Src/main.o
 .debug_macro   0x00001a6a      0x146 ./Src/main.o
 .debug_macro   0x00001bb0       0x6b ./Src/main.o
 .debug_macro   0x00001c1b       0x3b ./Src/main.o
 .debug_macro   0x00001c56       0x34 ./Src/main.o
 .debug_macro   0x00001c8a       0x26 ./Src/main.o
 .debug_macro   0x00001cb0      0xe43 ./Src/main.o
 .debug_macro   0x00002af3     0x8018 ./Src/main.o
 .debug_macro   0x0000ab0b      0x644 ./Src/main.o
 .debug_macro   0x0000b14f      0x2f4 ./Src/main.o
 .debug_macro   0x0000b443      0x741 ./Src/main.o
 .debug_macro   0x0000bb84       0x22 ./Src/main.o
 .debug_macro   0x0000bba6       0xce E:\Library_Embedded\SDK_1.0.3_NUCLEO-F401RE Old\SDK_1.0.3_NUCLEO-F401RE\lib_stm\libLibraries.a(system_stm32f4xx.o)
 .debug_macro   0x0000bc74      0xa66 E:\Library_Embedded\SDK_1.0.3_NUCLEO-F401RE Old\SDK_1.0.3_NUCLEO-F401RE\lib_stm\libLibraries.a(system_stm32f4xx.o)
 .debug_macro   0x0000c6da       0x22 E:\Library_Embedded\SDK_1.0.3_NUCLEO-F401RE Old\SDK_1.0.3_NUCLEO-F401RE\lib_stm\libLibraries.a(system_stm32f4xx.o)
 .debug_macro   0x0000c6fc       0x8e E:\Library_Embedded\SDK_1.0.3_NUCLEO-F401RE Old\SDK_1.0.3_NUCLEO-F401RE\lib_stm\libLibraries.a(system_stm32f4xx.o)
 .debug_macro   0x0000c78a       0xef E:\Library_Embedded\SDK_1.0.3_NUCLEO-F401RE Old\SDK_1.0.3_NUCLEO-F401RE\lib_stm\libLibraries.a(system_stm32f4xx.o)
 .debug_macro   0x0000c879       0xc3 E:\Library_Embedded\SDK_1.0.3_NUCLEO-F401RE Old\SDK_1.0.3_NUCLEO-F401RE\lib_stm\libLibraries.a(stm32f401re_gpio.o)
 .debug_macro   0x0000c93c      0x2ee E:\Library_Embedded\SDK_1.0.3_NUCLEO-F401RE Old\SDK_1.0.3_NUCLEO-F401RE\lib_stm\libLibraries.a(stm32f401re_gpio.o)
 .debug_macro   0x0000cc2a      0x64a E:\Library_Embedded\SDK_1.0.3_NUCLEO-F401RE Old\SDK_1.0.3_NUCLEO-F401RE\lib_stm\libLibraries.a(stm32f401re_gpio.o)
 .debug_macro   0x0000d274      0x18d E:\Library_Embedded\SDK_1.0.3_NUCLEO-F401RE Old\SDK_1.0.3_NUCLEO-F401RE\lib_stm\libLibraries.a(stm32f401re_rcc.o)
 .debug_macro   0x0000d401       0xe4 E:\Library_Embedded\SDK_1.0.3_NUCLEO-F401RE Old\SDK_1.0.3_NUCLEO-F401RE\lib_stm\libLibraries.a(stm32f401re_tim.o)
 .debug_macro   0x0000d4e5      0x73b E:\Library_Embedded\SDK_1.0.3_NUCLEO-F401RE Old\SDK_1.0.3_NUCLEO-F401RE\lib_stm\libLibraries.a(stm32f401re_tim.o)

.debug_line     0x00000000     0x2a57
 .debug_line    0x00000000      0x8dd ./Src/main.o
 .debug_line    0x000008dd       0x7b ./Startup/startup_stm32f401retx.o
 .debug_line    0x00000958      0x4a0 E:\Library_Embedded\SDK_1.0.3_NUCLEO-F401RE Old\SDK_1.0.3_NUCLEO-F401RE\lib_stm\libLibraries.a(system_stm32f4xx.o)
 .debug_line    0x00000df8      0x65e E:\Library_Embedded\SDK_1.0.3_NUCLEO-F401RE Old\SDK_1.0.3_NUCLEO-F401RE\lib_stm\libLibraries.a(stm32f401re_gpio.o)
 .debug_line    0x00001456      0x8d2 E:\Library_Embedded\SDK_1.0.3_NUCLEO-F401RE Old\SDK_1.0.3_NUCLEO-F401RE\lib_stm\libLibraries.a(stm32f401re_rcc.o)
 .debug_line    0x00001d28      0xd2f E:\Library_Embedded\SDK_1.0.3_NUCLEO-F401RE Old\SDK_1.0.3_NUCLEO-F401RE\lib_stm\libLibraries.a(stm32f401re_tim.o)

.debug_str      0x00000000    0x4469e
 .debug_str     0x00000000    0x427be ./Src/main.o
                              0x42a15 (size before relaxing)
 .debug_str     0x000427be       0x3f ./Startup/startup_stm32f401retx.o
                                 0x7f (size before relaxing)
 .debug_str     0x000427fd      0x694 E:\Library_Embedded\SDK_1.0.3_NUCLEO-F401RE Old\SDK_1.0.3_NUCLEO-F401RE\lib_stm\libLibraries.a(system_stm32f4xx.o)
                              0x3583e (size before relaxing)
 .debug_str     0x00042e91      0x160 E:\Library_Embedded\SDK_1.0.3_NUCLEO-F401RE Old\SDK_1.0.3_NUCLEO-F401RE\lib_stm\libLibraries.a(stm32f401re_gpio.o)
                              0x3a690 (size before relaxing)
 .debug_str     0x00042ff1      0xba2 E:\Library_Embedded\SDK_1.0.3_NUCLEO-F401RE Old\SDK_1.0.3_NUCLEO-F401RE\lib_stm\libLibraries.a(stm32f401re_rcc.o)
                              0x39aa1 (size before relaxing)
 .debug_str     0x00043b93      0xb0b E:\Library_Embedded\SDK_1.0.3_NUCLEO-F401RE Old\SDK_1.0.3_NUCLEO-F401RE\lib_stm\libLibraries.a(stm32f401re_tim.o)
                              0x3a911 (size before relaxing)

.comment        0x00000000       0xbe
 .comment       0x00000000       0x43 ./Src/main.o
                                 0x44 (size before relaxing)
 .comment       0x00000043       0x7b E:\Library_Embedded\SDK_1.0.3_NUCLEO-F401RE Old\SDK_1.0.3_NUCLEO-F401RE\lib_stm\libLibraries.a(system_stm32f4xx.o)
                                 0x7c (size before relaxing)
 .comment       0x000000be       0x7c E:\Library_Embedded\SDK_1.0.3_NUCLEO-F401RE Old\SDK_1.0.3_NUCLEO-F401RE\lib_stm\libLibraries.a(stm32f401re_gpio.o)
 .comment       0x000000be       0x7c E:\Library_Embedded\SDK_1.0.3_NUCLEO-F401RE Old\SDK_1.0.3_NUCLEO-F401RE\lib_stm\libLibraries.a(stm32f401re_rcc.o)
 .comment       0x000000be       0x7c E:\Library_Embedded\SDK_1.0.3_NUCLEO-F401RE Old\SDK_1.0.3_NUCLEO-F401RE\lib_stm\libLibraries.a(stm32f401re_tim.o)

.debug_frame    0x00000000     0x19ac
 .debug_frame   0x00000000      0x104 ./Src/main.o
 .debug_frame   0x00000104       0x74 E:\Library_Embedded\SDK_1.0.3_NUCLEO-F401RE Old\SDK_1.0.3_NUCLEO-F401RE\lib_stm\libLibraries.a(system_stm32f4xx.o)
 .debug_frame   0x00000178      0x23c E:\Library_Embedded\SDK_1.0.3_NUCLEO-F401RE Old\SDK_1.0.3_NUCLEO-F401RE\lib_stm\libLibraries.a(stm32f401re_gpio.o)
 .debug_frame   0x000003b4      0x774 E:\Library_Embedded\SDK_1.0.3_NUCLEO-F401RE Old\SDK_1.0.3_NUCLEO-F401RE\lib_stm\libLibraries.a(stm32f401re_rcc.o)
 .debug_frame   0x00000b28      0xe58 E:\Library_Embedded\SDK_1.0.3_NUCLEO-F401RE Old\SDK_1.0.3_NUCLEO-F401RE\lib_stm\libLibraries.a(stm32f401re_tim.o)
 .debug_frame   0x00001980       0x2c E:/Embedded-C/STM32CubeIDE_1.17.0/STM32CubeIDE/plugins/com.st.stm32cube.ide.mcu.externaltools.gnu-tools-for-stm32.12.3.rel1.win32_1.1.0.202410251130/tools/bin/../lib/gcc/arm-none-eabi/12.3.1/../../../../arm-none-eabi/lib/thumb/v7e-m+fp/hard\libc_nano.a(libc_a-init.o)

.debug_line_str
                0x00000000       0x63
 .debug_line_str
                0x00000000       0x63 ./Startup/startup_stm32f401retx.o

.debug_ranges   0x00000000      0x508
 .debug_ranges  0x00000000       0x20 E:\Library_Embedded\SDK_1.0.3_NUCLEO-F401RE Old\SDK_1.0.3_NUCLEO-F401RE\lib_stm\libLibraries.a(system_stm32f4xx.o)
 .debug_ranges  0x00000020       0x78 E:\Library_Embedded\SDK_1.0.3_NUCLEO-F401RE Old\SDK_1.0.3_NUCLEO-F401RE\lib_stm\libLibraries.a(stm32f401re_gpio.o)
 .debug_ranges  0x00000098      0x188 E:\Library_Embedded\SDK_1.0.3_NUCLEO-F401RE Old\SDK_1.0.3_NUCLEO-F401RE\lib_stm\libLibraries.a(stm32f401re_rcc.o)
 .debug_ranges  0x00000220      0x2e8 E:\Library_Embedded\SDK_1.0.3_NUCLEO-F401RE Old\SDK_1.0.3_NUCLEO-F401RE\lib_stm\libLibraries.a(stm32f401re_tim.o)
