Archive member included to satisfy reference by file (symbol)

C:\Users\vinhv\Downloads\SDK_1.0.3_NUCLEO-F401RE (4)\SDK_1.0.3_NUCLEO-F401RE\lib_stm\libLibraries.a(led.o)
                              ./Src/main.o (LedControl_Init)
C:\Users\vinhv\Downloads\SDK_1.0.3_NUCLEO-F401RE (4)\SDK_1.0.3_NUCLEO-F401RE\lib_stm\libLibraries.a(timer.o)
                              C:\Users\vinhv\Downloads\SDK_1.0.3_NUCLEO-F401RE (4)\SDK_1.0.3_NUCLEO-F401RE\lib_stm\libLibraries.a(led.o) (TimerStart)
C:\Users\vinhv\Downloads\SDK_1.0.3_NUCLEO-F401RE (4)\SDK_1.0.3_NUCLEO-F401RE\lib_stm\libLibraries.a(serial.o)
                              C:\Users\vinhv\Downloads\SDK_1.0.3_NUCLEO-F401RE (4)\SDK_1.0.3_NUCLEO-F401RE\lib_stm\libLibraries.a(led.o) (Serial_SendPacket)
C:\Users\vinhv\Downloads\SDK_1.0.3_NUCLEO-F401RE (4)\SDK_1.0.3_NUCLEO-F401RE\lib_stm\libLibraries.a(buff.o)
                              C:\Users\vinhv\Downloads\SDK_1.0.3_NUCLEO-F401RE (4)\SDK_1.0.3_NUCLEO-F401RE\lib_stm\libLibraries.a(serial.o) (bufInit)
C:\Users\vinhv\Downloads\SDK_1.0.3_NUCLEO-F401RE (4)\SDK_1.0.3_NUCLEO-F401RE\lib_stm\libLibraries.a(utilities.o)
                              C:\Users\vinhv\Downloads\SDK_1.0.3_NUCLEO-F401RE (4)\SDK_1.0.3_NUCLEO-F401RE\lib_stm\libLibraries.a(timer.o) (memsetl)
C:\Users\vinhv\Downloads\SDK_1.0.3_NUCLEO-F401RE (4)\SDK_1.0.3_NUCLEO-F401RE\lib_stm\libLibraries.a(system_stm32f4xx.o)
                              C:\Users\vinhv\Downloads\SDK_1.0.3_NUCLEO-F401RE (4)\SDK_1.0.3_NUCLEO-F401RE\lib_stm\libLibraries.a(led.o) (SystemCoreClock)
C:\Users\vinhv\Downloads\SDK_1.0.3_NUCLEO-F401RE (4)\SDK_1.0.3_NUCLEO-F401RE\lib_stm\libLibraries.a(misc.o)
                              C:\Users\vinhv\Downloads\SDK_1.0.3_NUCLEO-F401RE (4)\SDK_1.0.3_NUCLEO-F401RE\lib_stm\libLibraries.a(serial.o) (NVIC_PriorityGroupConfig)
C:\Users\vinhv\Downloads\SDK_1.0.3_NUCLEO-F401RE (4)\SDK_1.0.3_NUCLEO-F401RE\lib_stm\libLibraries.a(stm32f401re_gpio.o)
                              C:\Users\vinhv\Downloads\SDK_1.0.3_NUCLEO-F401RE (4)\SDK_1.0.3_NUCLEO-F401RE\lib_stm\libLibraries.a(led.o) (GPIO_Init)
C:\Users\vinhv\Downloads\SDK_1.0.3_NUCLEO-F401RE (4)\SDK_1.0.3_NUCLEO-F401RE\lib_stm\libLibraries.a(stm32f401re_rcc.o)
                              C:\Users\vinhv\Downloads\SDK_1.0.3_NUCLEO-F401RE (4)\SDK_1.0.3_NUCLEO-F401RE\lib_stm\libLibraries.a(timer.o) (RCC_GetClocksFreq)
C:\Users\vinhv\Downloads\SDK_1.0.3_NUCLEO-F401RE (4)\SDK_1.0.3_NUCLEO-F401RE\lib_stm\libLibraries.a(stm32f401re_tim.o)
                              C:\Users\vinhv\Downloads\SDK_1.0.3_NUCLEO-F401RE (4)\SDK_1.0.3_NUCLEO-F401RE\lib_stm\libLibraries.a(led.o) (TIM_TimeBaseInit)
C:\Users\vinhv\Downloads\SDK_1.0.3_NUCLEO-F401RE (4)\SDK_1.0.3_NUCLEO-F401RE\lib_stm\libLibraries.a(stm32f401re_usart.o)
                              C:\Users\vinhv\Downloads\SDK_1.0.3_NUCLEO-F401RE (4)\SDK_1.0.3_NUCLEO-F401RE\lib_stm\libLibraries.a(serial.o) (USART_Init)
C:/ST/STM32CubeIDE_1.15.1/STM32CubeIDE/plugins/com.st.stm32cube.ide.mcu.externaltools.gnu-tools-for-stm32.12.3.rel1.win32_1.0.100.202403111256/tools/bin/../lib/gcc/arm-none-eabi/12.3.1/../../../../arm-none-eabi/lib/thumb/v7e-m+fp/hard\libc_nano.a(libc_a-exit.o)
                              C:/ST/STM32CubeIDE_1.15.1/STM32CubeIDE/plugins/com.st.stm32cube.ide.mcu.externaltools.gnu-tools-for-stm32.12.3.rel1.win32_1.0.100.202403111256/tools/bin/../lib/gcc/arm-none-eabi/12.3.1/../../../../arm-none-eabi/lib/thumb/v7e-m+fp/hard/crt0.o (exit)
C:/ST/STM32CubeIDE_1.15.1/STM32CubeIDE/plugins/com.st.stm32cube.ide.mcu.externaltools.gnu-tools-for-stm32.12.3.rel1.win32_1.0.100.202403111256/tools/bin/../lib/gcc/arm-none-eabi/12.3.1/../../../../arm-none-eabi/lib/thumb/v7e-m+fp/hard\libc_nano.a(libc_a-findfp.o)
                              C:/ST/STM32CubeIDE_1.15.1/STM32CubeIDE/plugins/com.st.stm32cube.ide.mcu.externaltools.gnu-tools-for-stm32.12.3.rel1.win32_1.0.100.202403111256/tools/bin/../lib/gcc/arm-none-eabi/12.3.1/../../../../arm-none-eabi/lib/thumb/v7e-m+fp/hard\libc_nano.a(libc_a-exit.o) (__stdio_exit_handler)
C:/ST/STM32CubeIDE_1.15.1/STM32CubeIDE/plugins/com.st.stm32cube.ide.mcu.externaltools.gnu-tools-for-stm32.12.3.rel1.win32_1.0.100.202403111256/tools/bin/../lib/gcc/arm-none-eabi/12.3.1/../../../../arm-none-eabi/lib/thumb/v7e-m+fp/hard\libc_nano.a(libc_a-fwalk.o)
                              C:/ST/STM32CubeIDE_1.15.1/STM32CubeIDE/plugins/com.st.stm32cube.ide.mcu.externaltools.gnu-tools-for-stm32.12.3.rel1.win32_1.0.100.202403111256/tools/bin/../lib/gcc/arm-none-eabi/12.3.1/../../../../arm-none-eabi/lib/thumb/v7e-m+fp/hard\libc_nano.a(libc_a-findfp.o) (_fwalk_sglue)
C:/ST/STM32CubeIDE_1.15.1/STM32CubeIDE/plugins/com.st.stm32cube.ide.mcu.externaltools.gnu-tools-for-stm32.12.3.rel1.win32_1.0.100.202403111256/tools/bin/../lib/gcc/arm-none-eabi/12.3.1/../../../../arm-none-eabi/lib/thumb/v7e-m+fp/hard\libc_nano.a(libc_a-stdio.o)
[...]
Memory Configuration

Name             Origin             Length             Attributes
RAM              0x20000000         0x00018000         xrw
FLASH            0x08000000         0x00080000         xr
*default*        0x00000000         0xffffffff

Linker script and memory map

LOAD C:/ST/STM32CubeIDE_1.15.1/STM32CubeIDE/plugins/com.st.stm32cube.ide.mcu.externaltools.gnu-tools-for-stm32.12.3.rel1.win32_1.0.100.202403111256/tools/bin/../lib/gcc/arm-none-eabi/12.3.1/thumb/v7e-m+fp/hard/crti.o
LOAD C:/ST/STM32CubeIDE_1.15.1/STM32CubeIDE/plugins/com.st.stm32cube.ide.mcu.externaltools.gnu-tools-for-stm32.12.3.rel1.win32_1.0.100.202403111256/tools/bin/../lib/gcc/arm-none-eabi/12.3.1/thumb/v7e-m+fp/hard/crtbegin.o
LOAD C:/ST/STM32CubeIDE_1.15.1/STM32CubeIDE/plugins/com.st.stm32cube.ide.mcu.externaltools.gnu-tools-for-stm32.12.3.rel1.win32_1.0.100.202403111256/tools/bin/../lib/gcc/arm-none-eabi/12.3.1/../../../../arm-none-eabi/lib/thumb/v7e-m+fp/hard/crt0.o
LOAD ./Src/main.o
LOAD ./Src/syscalls.o
LOAD ./Src/sysmem.o
LOAD ./Startup/startup_stm32f401retx.o
LOAD C:\Users\vinhv\Downloads\SDK_1.0.3_NUCLEO-F401RE (4)\SDK_1.0.3_NUCLEO-F401RE\lib_stm\libLibraries.a
START GROUP
LOAD C:/ST/STM32CubeIDE_1.15.1/STM32CubeIDE/plugins/com.st.stm32cube.ide.mcu.externaltools.gnu-tools-for-stm32.12.3.rel1.win32_1.0.100.202403111256/tools/bin/../lib/gcc/arm-none-eabi/12.3.1/../../../../arm-none-eabi/lib/thumb/v7e-m+fp/hard\libc_nano.a
LOAD C:/ST/STM32CubeIDE_1.15.1/STM32CubeIDE/plugins/com.st.stm32cube.ide.mcu.externaltools.gnu-tools-for-stm32.12.3.rel1.win32_1.0.100.202403111256/tools/bin/../lib/gcc/arm-none-eabi/12.3.1/../../../../arm-none-eabi/lib/thumb/v7e-m+fp/hard\libm.a
END GROUP
START GROUP
LOAD C:/ST/STM32CubeIDE_1.15.1/STM32CubeIDE/plugins/com.st.stm32cube.ide.mcu.externaltools.gnu-tools-for-stm32.12.3.rel1.win32_1.0.100.202403111256/tools/bin/../lib/gcc/arm-none-eabi/12.3.1/thumb/v7e-m+fp/hard\libgcc.a
LOAD C:/ST/STM32CubeIDE_1.15.1/STM32CubeIDE/plugins/com.st.stm32cube.ide.mcu.externaltools.gnu-tools-for-stm32.12.3.rel1.win32_1.0.100.202403111256/tools/bin/../lib/gcc/arm-none-eabi/12.3.1/../../../../arm-none-eabi/lib/thumb/v7e-m+fp/hard\libc_nano.a
END GROUP
START GROUP
LOAD C:/ST/STM32CubeIDE_1.15.1/STM32CubeIDE/plugins/com.st.stm32cube.ide.mcu.externaltools.gnu-tools-for-stm32.12.3.rel1.win32_1.0.100.202403111256/tools/bin/../lib/gcc/arm-none-eabi/12.3.1/thumb/v7e-m+fp/hard\libgcc.a
LOAD C:/ST/STM32CubeIDE_1.15.1/STM32CubeIDE/plugins/com.st.stm32cube.ide.mcu.externaltools.gnu-tools-for-stm32.12.3.rel1.win32_1.0.100.202403111256/tools/bin/../lib/gcc/arm-none-eabi/12.3.1/../../../../arm-none-eabi/lib/thumb/v7e-m+fp/hard\libc_nano.a
LOAD C:/ST/STM32CubeIDE_1.15.1/STM32CubeIDE/plugins/com.st.stm32cube.ide.mcu.externaltools.gnu-tools-for-stm32.12.3.rel1.win32_1.0.100.202403111256/tools/bin/../lib/gcc/arm-none-eabi/12.3.1/../../../../arm-none-eabi/lib/thumb/v7e-m+fp/hard\libnosys.a
END GROUP
START GROUP
LOAD C:/ST/STM32CubeIDE_1.15.1/STM32CubeIDE/plugins/com.st.stm32cube.ide.mcu.externaltools.gnu-tools-for-stm32.12.3.rel1.win32_1.0.100.202403111256/tools/bin/../lib/gcc/arm-none-eabi/12.3.1/thumb/v7e-m+fp/hard\libgcc.a
LOAD C:/ST/STM32CubeIDE_1.15.1/STM32CubeIDE/plugins/com.st.stm32cube.ide.mcu.externaltools.gnu-tools-for-stm32.12.3.rel1.win32_1.0.100.202403111256/tools/bin/../lib/gcc/arm-none-eabi/12.3.1/../../../../arm-none-eabi/lib/thumb/v7e-m+fp/hard\libc_nano.a
LOAD C:/ST/STM32CubeIDE_1.15.1/STM32CubeIDE/plugins/com.st.stm32cube.ide.mcu.externaltools.gnu-tools-for-stm32.12.3.rel1.win32_1.0.100.202403111256/tools/bin/../lib/gcc/arm-none-eabi/12.3.1/../../../../arm-none-eabi/lib/thumb/v7e-m+fp/hard\libnosys.a
END GROUP
LOAD C:/ST/STM32CubeIDE_1.15.1/STM32CubeIDE/plugins/com.st.stm32cube.ide.mcu.externaltools.gnu-tools-for-stm32.12.3.rel1.win32_1.0.100.202403111256/tools/bin/../lib/gcc/arm-none-eabi/12.3.1/thumb/v7e-m+fp/hard/crtend.o
LOAD C:/ST/STM32CubeIDE_1.15.1/STM32CubeIDE/plugins/com.st.stm32cube.ide.mcu.externaltools.gnu-tools-for-stm32.12.3.rel1.win32_1.0.100.202403111256/tools/bin/../lib/gcc/arm-none-eabi/12.3.1/thumb/v7e-m+fp/hard/crtn.o
                0x20018000                        _estack = (ORIGIN (RAM) + LENGTH (RAM))
                0x00000200                        _Min_Heap_Size = 0x200
                0x00000400                        _Min_Stack_Size = 0x400

.isr_vector     0x08000000      0x194
                0x08000000                        . = ALIGN (0x4)
 *(.isr_vector)
 .isr_vector    0x08000000      0x194 ./Startup/startup_stm32f401retx.o
                0x08000000                g_pfnVectors
                0x08000194                        . = ALIGN (0x4)

.text           0x08000194     0x10f8
                0x08000194                        . = ALIGN (0x4)
 *(.text)
 .text          0x08000194       0x40 C:/ST/STM32CubeIDE_1.15.1/STM32CubeIDE/plugins/com.st.stm32cube.ide.mcu.externaltools.gnu-tools-for-stm32.12.3.rel1.win32_1.0.100.202403111256/tools/bin/../lib/gcc/arm-none-eabi/12.3.1/thumb/v7e-m+fp/hard/crtbegin.o
 *(.text*)
 .text.main     0x080001d4       0x68 ./Src/main.o
                0x080001d4                main
 .text.delay_ms
                0x0800023c       0x40 ./Src/main.o
                0x0800023c                delay_ms
 .text.Reset_Handler
                0x0800027c       0x50 ./Startup/startup_stm32f401retx.o
                0x0800027c                Reset_Handler
 .text.Default_Handler
                0x080002cc        0x2 ./Startup/startup_stm32f401retx.o
                0x080002cc                EXTI2_IRQHandler
                0x080002cc                DebugMon_Handler
                0x080002cc                SPI4_IRQHandler
                0x080002cc                TIM1_CC_IRQHandler
                0x080002cc                DMA2_Stream5_IRQHandler
                0x080002cc                HardFault_Handler
                0x080002cc                DMA1_Stream5_IRQHandler
                0x080002cc                SDIO_IRQHandler
                0x080002cc                TAMP_STAMP_IRQHandler
                0x080002cc                PendSV_Handler
                0x080002cc                NMI_Handler
                0x080002cc                EXTI3_IRQHandler
                0x080002cc                TIM1_UP_TIM10_IRQHandler
                0x080002cc                I2C3_ER_IRQHandler
                0x080002cc                EXTI18_OTG_FS_WKUP_IRQHandler
                0x080002cc                EXTI0_IRQHandler
                0x080002cc                I2C2_EV_IRQHandler
                0x080002cc                DMA1_Stream2_IRQHandler
                0x080002cc                UsageFault_Handler
                0x080002cc                DMA2_Stream2_IRQHandler
                0x080002cc                SPI1_IRQHandler
                0x080002cc                TIM1_BRK_TIM9_IRQHandler
                0x080002cc                DMA2_Stream3_IRQHandler
                0x080002cc                USART6_IRQHandler
                0x080002cc                DMA2_Stream0_IRQHandler
                0x080002cc                TIM4_IRQHandler
                0x080002cc                I2C1_EV_IRQHandler
                0x080002cc                DMA1_Stream6_IRQHandler
                0x080002cc                DMA1_Stream1_IRQHandler
                0x080002cc                TIM3_IRQHandler
                0x080002cc                RCC_IRQHandler
                0x080002cc                Default_Handler
                0x080002cc                EXTI15_10_IRQHandler
                0x080002cc                ADC_IRQHandler
                0x080002cc                DMA1_Stream7_IRQHandler
                0x080002cc                TIM5_IRQHandler
                0x080002cc                DMA2_Stream7_IRQHandler
                0x080002cc                I2C3_EV_IRQHandler
                0x080002cc                EXTI9_5_IRQHandler
                0x080002cc                SPI2_IRQHandler
                0x080002cc                MemManage_Handler
                0x080002cc                DMA1_Stream0_IRQHandler
                0x080002cc                SVC_Handler
                0x080002cc                EXTI4_IRQHandler
                0x080002cc                EXTI22_RTC_WKUP_IRQHandler
                0x080002cc                TIM2_IRQHandler
                0x080002cc                EXTI16_PVD_IRQHandler
                0x080002cc                TIM1_TRG_COM_TIM11_IRQHandler
                0x080002cc                EXTI1_IRQHandler
                0x080002cc                EXTI17_RTC_Alarm_IRQHandler
                0x080002cc                I2C2_ER_IRQHandler
                0x080002cc                DMA2_Stream1_IRQHandler
                0x080002cc                FLASH_IRQHandler
                0x080002cc                DMA2_Stream4_IRQHandler
                0x080002cc                BusFault_Handler
                0x080002cc                USART1_IRQHandler
                0x080002cc                OTG_FS_IRQHandler
                0x080002cc                SPI3_IRQHandler
                0x080002cc                DMA1_Stream4_IRQHandler
                0x080002cc                I2C1_ER_IRQHandler
                0x080002cc                DMA2_Stream6_IRQHandler
                0x080002cc                DMA1_Stream3_IRQHandler
 .text.LedControl_Init
                0x080002ce       0x10 C:\Users\vinhv\Downloads\SDK_1.0.3_NUCLEO-F401RE (4)\SDK_1.0.3_NUCLEO-F401RE\lib_stm\libLibraries.a(led.o)
                0x080002ce                LedControl_Init
 *fill*         0x080002de        0x2 
 .text.LedControl_SetColorIndividual
                0x080002e0       0xf8 C:\Users\vinhv\Downloads\SDK_1.0.3_NUCLEO-F401RE (4)\SDK_1.0.3_NUCLEO-F401RE\lib_stm\libLibraries.a(led.o)
                0x080002e0                LedControl_SetColorIndividual
 .text.LedControl_SetColorGeneral
                0x080003d8      0x128 C:\Users\vinhv\Downloads\SDK_1.0.3_NUCLEO-F401RE (4)\SDK_1.0.3_NUCLEO-F401RE\lib_stm\libLibraries.a(led.o)
                0x080003d8                LedControl_SetColorGeneral
 .text.LEDGPIO_Config
                0x08000500       0x94 C:\Users\vinhv\Downloads\SDK_1.0.3_NUCLEO-F401RE (4)\SDK_1.0.3_NUCLEO-F401RE\lib_stm\libLibraries.a(led.o)
 .text.LEDTIM_Config
                0x08000594       0xec C:\Users\vinhv\Downloads\SDK_1.0.3_NUCLEO-F401RE (4)\SDK_1.0.3_NUCLEO-F401RE\lib_stm\libLibraries.a(led.o)
 .text.SysTick_Handler
                0x08000680       0x1c C:\Users\vinhv\Downloads\SDK_1.0.3_NUCLEO-F401RE (4)\SDK_1.0.3_NUCLEO-F401RE\lib_stm\libLibraries.a(timer.o)
                0x08000680                SysTick_Handler
 .text.USART2_IRQHandler
                0x0800069c       0x50 C:\Users\vinhv\Downloads\SDK_1.0.3_NUCLEO-F401RE (4)\SDK_1.0.3_NUCLEO-F401RE\lib_stm\libLibraries.a(serial.o)
                0x0800069c                USART2_IRQHandler
 .text.bufIsFull
                0x080006ec       0x26 C:\Users\vinhv\Downloads\SDK_1.0.3_NUCLEO-F401RE (4)\SDK_1.0.3_NUCLEO-F401RE\lib_stm\libLibraries.a(buff.o)
                0x080006ec                bufIsFull
 .text.bufEnDat
                0x08000712       0x9c C:\Users\vinhv\Downloads\SDK_1.0.3_NUCLEO-F401RE (4)\SDK_1.0.3_NUCLEO-F401RE\lib_stm\libLibraries.a(buff.o)
                0x08000712                bufEnDat
 *fill*         0x080007ae        0x2 
 .text.SystemInit
                0x080007b0       0x6c C:\Users\vinhv\Downloads\SDK_1.0.3_NUCLEO-F401RE (4)\SDK_1.0.3_NUCLEO-F401RE\lib_stm\libLibraries.a(system_stm32f4xx.o)
                0x080007b0                SystemInit
 .text.SetSysClock
                0x0800081c       0xa0 C:\Users\vinhv\Downloads\SDK_1.0.3_NUCLEO-F401RE (4)\SDK_1.0.3_NUCLEO-F401RE\lib_stm\libLibraries.a(system_stm32f4xx.o)
 .text.GPIO_Init
                0x080008bc      0x11c C:\Users\vinhv\Downloads\SDK_1.0.3_NUCLEO-F401RE (4)\SDK_1.0.3_NUCLEO-F401RE\lib_stm\libLibraries.a(stm32f401re_gpio.o)
                0x080008bc                GPIO_Init
 .text.GPIO_SetBits
                0x080009d8       0x1e C:\Users\vinhv\Downloads\SDK_1.0.3_NUCLEO-F401RE (4)\SDK_1.0.3_NUCLEO-F401RE\lib_stm\libLibraries.a(stm32f401re_gpio.o)
                0x080009d8                GPIO_SetBits
 .text.GPIO_ResetBits
                0x080009f6       0x1e C:\Users\vinhv\Downloads\SDK_1.0.3_NUCLEO-F401RE (4)\SDK_1.0.3_NUCLEO-F401RE\lib_stm\libLibraries.a(stm32f401re_gpio.o)
                0x080009f6                GPIO_ResetBits
 .text.GPIO_PinAFConfig
                0x08000a14       0x92 C:\Users\vinhv\Downloads\SDK_1.0.3_NUCLEO-F401RE (4)\SDK_1.0.3_NUCLEO-F401RE\lib_stm\libLibraries.a(stm32f401re_gpio.o)
                0x08000a14                GPIO_PinAFConfig
 *fill*         0x08000aa6        0x2 
 .text.RCC_AHB1PeriphClockCmd
                0x08000aa8       0x40 C:\Users\vinhv\Downloads\SDK_1.0.3_NUCLEO-F401RE (4)\SDK_1.0.3_NUCLEO-F401RE\lib_stm\libLibraries.a(stm32f401re_rcc.o)
                0x08000aa8                RCC_AHB1PeriphClockCmd
 .text.RCC_APB1PeriphClockCmd
                0x08000ae8       0x40 C:\Users\vinhv\Downloads\SDK_1.0.3_NUCLEO-F401RE (4)\SDK_1.0.3_NUCLEO-F401RE\lib_stm\libLibraries.a(stm32f401re_rcc.o)
                0x08000ae8                RCC_APB1PeriphClockCmd
 .text.RCC_APB2PeriphClockCmd
                0x08000b28       0x40 C:\Users\vinhv\Downloads\SDK_1.0.3_NUCLEO-F401RE (4)\SDK_1.0.3_NUCLEO-F401RE\lib_stm\libLibraries.a(stm32f401re_rcc.o)
                0x08000b28                RCC_APB2PeriphClockCmd
 .text.TIM_TimeBaseInit
                0x08000b68       0xd8 C:\Users\vinhv\Downloads\SDK_1.0.3_NUCLEO-F401RE (4)\SDK_1.0.3_NUCLEO-F401RE\lib_stm\libLibraries.a(stm32f401re_tim.o)
                0x08000b68                TIM_TimeBaseInit
 .text.TIM_Cmd  0x08000c40       0x40 C:\Users\vinhv\Downloads\SDK_1.0.3_NUCLEO-F401RE (4)\SDK_1.0.3_NUCLEO-F401RE\lib_stm\libLibraries.a(stm32f401re_tim.o)
                0x08000c40                TIM_Cmd
 .text.TIM_OC1Init
                0x08000c80       0xf4 C:\Users\vinhv\Downloads\SDK_1.0.3_NUCLEO-F401RE (4)\SDK_1.0.3_NUCLEO-F401RE\lib_stm\libLibraries.a(stm32f401re_tim.o)
                0x08000c80                TIM_OC1Init
 .text.TIM_OC2Init
                0x08000d74      0x110 C:\Users\vinhv\Downloads\SDK_1.0.3_NUCLEO-F401RE (4)\SDK_1.0.3_NUCLEO-F401RE\lib_stm\libLibraries.a(stm32f401re_tim.o)
                0x08000d74                TIM_OC2Init
 .text.TIM_OC3Init
                0x08000e84      0x10c C:\Users\vinhv\Downloads\SDK_1.0.3_NUCLEO-F401RE (4)\SDK_1.0.3_NUCLEO-F401RE\lib_stm\libLibraries.a(stm32f401re_tim.o)
                0x08000e84                TIM_OC3Init
 .text.TIM_OC4Init
                0x08000f90       0xd0 C:\Users\vinhv\Downloads\SDK_1.0.3_NUCLEO-F401RE (4)\SDK_1.0.3_NUCLEO-F401RE\lib_stm\libLibraries.a(stm32f401re_tim.o)
                0x08000f90                TIM_OC4Init
 .text.TIM_SetCompare1
                0x08001060       0x1c C:\Users\vinhv\Downloads\SDK_1.0.3_NUCLEO-F401RE (4)\SDK_1.0.3_NUCLEO-F401RE\lib_stm\libLibraries.a(stm32f401re_tim.o)
                0x08001060                TIM_SetCompare1
 .text.TIM_SetCompare2
                0x0800107c       0x1c C:\Users\vinhv\Downloads\SDK_1.0.3_NUCLEO-F401RE (4)\SDK_1.0.3_NUCLEO-F401RE\lib_stm\libLibraries.a(stm32f401re_tim.o)
                0x0800107c                TIM_SetCompare2
 .text.TIM_SetCompare3
                0x08001098       0x1c C:\Users\vinhv\Downloads\SDK_1.0.3_NUCLEO-F401RE (4)\SDK_1.0.3_NUCLEO-F401RE\lib_stm\libLibraries.a(stm32f401re_tim.o)
                0x08001098                TIM_SetCompare3
 .text.TIM_SetCompare4
                0x080010b4       0x1c C:\Users\vinhv\Downloads\SDK_1.0.3_NUCLEO-F401RE (4)\SDK_1.0.3_NUCLEO-F401RE\lib_stm\libLibraries.a(stm32f401re_tim.o)
                0x080010b4                TIM_SetCompare4
 .text.TIM_CtrlPWMOutputs
                0x080010d0       0x4c C:\Users\vinhv\Downloads\SDK_1.0.3_NUCLEO-F401RE (4)\SDK_1.0.3_NUCLEO-F401RE\lib_stm\libLibraries.a(stm32f401re_tim.o)
                0x080010d0                TIM_CtrlPWMOutputs
 .text.USART_ReceiveData
                0x0800111c       0x20 C:\Users\vinhv\Downloads\SDK_1.0.3_NUCLEO-F401RE (4)\SDK_1.0.3_NUCLEO-F401RE\lib_stm\libLibraries.a(stm32f401re_usart.o)
                0x0800111c                USART_ReceiveData
 .text.USART_GetITStatus
                0x0800113c       0xb6 C:\Users\vinhv\Downloads\SDK_1.0.3_NUCLEO-F401RE (4)\SDK_1.0.3_NUCLEO-F401RE\lib_stm\libLibraries.a(stm32f401re_usart.o)
                0x0800113c                USART_GetITStatus
 .text.USART_ClearITPendingBit
                0x080011f2       0x3a C:\Users\vinhv\Downloads\SDK_1.0.3_NUCLEO-F401RE (4)\SDK_1.0.3_NUCLEO-F401RE\lib_stm\libLibraries.a(stm32f401re_usart.o)
                0x080011f2                USART_ClearITPendingBit
 .text.__libc_init_array
                0x0800122c       0x48 C:/ST/STM32CubeIDE_1.15.1/STM32CubeIDE/plugins/com.st.stm32cube.ide.mcu.externaltools.gnu-tools-for-stm32.12.3.rel1.win32_1.0.100.202403111256/tools/bin/../lib/gcc/arm-none-eabi/12.3.1/../../../../arm-none-eabi/lib/thumb/v7e-m+fp/hard\libc_nano.a(libc_a-init.o)
                0x0800122c                __libc_init_array
 *(.glue_7)
 .glue_7        0x08001274        0x0 linker stubs
 *(.glue_7t)
 .glue_7t       0x08001274        0x0 linker stubs
 *(.eh_frame)
 .eh_frame      0x08001274        0x0 C:/ST/STM32CubeIDE_1.15.1/STM32CubeIDE/plugins/com.st.stm32cube.ide.mcu.externaltools.gnu-tools-for-stm32.12.3.rel1.win32_1.0.100.202403111256/tools/bin/../lib/gcc/arm-none-eabi/12.3.1/thumb/v7e-m+fp/hard/crtbegin.o
 *(.init)
 .init          0x08001274        0x4 C:/ST/STM32CubeIDE_1.15.1/STM32CubeIDE/plugins/com.st.stm32cube.ide.mcu.externaltools.gnu-tools-for-stm32.12.3.rel1.win32_1.0.100.202403111256/tools/bin/../lib/gcc/arm-none-eabi/12.3.1/thumb/v7e-m+fp/hard/crti.o
                0x08001274                _init
 .init          0x08001278        0x8 C:/ST/STM32CubeIDE_1.15.1/STM32CubeIDE/plugins/com.st.stm32cube.ide.mcu.externaltools.gnu-tools-for-stm32.12.3.rel1.win32_1.0.100.202403111256/tools/bin/../lib/gcc/arm-none-eabi/12.3.1/thumb/v7e-m+fp/hard/crtn.o
 *(.fini)
 .fini          0x08001280        0x4 C:/ST/STM32CubeIDE_1.15.1/STM32CubeIDE/plugins/com.st.stm32cube.ide.mcu.externaltools.gnu-tools-for-stm32.12.3.rel1.win32_1.0.100.202403111256/tools/bin/../lib/gcc/arm-none-eabi/12.3.1/thumb/v7e-m+fp/hard/crti.o
                0x08001280                _fini
 .fini          0x08001284        0x8 C:/ST/STM32CubeIDE_1.15.1/STM32CubeIDE/plugins/com.st.stm32cube.ide.mcu.externaltools.gnu-tools-for-stm32.12.3.rel1.win32_1.0.100.202403111256/tools/bin/../lib/gcc/arm-none-eabi/12.3.1/thumb/v7e-m+fp/hard/crtn.o
                0x0800128c                        . = ALIGN (0x4)
                0x0800128c                        _etext = .

.vfp11_veneer   0x0800128c        0x0
 .vfp11_veneer  0x0800128c        0x0 linker stubs

.v4_bx          0x0800128c        0x0
 .v4_bx         0x0800128c        0x0 linker stubs

.iplt           0x0800128c        0x0
 .iplt          0x0800128c        0x0 C:/ST/STM32CubeIDE_1.15.1/STM32CubeIDE/plugins/com.st.stm32cube.ide.mcu.externaltools.gnu-tools-for-stm32.12.3.rel1.win32_1.0.100.202403111256/tools/bin/../lib/gcc/arm-none-eabi/12.3.1/thumb/v7e-m+fp/hard/crtbegin.o

.rodata         0x0800128c        0x0
                0x0800128c                        . = ALIGN (0x4)
 *(.rodata)
 *(.rodata*)
                0x0800128c                        . = ALIGN (0x4)

.ARM.extab      0x0800128c        0x0
                0x0800128c                        . = ALIGN (0x4)
 *(.ARM.extab* .gnu.linkonce.armextab.*)
                0x0800128c                        . = ALIGN (0x4)

.ARM            0x0800128c        0x0
                0x0800128c                        . = ALIGN (0x4)
                0x0800128c                        __exidx_start = .
 *(.ARM.exidx*)
                0x0800128c                        __exidx_end = .
                0x0800128c                        . = ALIGN (0x4)

.preinit_array  0x0800128c        0x0
                0x0800128c                        . = ALIGN (0x4)
                0x0800128c                        PROVIDE (__preinit_array_start = .)
 *(.preinit_array*)
                0x0800128c                        PROVIDE (__preinit_array_end = .)
                0x0800128c                        . = ALIGN (0x4)

.init_array     0x0800128c        0x4
                0x0800128c                        . = ALIGN (0x4)
                0x0800128c                        PROVIDE (__init_array_start = .)
 *(SORT_BY_NAME(.init_array.*))
 *(.init_array*)
 .init_array    0x0800128c        0x4 C:/ST/STM32CubeIDE_1.15.1/STM32CubeIDE/plugins/com.st.stm32cube.ide.mcu.externaltools.gnu-tools-for-stm32.12.3.rel1.win32_1.0.100.202403111256/tools/bin/../lib/gcc/arm-none-eabi/12.3.1/thumb/v7e-m+fp/hard/crtbegin.o
                0x08001290                        PROVIDE (__init_array_end = .)
                0x08001290                        . = ALIGN (0x4)

.fini_array     0x08001290        0x4
                0x08001290                        . = ALIGN (0x4)
                [!provide]                        PROVIDE (__fini_array_start = .)
 *(SORT_BY_NAME(.fini_array.*))
 *(.fini_array*)
 .fini_array    0x08001290        0x4 C:/ST/STM32CubeIDE_1.15.1/STM32CubeIDE/plugins/com.st.stm32cube.ide.mcu.externaltools.gnu-tools-for-stm32.12.3.rel1.win32_1.0.100.202403111256/tools/bin/../lib/gcc/arm-none-eabi/12.3.1/thumb/v7e-m+fp/hard/crtbegin.o
                [!provide]                        PROVIDE (__fini_array_end = .)
                0x08001294                        . = ALIGN (0x4)
                0x08001294                        _sidata = LOADADDR (.data)

.rel.dyn        0x08001294        0x0
 .rel.iplt      0x08001294        0x0 C:/ST/STM32CubeIDE_1.15.1/STM32CubeIDE/plugins/com.st.stm32cube.ide.mcu.externaltools.gnu-tools-for-stm32.12.3.rel1.win32_1.0.100.202403111256/tools/bin/../lib/gcc/arm-none-eabi/12.3.1/thumb/v7e-m+fp/hard/crtbegin.o

.data           0x20000000        0x4 load address 0x08001294
                0x20000000                        . = ALIGN (0x4)
                0x20000000                        _sdata = .
 *(.data)
 *(.data*)
 .data.SystemCoreClock
                0x20000000        0x4 C:\Users\vinhv\Downloads\SDK_1.0.3_NUCLEO-F401RE (4)\SDK_1.0.3_NUCLEO-F401RE\lib_stm\libLibraries.a(system_stm32f4xx.o)
                0x20000000                SystemCoreClock
 *(.RamFunc)
 *(.RamFunc*)
                0x20000004                        . = ALIGN (0x4)
                0x20000004                        _edata = .

.igot.plt       0x20000004        0x0 load address 0x08001298
 .igot.plt      0x20000004        0x0 C:/ST/STM32CubeIDE_1.15.1/STM32CubeIDE/plugins/com.st.stm32cube.ide.mcu.externaltools.gnu-tools-for-stm32.12.3.rel1.win32_1.0.100.202403111256/tools/bin/../lib/gcc/arm-none-eabi/12.3.1/thumb/v7e-m+fp/hard/crtbegin.o
                0x20000004                        . = ALIGN (0x4)

.bss            0x20000004       0x2c load address 0x08001298
                0x20000004                        _sbss = .
                0x20000004                        __bss_start__ = _sbss
 *(.bss)
 .bss           0x20000004       0x1c C:/ST/STM32CubeIDE_1.15.1/STM32CubeIDE/plugins/com.st.stm32cube.ide.mcu.externaltools.gnu-tools-for-stm32.12.3.rel1.win32_1.0.100.202403111256/tools/bin/../lib/gcc/arm-none-eabi/12.3.1/thumb/v7e-m+fp/hard/crtbegin.o
 *(.bss*)
 .bss.g_brightnessLed
                0x20000020        0x1 C:\Users\vinhv\Downloads\SDK_1.0.3_NUCLEO-F401RE (4)\SDK_1.0.3_NUCLEO-F401RE\lib_stm\libLibraries.a(led.o)
 *fill*         0x20000021        0x3 
 .bss.g_wMilSecTickTimer
                0x20000024        0x4 C:\Users\vinhv\Downloads\SDK_1.0.3_NUCLEO-F401RE (4)\SDK_1.0.3_NUCLEO-F401RE\lib_stm\libLibraries.a(timer.o)
 .bss.g_pUartQueueRx
                0x20000028        0x8 C:\Users\vinhv\Downloads\SDK_1.0.3_NUCLEO-F401RE (4)\SDK_1.0.3_NUCLEO-F401RE\lib_stm\libLibraries.a(serial.o)
 *(COMMON)
                0x20000030                        . = ALIGN (0x4)
                0x20000030                        _ebss = .
                0x20000030                        __bss_end__ = _ebss

._user_heap_stack
                0x20000030      0x600 load address 0x08001298
                0x20000030                        . = ALIGN (0x8)
                [!provide]                        PROVIDE (end = .)
                0x20000030                        PROVIDE (_end = .)
                0x20000230                        . = (. + _Min_Heap_Size)
 *fill*         0x20000030      0x200 
                0x20000630                        . = (. + _Min_Stack_Size)
 *fill*         0x20000230      0x400 
                0x20000630                        . = ALIGN (0x8)

/DISCARD/
 libc.a(*)
 libm.a(*)
 libgcc.a(*)

.ARM.attributes
                0x00000000       0x30
 *(.ARM.attributes)
 .ARM.attributes
                0x00000000       0x22 C:/ST/STM32CubeIDE_1.15.1/STM32CubeIDE/plugins/com.st.stm32cube.ide.mcu.externaltools.gnu-tools-for-stm32.12.3.rel1.win32_1.0.100.202403111256/tools/bin/../lib/gcc/arm-none-eabi/12.3.1/thumb/v7e-m+fp/hard/crti.o
 .ARM.attributes
                0x00000022       0x34 C:/ST/STM32CubeIDE_1.15.1/STM32CubeIDE/plugins/com.st.stm32cube.ide.mcu.externaltools.gnu-tools-for-stm32.12.3.rel1.win32_1.0.100.202403111256/tools/bin/../lib/gcc/arm-none-eabi/12.3.1/thumb/v7e-m+fp/hard/crtbegin.o
 .ARM.attributes
                0x00000056       0x34 ./Src/main.o
 .ARM.attributes
                0x0000008a       0x21 ./Startup/startup_stm32f401retx.o
 .ARM.attributes
                0x000000ab       0x39 C:\Users\vinhv\Downloads\SDK_1.0.3_NUCLEO-F401RE (4)\SDK_1.0.3_NUCLEO-F401RE\lib_stm\libLibraries.a(led.o)
 .ARM.attributes
                0x000000e4       0x39 C:\Users\vinhv\Downloads\SDK_1.0.3_NUCLEO-F401RE (4)\SDK_1.0.3_NUCLEO-F401RE\lib_stm\libLibraries.a(timer.o)
 .ARM.attributes
                0x0000011d       0x39 C:\Users\vinhv\Downloads\SDK_1.0.3_NUCLEO-F401RE (4)\SDK_1.0.3_NUCLEO-F401RE\lib_stm\libLibraries.a(serial.o)
 .ARM.attributes
                0x00000156       0x39 C:\Users\vinhv\Downloads\SDK_1.0.3_NUCLEO-F401RE (4)\SDK_1.0.3_NUCLEO-F401RE\lib_stm\libLibraries.a(buff.o)
 .ARM.attributes
                0x0000018f       0x39 C:\Users\vinhv\Downloads\SDK_1.0.3_NUCLEO-F401RE (4)\SDK_1.0.3_NUCLEO-F401RE\lib_stm\libLibraries.a(system_stm32f4xx.o)
 .ARM.attributes
                0x000001c8       0x39 C:\Users\vinhv\Downloads\SDK_1.0.3_NUCLEO-F401RE (4)\SDK_1.0.3_NUCLEO-F401RE\lib_stm\libLibraries.a(stm32f401re_gpio.o)
 .ARM.attributes
                0x00000201       0x39 C:\Users\vinhv\Downloads\SDK_1.0.3_NUCLEO-F401RE (4)\SDK_1.0.3_NUCLEO-F401RE\lib_stm\libLibraries.a(stm32f401re_rcc.o)
 .ARM.attributes
                0x0000023a       0x39 C:\Users\vinhv\Downloads\SDK_1.0.3_NUCLEO-F401RE (4)\SDK_1.0.3_NUCLEO-F401RE\lib_stm\libLibraries.a(stm32f401re_tim.o)
 .ARM.attributes
                0x00000273       0x39 C:\Users\vinhv\Downloads\SDK_1.0.3_NUCLEO-F401RE (4)\SDK_1.0.3_NUCLEO-F401RE\lib_stm\libLibraries.a(stm32f401re_usart.o)
 .ARM.attributes
                0x000002ac       0x34 C:/ST/STM32CubeIDE_1.15.1/STM32CubeIDE/plugins/com.st.stm32cube.ide.mcu.externaltools.gnu-tools-for-stm32.12.3.rel1.win32_1.0.100.202403111256/tools/bin/../lib/gcc/arm-none-eabi/12.3.1/../../../../arm-none-eabi/lib/thumb/v7e-m+fp/hard\libc_nano.a(libc_a-init.o)
 .ARM.attributes
                0x000002e0       0x22 C:/ST/STM32CubeIDE_1.15.1/STM32CubeIDE/plugins/com.st.stm32cube.ide.mcu.externaltools.gnu-tools-for-stm32.12.3.rel1.win32_1.0.100.202403111256/tools/bin/../lib/gcc/arm-none-eabi/12.3.1/thumb/v7e-m+fp/hard/crtn.o
OUTPUT(Den_Giao_Thong.elf elf32-littlearm)
LOAD linker stubs
LOAD C:/ST/STM32CubeIDE_1.15.1/STM32CubeIDE/plugins/com.st.stm32cube.ide.mcu.externaltools.gnu-tools-for-stm32.12.3.rel1.win32_1.0.100.202403111256/tools/bin/../lib/gcc/arm-none-eabi/12.3.1/../../../../arm-none-eabi/lib/thumb/v7e-m+fp/hard\libc.a
LOAD C:/ST/STM32CubeIDE_1.15.1/STM32CubeIDE/plugins/com.st.stm32cube.ide.mcu.externaltools.gnu-tools-for-stm32.12.3.rel1.win32_1.0.100.202403111256/tools/bin/../lib/gcc/arm-none-eabi/12.3.1/../../../../arm-none-eabi/lib/thumb/v7e-m+fp/hard\libm.a
LOAD C:/ST/STM32CubeIDE_1.15.1/STM32CubeIDE/plugins/com.st.stm32cube.ide.mcu.externaltools.gnu-tools-for-stm32.12.3.rel1.win32_1.0.100.202403111256/tools/bin/../lib/gcc/arm-none-eabi/12.3.1/thumb/v7e-m+fp/hard\libgcc.a

.debug_info     0x00000000     0x627e
 .debug_info    0x00000000      0x1a3 ./Src/main.o
 .debug_info    0x000001a3       0x30 ./Startup/startup_stm32f401retx.o
 .debug_info    0x000001d3      0x9b4 C:\Users\vinhv\Downloads\SDK_1.0.3_NUCLEO-F401RE (4)\SDK_1.0.3_NUCLEO-F401RE\lib_stm\libLibraries.a(led.o)
 .debug_info    0x00000b87      0x922 C:\Users\vinhv\Downloads\SDK_1.0.3_NUCLEO-F401RE (4)\SDK_1.0.3_NUCLEO-F401RE\lib_stm\libLibraries.a(timer.o)
 .debug_info    0x000014a9      0xb11 C:\Users\vinhv\Downloads\SDK_1.0.3_NUCLEO-F401RE (4)\SDK_1.0.3_NUCLEO-F401RE\lib_stm\libLibraries.a(serial.o)
 .debug_info    0x00001fba      0x339 C:\Users\vinhv\Downloads\SDK_1.0.3_NUCLEO-F401RE (4)\SDK_1.0.3_NUCLEO-F401RE\lib_stm\libLibraries.a(buff.o)
 .debug_info    0x000022f3      0x5bb C:\Users\vinhv\Downloads\SDK_1.0.3_NUCLEO-F401RE (4)\SDK_1.0.3_NUCLEO-F401RE\lib_stm\libLibraries.a(system_stm32f4xx.o)
 .debug_info    0x000028ae      0x62b C:\Users\vinhv\Downloads\SDK_1.0.3_NUCLEO-F401RE (4)\SDK_1.0.3_NUCLEO-F401RE\lib_stm\libLibraries.a(stm32f401re_gpio.o)
 .debug_info    0x00002ed9      0xd5e C:\Users\vinhv\Downloads\SDK_1.0.3_NUCLEO-F401RE (4)\SDK_1.0.3_NUCLEO-F401RE\lib_stm\libLibraries.a(stm32f401re_rcc.o)
 .debug_info    0x00003c37     0x1c73 C:\Users\vinhv\Downloads\SDK_1.0.3_NUCLEO-F401RE (4)\SDK_1.0.3_NUCLEO-F401RE\lib_stm\libLibraries.a(stm32f401re_tim.o)
 .debug_info    0x000058aa      0x9d4 C:\Users\vinhv\Downloads\SDK_1.0.3_NUCLEO-F401RE (4)\SDK_1.0.3_NUCLEO-F401RE\lib_stm\libLibraries.a(stm32f401re_usart.o)

.debug_abbrev   0x00000000     0x118c
 .debug_abbrev  0x00000000       0xed ./Src/main.o
 .debug_abbrev  0x000000ed       0x24 ./Startup/startup_stm32f401retx.o
 .debug_abbrev  0x00000111      0x20c C:\Users\vinhv\Downloads\SDK_1.0.3_NUCLEO-F401RE (4)\SDK_1.0.3_NUCLEO-F401RE\lib_stm\libLibraries.a(led.o)
 .debug_abbrev  0x0000031d      0x29a C:\Users\vinhv\Downloads\SDK_1.0.3_NUCLEO-F401RE (4)\SDK_1.0.3_NUCLEO-F401RE\lib_stm\libLibraries.a(timer.o)
 .debug_abbrev  0x000005b7      0x2ba C:\Users\vinhv\Downloads\SDK_1.0.3_NUCLEO-F401RE (4)\SDK_1.0.3_NUCLEO-F401RE\lib_stm\libLibraries.a(serial.o)
 .debug_abbrev  0x00000871      0x12a C:\Users\vinhv\Downloads\SDK_1.0.3_NUCLEO-F401RE (4)\SDK_1.0.3_NUCLEO-F401RE\lib_stm\libLibraries.a(buff.o)
 .debug_abbrev  0x0000099b      0x138 C:\Users\vinhv\Downloads\SDK_1.0.3_NUCLEO-F401RE (4)\SDK_1.0.3_NUCLEO-F401RE\lib_stm\libLibraries.a(system_stm32f4xx.o)
 .debug_abbrev  0x00000ad3      0x1bf C:\Users\vinhv\Downloads\SDK_1.0.3_NUCLEO-F401RE (4)\SDK_1.0.3_NUCLEO-F401RE\lib_stm\libLibraries.a(stm32f401re_gpio.o)
 .debug_abbrev  0x00000c92      0x1d4 C:\Users\vinhv\Downloads\SDK_1.0.3_NUCLEO-F401RE (4)\SDK_1.0.3_NUCLEO-F401RE\lib_stm\libLibraries.a(stm32f401re_rcc.o)
 .debug_abbrev  0x00000e66      0x19f C:\Users\vinhv\Downloads\SDK_1.0.3_NUCLEO-F401RE (4)\SDK_1.0.3_NUCLEO-F401RE\lib_stm\libLibraries.a(stm32f401re_tim.o)
 .debug_abbrev  0x00001005      0x187 C:\Users\vinhv\Downloads\SDK_1.0.3_NUCLEO-F401RE (4)\SDK_1.0.3_NUCLEO-F401RE\lib_stm\libLibraries.a(stm32f401re_usart.o)

.debug_aranges  0x00000000      0x850
 .debug_aranges
                0x00000000       0x28 ./Src/main.o
 .debug_aranges
                0x00000028       0x28 ./Startup/startup_stm32f401retx.o
 .debug_aranges
                0x00000050       0x78 C:\Users\vinhv\Downloads\SDK_1.0.3_NUCLEO-F401RE (4)\SDK_1.0.3_NUCLEO-F401RE\lib_stm\libLibraries.a(led.o)
 .debug_aranges
                0x000000c8       0x70 C:\Users\vinhv\Downloads\SDK_1.0.3_NUCLEO-F401RE (4)\SDK_1.0.3_NUCLEO-F401RE\lib_stm\libLibraries.a(timer.o)
 .debug_aranges
                0x00000138       0x80 C:\Users\vinhv\Downloads\SDK_1.0.3_NUCLEO-F401RE (4)\SDK_1.0.3_NUCLEO-F401RE\lib_stm\libLibraries.a(serial.o)
 .debug_aranges
                0x000001b8       0x50 C:\Users\vinhv\Downloads\SDK_1.0.3_NUCLEO-F401RE (4)\SDK_1.0.3_NUCLEO-F401RE\lib_stm\libLibraries.a(buff.o)
 .debug_aranges
                0x00000208       0x30 C:\Users\vinhv\Downloads\SDK_1.0.3_NUCLEO-F401RE (4)\SDK_1.0.3_NUCLEO-F401RE\lib_stm\libLibraries.a(system_stm32f4xx.o)
 .debug_aranges
                0x00000238       0x88 C:\Users\vinhv\Downloads\SDK_1.0.3_NUCLEO-F401RE (4)\SDK_1.0.3_NUCLEO-F401RE\lib_stm\libLibraries.a(stm32f401re_gpio.o)
 .debug_aranges
                0x000002c0      0x198 C:\Users\vinhv\Downloads\SDK_1.0.3_NUCLEO-F401RE (4)\SDK_1.0.3_NUCLEO-F401RE\lib_stm\libLibraries.a(stm32f401re_rcc.o)
 .debug_aranges
                0x00000458      0x2f8 C:\Users\vinhv\Downloads\SDK_1.0.3_NUCLEO-F401RE (4)\SDK_1.0.3_NUCLEO-F401RE\lib_stm\libLibraries.a(stm32f401re_tim.o)
 .debug_aranges
                0x00000750      0x100 C:\Users\vinhv\Downloads\SDK_1.0.3_NUCLEO-F401RE (4)\SDK_1.0.3_NUCLEO-F401RE\lib_stm\libLibraries.a(stm32f401re_usart.o)

.debug_rnglists
                0x00000000       0x32
 .debug_rnglists
                0x00000000       0x19 ./Src/main.o
 .debug_rnglists
                0x00000019       0x19 ./Startup/startup_stm32f401retx.o

.debug_macro    0x00000000     0xec73
 .debug_macro   0x00000000      0x1fe ./Src/main.o
 .debug_macro   0x000001fe      0xac0 ./Src/main.o
 .debug_macro   0x00000cbe       0x22 ./Src/main.o
 .debug_macro   0x00000ce0       0x8e ./Src/main.o
 .debug_macro   0x00000d6e       0x51 ./Src/main.o
 .debug_macro   0x00000dbf      0x103 ./Src/main.o
 .debug_macro   0x00000ec2       0x6a ./Src/main.o
 .debug_macro   0x00000f2c      0x1df ./Src/main.o
 .debug_macro   0x0000110b       0x61 ./Src/main.o
 .debug_macro   0x0000116c       0x2a ./Src/main.o
 .debug_macro   0x00001196       0x43 ./Src/main.o
 .debug_macro   0x000011d9       0x34 ./Src/main.o
 .debug_macro   0x0000120d       0x16 ./Src/main.o
 .debug_macro   0x00001223       0x9e ./Src/main.o
 .debug_macro   0x000012c1      0x369 ./Src/main.o
 .debug_macro   0x0000162a      0x10b ./Src/main.o
 .debug_macro   0x00001735       0x10 ./Src/main.o
 .debug_macro   0x00001745       0x16 ./Src/main.o
 .debug_macro   0x0000175b       0x43 ./Src/main.o
 .debug_macro   0x0000179e       0x34 ./Src/main.o
 .debug_macro   0x000017d2       0x10 ./Src/main.o
 .debug_macro   0x000017e2       0x58 ./Src/main.o
 .debug_macro   0x0000183a       0x8e ./Src/main.o
 .debug_macro   0x000018c8       0x1c ./Src/main.o
 .debug_macro   0x000018e4      0x177 ./Src/main.o
 .debug_macro   0x00001a5b       0x16 ./Src/main.o
 .debug_macro   0x00001a71       0x16 ./Src/main.o
 .debug_macro   0x00001a87      0x146 ./Src/main.o
 .debug_macro   0x00001bcd       0x88 ./Src/main.o
 .debug_macro   0x00001c55       0x16 ./Src/main.o
 .debug_macro   0x00001c6b       0x35 ./Src/main.o
 .debug_macro   0x00001ca0       0x10 ./Src/main.o
 .debug_macro   0x00001cb0       0x10 ./Src/main.o
 .debug_macro   0x00001cc0       0x10 ./Src/main.o
 .debug_macro   0x00001cd0       0x1c ./Src/main.o
 .debug_macro   0x00001cec       0x52 ./Src/main.o
 .debug_macro   0x00001d3e       0x22 ./Src/main.o
 .debug_macro   0x00001d60       0x10 ./Src/main.o
 .debug_macro   0x00001d70       0x52 ./Src/main.o
 .debug_macro   0x00001dc2       0xc1 ./Src/main.o
 .debug_macro   0x00001e83       0x1c ./Src/main.o
 .debug_macro   0x00001e9f       0x3d ./Src/main.o
 .debug_macro   0x00001edc       0x35 ./Src/main.o
 .debug_macro   0x00001f11       0xec C:\Users\vinhv\Downloads\SDK_1.0.3_NUCLEO-F401RE (4)\SDK_1.0.3_NUCLEO-F401RE\lib_stm\libLibraries.a(led.o)
 .debug_macro   0x00001ffd      0xa66 C:\Users\vinhv\Downloads\SDK_1.0.3_NUCLEO-F401RE (4)\SDK_1.0.3_NUCLEO-F401RE\lib_stm\libLibraries.a(led.o)
 .debug_macro   0x00002a63       0x22 C:\Users\vinhv\Downloads\SDK_1.0.3_NUCLEO-F401RE (4)\SDK_1.0.3_NUCLEO-F401RE\lib_stm\libLibraries.a(led.o)
 .debug_macro   0x00002a85       0x8e C:\Users\vinhv\Downloads\SDK_1.0.3_NUCLEO-F401RE (4)\SDK_1.0.3_NUCLEO-F401RE\lib_stm\libLibraries.a(led.o)
 .debug_macro   0x00002b13       0xef C:\Users\vinhv\Downloads\SDK_1.0.3_NUCLEO-F401RE (4)\SDK_1.0.3_NUCLEO-F401RE\lib_stm\libLibraries.a(led.o)
 .debug_macro   0x00002c02       0x82 C:\Users\vinhv\Downloads\SDK_1.0.3_NUCLEO-F401RE (4)\SDK_1.0.3_NUCLEO-F401RE\lib_stm\libLibraries.a(led.o)
 .debug_macro   0x00002c84       0x22 C:\Users\vinhv\Downloads\SDK_1.0.3_NUCLEO-F401RE (4)\SDK_1.0.3_NUCLEO-F401RE\lib_stm\libLibraries.a(led.o)
 .debug_macro   0x00002ca6      0x170 C:\Users\vinhv\Downloads\SDK_1.0.3_NUCLEO-F401RE (4)\SDK_1.0.3_NUCLEO-F401RE\lib_stm\libLibraries.a(led.o)
 .debug_macro   0x00002e16       0x6b C:\Users\vinhv\Downloads\SDK_1.0.3_NUCLEO-F401RE (4)\SDK_1.0.3_NUCLEO-F401RE\lib_stm\libLibraries.a(led.o)
 .debug_macro   0x00002e81       0x3b C:\Users\vinhv\Downloads\SDK_1.0.3_NUCLEO-F401RE (4)\SDK_1.0.3_NUCLEO-F401RE\lib_stm\libLibraries.a(led.o)
 .debug_macro   0x00002ebc       0x34 C:\Users\vinhv\Downloads\SDK_1.0.3_NUCLEO-F401RE (4)\SDK_1.0.3_NUCLEO-F401RE\lib_stm\libLibraries.a(led.o)
 .debug_macro   0x00002ef0       0x26 C:\Users\vinhv\Downloads\SDK_1.0.3_NUCLEO-F401RE (4)\SDK_1.0.3_NUCLEO-F401RE\lib_stm\libLibraries.a(led.o)
 .debug_macro   0x00002f16      0xe43 C:\Users\vinhv\Downloads\SDK_1.0.3_NUCLEO-F401RE (4)\SDK_1.0.3_NUCLEO-F401RE\lib_stm\libLibraries.a(led.o)
 .debug_macro   0x00003d59     0x8018 C:\Users\vinhv\Downloads\SDK_1.0.3_NUCLEO-F401RE (4)\SDK_1.0.3_NUCLEO-F401RE\lib_stm\libLibraries.a(led.o)
 .debug_macro   0x0000bd71      0x644 C:\Users\vinhv\Downloads\SDK_1.0.3_NUCLEO-F401RE (4)\SDK_1.0.3_NUCLEO-F401RE\lib_stm\libLibraries.a(led.o)
 .debug_macro   0x0000c3b5      0x2f4 C:\Users\vinhv\Downloads\SDK_1.0.3_NUCLEO-F401RE (4)\SDK_1.0.3_NUCLEO-F401RE\lib_stm\libLibraries.a(led.o)
 .debug_macro   0x0000c6a9      0x741 C:\Users\vinhv\Downloads\SDK_1.0.3_NUCLEO-F401RE (4)\SDK_1.0.3_NUCLEO-F401RE\lib_stm\libLibraries.a(led.o)
 .debug_macro   0x0000cdea       0xe3 C:\Users\vinhv\Downloads\SDK_1.0.3_NUCLEO-F401RE (4)\SDK_1.0.3_NUCLEO-F401RE\lib_stm\libLibraries.a(timer.o)
 .debug_macro   0x0000cecd       0x1c C:\Users\vinhv\Downloads\SDK_1.0.3_NUCLEO-F401RE (4)\SDK_1.0.3_NUCLEO-F401RE\lib_stm\libLibraries.a(timer.o)
 .debug_macro   0x0000cee9       0x16 C:\Users\vinhv\Downloads\SDK_1.0.3_NUCLEO-F401RE (4)\SDK_1.0.3_NUCLEO-F401RE\lib_stm\libLibraries.a(timer.o)
 .debug_macro   0x0000ceff      0x10a C:\Users\vinhv\Downloads\SDK_1.0.3_NUCLEO-F401RE (4)\SDK_1.0.3_NUCLEO-F401RE\lib_stm\libLibraries.a(serial.o)
 .debug_macro   0x0000d009      0x16a C:\Users\vinhv\Downloads\SDK_1.0.3_NUCLEO-F401RE (4)\SDK_1.0.3_NUCLEO-F401RE\lib_stm\libLibraries.a(serial.o)
 .debug_macro   0x0000d173       0x1c C:\Users\vinhv\Downloads\SDK_1.0.3_NUCLEO-F401RE (4)\SDK_1.0.3_NUCLEO-F401RE\lib_stm\libLibraries.a(serial.o)
 .debug_macro   0x0000d18f       0x7c C:\Users\vinhv\Downloads\SDK_1.0.3_NUCLEO-F401RE (4)\SDK_1.0.3_NUCLEO-F401RE\lib_stm\libLibraries.a(serial.o)
 .debug_macro   0x0000d20b      0x64a C:\Users\vinhv\Downloads\SDK_1.0.3_NUCLEO-F401RE (4)\SDK_1.0.3_NUCLEO-F401RE\lib_stm\libLibraries.a(serial.o)
 .debug_macro   0x0000d855      0x223 C:\Users\vinhv\Downloads\SDK_1.0.3_NUCLEO-F401RE (4)\SDK_1.0.3_NUCLEO-F401RE\lib_stm\libLibraries.a(serial.o)
 .debug_macro   0x0000da78       0xc2 C:\Users\vinhv\Downloads\SDK_1.0.3_NUCLEO-F401RE (4)\SDK_1.0.3_NUCLEO-F401RE\lib_stm\libLibraries.a(buff.o)
 .debug_macro   0x0000db3a       0x16 C:\Users\vinhv\Downloads\SDK_1.0.3_NUCLEO-F401RE (4)\SDK_1.0.3_NUCLEO-F401RE\lib_stm\libLibraries.a(buff.o)
 .debug_macro   0x0000db50       0xce C:\Users\vinhv\Downloads\SDK_1.0.3_NUCLEO-F401RE (4)\SDK_1.0.3_NUCLEO-F401RE\lib_stm\libLibraries.a(system_stm32f4xx.o)
 .debug_macro   0x0000dc1e       0xc3 C:\Users\vinhv\Downloads\SDK_1.0.3_NUCLEO-F401RE (4)\SDK_1.0.3_NUCLEO-F401RE\lib_stm\libLibraries.a(stm32f401re_gpio.o)
 .debug_macro   0x0000dce1      0x2ee C:\Users\vinhv\Downloads\SDK_1.0.3_NUCLEO-F401RE (4)\SDK_1.0.3_NUCLEO-F401RE\lib_stm\libLibraries.a(stm32f401re_gpio.o)
 .debug_macro   0x0000dfcf      0x18d C:\Users\vinhv\Downloads\SDK_1.0.3_NUCLEO-F401RE (4)\SDK_1.0.3_NUCLEO-F401RE\lib_stm\libLibraries.a(stm32f401re_rcc.o)
 .debug_macro   0x0000e15c       0xe4 C:\Users\vinhv\Downloads\SDK_1.0.3_NUCLEO-F401RE (4)\SDK_1.0.3_NUCLEO-F401RE\lib_stm\libLibraries.a(stm32f401re_tim.o)
 .debug_macro   0x0000e240      0x73b C:\Users\vinhv\Downloads\SDK_1.0.3_NUCLEO-F401RE (4)\SDK_1.0.3_NUCLEO-F401RE\lib_stm\libLibraries.a(stm32f401re_tim.o)
 .debug_macro   0x0000e97b       0xdb C:\Users\vinhv\Downloads\SDK_1.0.3_NUCLEO-F401RE (4)\SDK_1.0.3_NUCLEO-F401RE\lib_stm\libLibraries.a(stm32f401re_usart.o)
 .debug_macro   0x0000ea56      0x21d C:\Users\vinhv\Downloads\SDK_1.0.3_NUCLEO-F401RE (4)\SDK_1.0.3_NUCLEO-F401RE\lib_stm\libLibraries.a(stm32f401re_usart.o)

.debug_line     0x00000000     0x49eb
 .debug_line    0x00000000      0x6f9 ./Src/main.o
 .debug_line    0x000006f9       0x7b ./Startup/startup_stm32f401retx.o
 .debug_line    0x00000774      0x6f2 C:\Users\vinhv\Downloads\SDK_1.0.3_NUCLEO-F401RE (4)\SDK_1.0.3_NUCLEO-F401RE\lib_stm\libLibraries.a(led.o)
 .debug_line    0x00000e66      0x684 C:\Users\vinhv\Downloads\SDK_1.0.3_NUCLEO-F401RE (4)\SDK_1.0.3_NUCLEO-F401RE\lib_stm\libLibraries.a(timer.o)
 .debug_line    0x000014ea      0x72b C:\Users\vinhv\Downloads\SDK_1.0.3_NUCLEO-F401RE (4)\SDK_1.0.3_NUCLEO-F401RE\lib_stm\libLibraries.a(serial.o)
 .debug_line    0x00001c15      0x532 C:\Users\vinhv\Downloads\SDK_1.0.3_NUCLEO-F401RE (4)\SDK_1.0.3_NUCLEO-F401RE\lib_stm\libLibraries.a(buff.o)
 .debug_line    0x00002147      0x4a0 C:\Users\vinhv\Downloads\SDK_1.0.3_NUCLEO-F401RE (4)\SDK_1.0.3_NUCLEO-F401RE\lib_stm\libLibraries.a(system_stm32f4xx.o)
 .debug_line    0x000025e7      0x65e C:\Users\vinhv\Downloads\SDK_1.0.3_NUCLEO-F401RE (4)\SDK_1.0.3_NUCLEO-F401RE\lib_stm\libLibraries.a(stm32f401re_gpio.o)
 .debug_line    0x00002c45      0x8d2 C:\Users\vinhv\Downloads\SDK_1.0.3_NUCLEO-F401RE (4)\SDK_1.0.3_NUCLEO-F401RE\lib_stm\libLibraries.a(stm32f401re_rcc.o)
 .debug_line    0x00003517      0xd2f C:\Users\vinhv\Downloads\SDK_1.0.3_NUCLEO-F401RE (4)\SDK_1.0.3_NUCLEO-F401RE\lib_stm\libLibraries.a(stm32f401re_tim.o)
 .debug_line    0x00004246      0x7a5 C:\Users\vinhv\Downloads\SDK_1.0.3_NUCLEO-F401RE (4)\SDK_1.0.3_NUCLEO-F401RE\lib_stm\libLibraries.a(stm32f401re_usart.o)

.debug_str      0x00000000    0x4834a
 .debug_str     0x00000000     0x8327 ./Src/main.o
                               0x851a (size before relaxing)
 .debug_str     0x00008327       0x3f ./Startup/startup_stm32f401retx.o
                                 0x77 (size before relaxing)
 .debug_str     0x00008366    0x3bc84 C:\Users\vinhv\Downloads\SDK_1.0.3_NUCLEO-F401RE (4)\SDK_1.0.3_NUCLEO-F401RE\lib_stm\libLibraries.a(led.o)
                              0x3f796 (size before relaxing)
 .debug_str     0x00043fea      0x697 C:\Users\vinhv\Downloads\SDK_1.0.3_NUCLEO-F401RE (4)\SDK_1.0.3_NUCLEO-F401RE\lib_stm\libLibraries.a(timer.o)
                              0x39451 (size before relaxing)
 .debug_str     0x00044681     0x1e0a C:\Users\vinhv\Downloads\SDK_1.0.3_NUCLEO-F401RE (4)\SDK_1.0.3_NUCLEO-F401RE\lib_stm\libLibraries.a(serial.o)
                              0x3cca1 (size before relaxing)
 .debug_str     0x0004648b       0x93 C:\Users\vinhv\Downloads\SDK_1.0.3_NUCLEO-F401RE (4)\SDK_1.0.3_NUCLEO-F401RE\lib_stm\libLibraries.a(buff.o)
                              0x35751 (size before relaxing)
 .debug_str     0x0004651e      0x1b0 C:\Users\vinhv\Downloads\SDK_1.0.3_NUCLEO-F401RE (4)\SDK_1.0.3_NUCLEO-F401RE\lib_stm\libLibraries.a(system_stm32f4xx.o)
                              0x3583e (size before relaxing)
 .debug_str     0x000466ce      0x1a2 C:\Users\vinhv\Downloads\SDK_1.0.3_NUCLEO-F401RE (4)\SDK_1.0.3_NUCLEO-F401RE\lib_stm\libLibraries.a(stm32f401re_gpio.o)
                              0x3a690 (size before relaxing)
 .debug_str     0x00046870      0xb56 C:\Users\vinhv\Downloads\SDK_1.0.3_NUCLEO-F401RE (4)\SDK_1.0.3_NUCLEO-F401RE\lib_stm\libLibraries.a(stm32f401re_rcc.o)
                              0x39aa1 (size before relaxing)
 .debug_str     0x000473c6      0xaba C:\Users\vinhv\Downloads\SDK_1.0.3_NUCLEO-F401RE (4)\SDK_1.0.3_NUCLEO-F401RE\lib_stm\libLibraries.a(stm32f401re_tim.o)
                              0x3a911 (size before relaxing)
 .debug_str     0x00047e80      0x4ca C:\Users\vinhv\Downloads\SDK_1.0.3_NUCLEO-F401RE (4)\SDK_1.0.3_NUCLEO-F401RE\lib_stm\libLibraries.a(stm32f401re_usart.o)
                              0x3a79e (size before relaxing)

.comment        0x00000000       0xbe
 .comment       0x00000000       0x43 ./Src/main.o
                                 0x44 (size before relaxing)
 .comment       0x00000043       0x7b C:\Users\vinhv\Downloads\SDK_1.0.3_NUCLEO-F401RE (4)\SDK_1.0.3_NUCLEO-F401RE\lib_stm\libLibraries.a(led.o)
                                 0x7c (size before relaxing)
 .comment       0x000000be       0x7c C:\Users\vinhv\Downloads\SDK_1.0.3_NUCLEO-F401RE (4)\SDK_1.0.3_NUCLEO-F401RE\lib_stm\libLibraries.a(timer.o)
 .comment       0x000000be       0x7c C:\Users\vinhv\Downloads\SDK_1.0.3_NUCLEO-F401RE (4)\SDK_1.0.3_NUCLEO-F401RE\lib_stm\libLibraries.a(serial.o)
 .comment       0x000000be       0x7c C:\Users\vinhv\Downloads\SDK_1.0.3_NUCLEO-F401RE (4)\SDK_1.0.3_NUCLEO-F401RE\lib_stm\libLibraries.a(buff.o)
 .comment       0x000000be       0x7c C:\Users\vinhv\Downloads\SDK_1.0.3_NUCLEO-F401RE (4)\SDK_1.0.3_NUCLEO-F401RE\lib_stm\libLibraries.a(system_stm32f4xx.o)
 .comment       0x000000be       0x7c C:\Users\vinhv\Downloads\SDK_1.0.3_NUCLEO-F401RE (4)\SDK_1.0.3_NUCLEO-F401RE\lib_stm\libLibraries.a(stm32f401re_gpio.o)
 .comment       0x000000be       0x7c C:\Users\vinhv\Downloads\SDK_1.0.3_NUCLEO-F401RE (4)\SDK_1.0.3_NUCLEO-F401RE\lib_stm\libLibraries.a(stm32f401re_rcc.o)
 .comment       0x000000be       0x7c C:\Users\vinhv\Downloads\SDK_1.0.3_NUCLEO-F401RE (4)\SDK_1.0.3_NUCLEO-F401RE\lib_stm\libLibraries.a(stm32f401re_tim.o)
 .comment       0x000000be       0x7c C:\Users\vinhv\Downloads\SDK_1.0.3_NUCLEO-F401RE (4)\SDK_1.0.3_NUCLEO-F401RE\lib_stm\libLibraries.a(stm32f401re_usart.o)

.debug_frame    0x00000000     0x23e4
 .debug_frame   0x00000000       0x54 ./Src/main.o
 .debug_frame   0x00000054      0x1b8 C:\Users\vinhv\Downloads\SDK_1.0.3_NUCLEO-F401RE (4)\SDK_1.0.3_NUCLEO-F401RE\lib_stm\libLibraries.a(led.o)
 .debug_frame   0x0000020c      0x1a8 C:\Users\vinhv\Downloads\SDK_1.0.3_NUCLEO-F401RE (4)\SDK_1.0.3_NUCLEO-F401RE\lib_stm\libLibraries.a(timer.o)
 .debug_frame   0x000003b4      0x1e0 C:\Users\vinhv\Downloads\SDK_1.0.3_NUCLEO-F401RE (4)\SDK_1.0.3_NUCLEO-F401RE\lib_stm\libLibraries.a(serial.o)
 .debug_frame   0x00000594      0x118 C:\Users\vinhv\Downloads\SDK_1.0.3_NUCLEO-F401RE (4)\SDK_1.0.3_NUCLEO-F401RE\lib_stm\libLibraries.a(buff.o)
 .debug_frame   0x000006ac       0x74 C:\Users\vinhv\Downloads\SDK_1.0.3_NUCLEO-F401RE (4)\SDK_1.0.3_NUCLEO-F401RE\lib_stm\libLibraries.a(system_stm32f4xx.o)
 .debug_frame   0x00000720      0x23c C:\Users\vinhv\Downloads\SDK_1.0.3_NUCLEO-F401RE (4)\SDK_1.0.3_NUCLEO-F401RE\lib_stm\libLibraries.a(stm32f401re_gpio.o)
 .debug_frame   0x0000095c      0x774 C:\Users\vinhv\Downloads\SDK_1.0.3_NUCLEO-F401RE (4)\SDK_1.0.3_NUCLEO-F401RE\lib_stm\libLibraries.a(stm32f401re_rcc.o)
 .debug_frame   0x000010d0      0xe58 C:\Users\vinhv\Downloads\SDK_1.0.3_NUCLEO-F401RE (4)\SDK_1.0.3_NUCLEO-F401RE\lib_stm\libLibraries.a(stm32f401re_tim.o)
 .debug_frame   0x00001f28      0x490 C:\Users\vinhv\Downloads\SDK_1.0.3_NUCLEO-F401RE (4)\SDK_1.0.3_NUCLEO-F401RE\lib_stm\libLibraries.a(stm32f401re_usart.o)
 .debug_frame   0x000023b8       0x2c C:/ST/STM32CubeIDE_1.15.1/STM32CubeIDE/plugins/com.st.stm32cube.ide.mcu.externaltools.gnu-tools-for-stm32.12.3.rel1.win32_1.0.100.202403111256/tools/bin/../lib/gcc/arm-none-eabi/12.3.1/../../../../arm-none-eabi/lib/thumb/v7e-m+fp/hard\libc_nano.a(libc_a-init.o)

.debug_line_str
                0x00000000       0x5b
 .debug_line_str
                0x00000000       0x5b ./Startup/startup_stm32f401retx.o

.debug_ranges   0x00000000      0x770
 .debug_ranges  0x00000000       0x68 C:\Users\vinhv\Downloads\SDK_1.0.3_NUCLEO-F401RE (4)\SDK_1.0.3_NUCLEO-F401RE\lib_stm\libLibraries.a(led.o)
 .debug_ranges  0x00000068       0x60 C:\Users\vinhv\Downloads\SDK_1.0.3_NUCLEO-F401RE (4)\SDK_1.0.3_NUCLEO-F401RE\lib_stm\libLibraries.a(timer.o)
 .debug_ranges  0x000000c8       0x70 C:\Users\vinhv\Downloads\SDK_1.0.3_NUCLEO-F401RE (4)\SDK_1.0.3_NUCLEO-F401RE\lib_stm\libLibraries.a(serial.o)
 .debug_ranges  0x00000138       0x40 C:\Users\vinhv\Downloads\SDK_1.0.3_NUCLEO-F401RE (4)\SDK_1.0.3_NUCLEO-F401RE\lib_stm\libLibraries.a(buff.o)
 .debug_ranges  0x00000178       0x20 C:\Users\vinhv\Downloads\SDK_1.0.3_NUCLEO-F401RE (4)\SDK_1.0.3_NUCLEO-F401RE\lib_stm\libLibraries.a(system_stm32f4xx.o)
 .debug_ranges  0x00000198       0x78 C:\Users\vinhv\Downloads\SDK_1.0.3_NUCLEO-F401RE (4)\SDK_1.0.3_NUCLEO-F401RE\lib_stm\libLibraries.a(stm32f401re_gpio.o)
 .debug_ranges  0x00000210      0x188 C:\Users\vinhv\Downloads\SDK_1.0.3_NUCLEO-F401RE (4)\SDK_1.0.3_NUCLEO-F401RE\lib_stm\libLibraries.a(stm32f401re_rcc.o)
 .debug_ranges  0x00000398      0x2e8 C:\Users\vinhv\Downloads\SDK_1.0.3_NUCLEO-F401RE (4)\SDK_1.0.3_NUCLEO-F401RE\lib_stm\libLibraries.a(stm32f401re_tim.o)
 .debug_ranges  0x00000680       0xf0 C:\Users\vinhv\Downloads\SDK_1.0.3_NUCLEO-F401RE (4)\SDK_1.0.3_NUCLEO-F401RE\lib_stm\libLibraries.a(stm32f401re_usart.o)
