Archive member included to satisfy reference by file (symbol)

C:\Users\vinhv\Downloads\SDK_1.0.3_NUCLEO-F401RE (4)\SDK_1.0.3_NUCLEO-F401RE\lib_stm\libLibraries.a(system_stm32f4xx.o)
                              ./Src/main.o (SystemCoreClockUpdate)
C:\Users\vinhv\Downloads\SDK_1.0.3_NUCLEO-F401RE (4)\SDK_1.0.3_NUCLEO-F401RE\lib_stm\libLibraries.a(eventbutton.o)
                              ./Src/main.o (EventButton_Init)
C:\Users\vinhv\Downloads\SDK_1.0.3_NUCLEO-F401RE (4)\SDK_1.0.3_NUCLEO-F401RE\lib_stm\libLibraries.a(buzzer.o)
                              ./Src/main.o (BuzzerControl_Init)
C:\Users\vinhv\Downloads\SDK_1.0.3_NUCLEO-F401RE (4)\SDK_1.0.3_NUCLEO-F401RE\lib_stm\libLibraries.a(melody.o)
                              ./Src/main.o (pbeep)
C:\Users\vinhv\Downloads\SDK_1.0.3_NUCLEO-F401RE (4)\SDK_1.0.3_NUCLEO-F401RE\lib_stm\libLibraries.a(led.o)
                              ./Src/main.o (LedControl_Init)
C:\Users\vinhv\Downloads\SDK_1.0.3_NUCLEO-F401RE (4)\SDK_1.0.3_NUCLEO-F401RE\lib_stm\libLibraries.a(eventman.o)
                              ./Src/main.o (EventSchedulerInit)
C:\Users\vinhv\Downloads\SDK_1.0.3_NUCLEO-F401RE (4)\SDK_1.0.3_NUCLEO-F401RE\lib_stm\libLibraries.a(timer.o)
                              ./Src/main.o (TimerInit)
C:\Users\vinhv\Downloads\SDK_1.0.3_NUCLEO-F401RE (4)\SDK_1.0.3_NUCLEO-F401RE\lib_stm\libLibraries.a(lightsensor.o)
                              ./Src/main.o (LightSensor_Init)
C:\Users\vinhv\Downloads\SDK_1.0.3_NUCLEO-F401RE (4)\SDK_1.0.3_NUCLEO-F401RE\lib_stm\libLibraries.a(temhumsensor.o)
                              ./Src/main.o (TemHumSensor_Init)
C:\Users\vinhv\Downloads\SDK_1.0.3_NUCLEO-F401RE (4)\SDK_1.0.3_NUCLEO-F401RE\lib_stm\libLibraries.a(serial.o)
                              C:\Users\vinhv\Downloads\SDK_1.0.3_NUCLEO-F401RE (4)\SDK_1.0.3_NUCLEO-F401RE\lib_stm\libLibraries.a(eventbutton.o) (Serial_SendPacket)
C:\Users\vinhv\Downloads\SDK_1.0.3_NUCLEO-F401RE (4)\SDK_1.0.3_NUCLEO-F401RE\lib_stm\libLibraries.a(Ucglib.o)
                              ./Src/main.o (Ucglib4WireSWSPI_begin)
C:\Users\vinhv\Downloads\SDK_1.0.3_NUCLEO-F401RE (4)\SDK_1.0.3_NUCLEO-F401RE\lib_stm\libLibraries.a(ucg_box.o)
                              ./Src/main.o (ucg_ClearScreen)
C:\Users\vinhv\Downloads\SDK_1.0.3_NUCLEO-F401RE (4)\SDK_1.0.3_NUCLEO-F401RE\lib_stm\libLibraries.a(ucg_ccs.o)
                              C:\Users\vinhv\Downloads\SDK_1.0.3_NUCLEO-F401RE (4)\SDK_1.0.3_NUCLEO-F401RE\lib_stm\libLibraries.a(ucg_box.o) (ucg_ccs_init)
C:\Users\vinhv\Downloads\SDK_1.0.3_NUCLEO-F401RE (4)\SDK_1.0.3_NUCLEO-F401RE\lib_stm\libLibraries.a(ucg_circle.o)
                              C:\Users\vinhv\Downloads\SDK_1.0.3_NUCLEO-F401RE (4)\SDK_1.0.3_NUCLEO-F401RE\lib_stm\libLibraries.a(ucg_box.o) (ucg_DrawCircle)
C:\Users\vinhv\Downloads\SDK_1.0.3_NUCLEO-F401RE (4)\SDK_1.0.3_NUCLEO-F401RE\lib_stm\libLibraries.a(ucg_dev_default_cb.o)
                              C:\Users\vinhv\Downloads\SDK_1.0.3_NUCLEO-F401RE (4)\SDK_1.0.3_NUCLEO-F401RE\lib_stm\libLibraries.a(Ucglib.o) (ucg_dev_default_cb)
C:\Users\vinhv\Downloads\SDK_1.0.3_NUCLEO-F401RE (4)\SDK_1.0.3_NUCLEO-F401RE\lib_stm\libLibraries.a(ucg_dev_ic_st7735.o)
                              C:\Users\vinhv\Downloads\SDK_1.0.3_NUCLEO-F401RE (4)\SDK_1.0.3_NUCLEO-F401RE\lib_stm\libLibraries.a(Ucglib.o) (ucg_ext_st7735_18)
C:\Users\vinhv\Downloads\SDK_1.0.3_NUCLEO-F401RE (4)\SDK_1.0.3_NUCLEO-F401RE\lib_stm\libLibraries.a(ucg_dev_msg_api.o)
                              C:\Users\vinhv\Downloads\SDK_1.0.3_NUCLEO-F401RE (4)\SDK_1.0.3_NUCLEO-F401RE\lib_stm\libLibraries.a(ucg_box.o) (ucg_SetMaxClipRange)
C:\Users\vinhv\Downloads\SDK_1.0.3_NUCLEO-F401RE (4)\SDK_1.0.3_NUCLEO-F401RE\lib_stm\libLibraries.a(ucg_dev_tft_128x128_st7735.o)
                              C:\Users\vinhv\Downloads\SDK_1.0.3_NUCLEO-F401RE (4)\SDK_1.0.3_NUCLEO-F401RE\lib_stm\libLibraries.a(Ucglib.o) (ucg_dev_st7735_18x128x128)
C:\Users\vinhv\Downloads\SDK_1.0.3_NUCLEO-F401RE (4)\SDK_1.0.3_NUCLEO-F401RE\lib_stm\libLibraries.a(ucg_font.o)
                              C:\Users\vinhv\Downloads\SDK_1.0.3_NUCLEO-F401RE (4)\SDK_1.0.3_NUCLEO-F401RE\lib_stm\libLibraries.a(Ucglib.o) (ucg_SetFontMode)
C:\Users\vinhv\Downloads\SDK_1.0.3_NUCLEO-F401RE (4)\SDK_1.0.3_NUCLEO-F401RE\lib_stm\libLibraries.a(ucg_init.o)
                              C:\Users\vinhv\Downloads\SDK_1.0.3_NUCLEO-F401RE (4)\SDK_1.0.3_NUCLEO-F401RE\lib_stm\libLibraries.a(Ucglib.o) (ucg_Init)
C:\Users\vinhv\Downloads\SDK_1.0.3_NUCLEO-F401RE (4)\SDK_1.0.3_NUCLEO-F401RE\lib_stm\libLibraries.a(ucg_line.o)
                              C:\Users\vinhv\Downloads\SDK_1.0.3_NUCLEO-F401RE (4)\SDK_1.0.3_NUCLEO-F401RE\lib_stm\libLibraries.a(ucg_font.o) (ucg_Draw90Line)
C:\Users\vinhv\Downloads\SDK_1.0.3_NUCLEO-F401RE (4)\SDK_1.0.3_NUCLEO-F401RE\lib_stm\libLibraries.a(ucg_pixel.o)
                              ./Src/main.o (ucg_SetColor)
[...]
Memory Configuration

Name             Origin             Length             Attributes
RAM              0x20000000         0x00018000         xrw
FLASH            0x08000000         0x00080000         xr
*default*        0x00000000         0xffffffff

Linker script and memory map

LOAD E:/Embedded-C/STM32CubeIDE_1.17.0/STM32CubeIDE/plugins/com.st.stm32cube.ide.mcu.externaltools.gnu-tools-for-stm32.12.3.rel1.win32_1.1.0.202410251130/tools/bin/../lib/gcc/arm-none-eabi/12.3.1/thumb/v7e-m+fp/hard/crti.o
LOAD E:/Embedded-C/STM32CubeIDE_1.17.0/STM32CubeIDE/plugins/com.st.stm32cube.ide.mcu.externaltools.gnu-tools-for-stm32.12.3.rel1.win32_1.1.0.202410251130/tools/bin/../lib/gcc/arm-none-eabi/12.3.1/thumb/v7e-m+fp/hard/crtbegin.o
LOAD E:/Embedded-C/STM32CubeIDE_1.17.0/STM32CubeIDE/plugins/com.st.stm32cube.ide.mcu.externaltools.gnu-tools-for-stm32.12.3.rel1.win32_1.1.0.202410251130/tools/bin/../lib/gcc/arm-none-eabi/12.3.1/../../../../arm-none-eabi/lib/thumb/v7e-m+fp/hard/crt0.o
LOAD ./Src/main.o
LOAD ./Src/syscalls.o
LOAD ./Src/sysmem.o
LOAD ./Startup/startup_stm32f401retx.o
LOAD C:\Users\vinhv\Downloads\SDK_1.0.3_NUCLEO-F401RE (4)\SDK_1.0.3_NUCLEO-F401RE\lib_stm\libLibraries.a
START GROUP
LOAD E:/Embedded-C/STM32CubeIDE_1.17.0/STM32CubeIDE/plugins/com.st.stm32cube.ide.mcu.externaltools.gnu-tools-for-stm32.12.3.rel1.win32_1.1.0.202410251130/tools/bin/../lib/gcc/arm-none-eabi/12.3.1/../../../../arm-none-eabi/lib/thumb/v7e-m+fp/hard\libc_nano.a
LOAD E:/Embedded-C/STM32CubeIDE_1.17.0/STM32CubeIDE/plugins/com.st.stm32cube.ide.mcu.externaltools.gnu-tools-for-stm32.12.3.rel1.win32_1.1.0.202410251130/tools/bin/../lib/gcc/arm-none-eabi/12.3.1/../../../../arm-none-eabi/lib/thumb/v7e-m+fp/hard\libm.a
END GROUP
START GROUP
LOAD E:/Embedded-C/STM32CubeIDE_1.17.0/STM32CubeIDE/plugins/com.st.stm32cube.ide.mcu.externaltools.gnu-tools-for-stm32.12.3.rel1.win32_1.1.0.202410251130/tools/bin/../lib/gcc/arm-none-eabi/12.3.1/thumb/v7e-m+fp/hard\libgcc.a
LOAD E:/Embedded-C/STM32CubeIDE_1.17.0/STM32CubeIDE/plugins/com.st.stm32cube.ide.mcu.externaltools.gnu-tools-for-stm32.12.3.rel1.win32_1.1.0.202410251130/tools/bin/../lib/gcc/arm-none-eabi/12.3.1/../../../../arm-none-eabi/lib/thumb/v7e-m+fp/hard\libc_nano.a
END GROUP
START GROUP
LOAD E:/Embedded-C/STM32CubeIDE_1.17.0/STM32CubeIDE/plugins/com.st.stm32cube.ide.mcu.externaltools.gnu-tools-for-stm32.12.3.rel1.win32_1.1.0.202410251130/tools/bin/../lib/gcc/arm-none-eabi/12.3.1/thumb/v7e-m+fp/hard\libgcc.a
LOAD E:/Embedded-C/STM32CubeIDE_1.17.0/STM32CubeIDE/plugins/com.st.stm32cube.ide.mcu.externaltools.gnu-tools-for-stm32.12.3.rel1.win32_1.1.0.202410251130/tools/bin/../lib/gcc/arm-none-eabi/12.3.1/../../../../arm-none-eabi/lib/thumb/v7e-m+fp/hard\libc_nano.a
LOAD E:/Embedded-C/STM32CubeIDE_1.17.0/STM32CubeIDE/plugins/com.st.stm32cube.ide.mcu.externaltools.gnu-tools-for-stm32.12.3.rel1.win32_1.1.0.202410251130/tools/bin/../lib/gcc/arm-none-eabi/12.3.1/../../../../arm-none-eabi/lib/thumb/v7e-m+fp/hard\libnosys.a
END GROUP
START GROUP
LOAD E:/Embedded-C/STM32CubeIDE_1.17.0/STM32CubeIDE/plugins/com.st.stm32cube.ide.mcu.externaltools.gnu-tools-for-stm32.12.3.rel1.win32_1.1.0.202410251130/tools/bin/../lib/gcc/arm-none-eabi/12.3.1/thumb/v7e-m+fp/hard\libgcc.a
LOAD E:/Embedded-C/STM32CubeIDE_1.17.0/STM32CubeIDE/plugins/com.st.stm32cube.ide.mcu.externaltools.gnu-tools-for-stm32.12.3.rel1.win32_1.1.0.202410251130/tools/bin/../lib/gcc/arm-none-eabi/12.3.1/../../../../arm-none-eabi/lib/thumb/v7e-m+fp/hard\libc_nano.a
LOAD E:/Embedded-C/STM32CubeIDE_1.17.0/STM32CubeIDE/plugins/com.st.stm32cube.ide.mcu.externaltools.gnu-tools-for-stm32.12.3.rel1.win32_1.1.0.202410251130/tools/bin/../lib/gcc/arm-none-eabi/12.3.1/../../../../arm-none-eabi/lib/thumb/v7e-m+fp/hard\libnosys.a
END GROUP
LOAD E:/Embedded-C/STM32CubeIDE_1.17.0/STM32CubeIDE/plugins/com.st.stm32cube.ide.mcu.externaltools.gnu-tools-for-stm32.12.3.rel1.win32_1.1.0.202410251130/tools/bin/../lib/gcc/arm-none-eabi/12.3.1/thumb/v7e-m+fp/hard/crtend.o
LOAD E:/Embedded-C/STM32CubeIDE_1.17.0/STM32CubeIDE/plugins/com.st.stm32cube.ide.mcu.externaltools.gnu-tools-for-stm32.12.3.rel1.win32_1.1.0.202410251130/tools/bin/../lib/gcc/arm-none-eabi/12.3.1/thumb/v7e-m+fp/hard/crtn.o
                0x20018000                        _estack = (ORIGIN (RAM) + LENGTH (RAM))
                0x00000200                        _Min_Heap_Size = 0x200
                0x00000400                        _Min_Stack_Size = 0x400

.isr_vector     0x08000000      0x194
                0x08000000                        . = ALIGN (0x4)
 *(.isr_vector)
 .isr_vector    0x08000000      0x194 ./Startup/startup_stm32f401retx.o
                0x08000000                g_pfnVectors
                0x08000194                        . = ALIGN (0x4)

.text           0x080001a0     0x6720
                0x080001a0                        . = ALIGN (0x4)
 *(.text)
 .text          0x080001a0       0x40 E:/Embedded-C/STM32CubeIDE_1.17.0/STM32CubeIDE/plugins/com.st.stm32cube.ide.mcu.externaltools.gnu-tools-for-stm32.12.3.rel1.win32_1.1.0.202410251130/tools/bin/../lib/gcc/arm-none-eabi/12.3.1/thumb/v7e-m+fp/hard/crtbegin.o
 .text          0x080001e0       0xa0 E:/Embedded-C/STM32CubeIDE_1.17.0/STM32CubeIDE/plugins/com.st.stm32cube.ide.mcu.externaltools.gnu-tools-for-stm32.12.3.rel1.win32_1.1.0.202410251130/tools/bin/../lib/gcc/arm-none-eabi/12.3.1/../../../../arm-none-eabi/lib/thumb/v7e-m+fp/hard\libc_nano.a(libc_a-memchr.o)
                0x080001e0                memchr
 *(.text*)
 .text.main     0x08000280       0x20 ./Src/main.o
                0x08000280                main
 .text.AppInitCommon
                0x080002a0       0x7c ./Src/main.o
                0x080002a0                AppInitCommon
 .text.AppStateManager
                0x0800031c       0x50 ./Src/main.o
 .text.SetStateApp
                0x0800036c       0x20 ./Src/main.o
 .text.GetStateApp
                0x0800038c       0x18 ./Src/main.o
 .text.LoadConfiguration
                0x080003a4       0x60 ./Src/main.o
                0x080003a4                LoadConfiguration
 .text.DeviceStateMachine
                0x08000404      0x424 ./Src/main.o
                0x08000404                DeviceStateMachine
 .text.Up_multiSensorScan
                0x08000828       0x30 ./Src/main.o
 .text.Down_multiSensorScan
                0x08000858       0x30 ./Src/main.o
 .text.Right_Up_LightScan
                0x08000888       0x30 ./Src/main.o
 .text.Left_Down_LightScan
                0x080008b8       0x30 ./Src/main.o
 .text.delay_ms
                0x080008e8       0x3e ./Src/main.o
                0x080008e8                delay_ms
 *fill*         0x08000926        0x2 
 .text.Task_multiSensorScan
                0x08000928       0xe8 ./Src/main.o
 .text.MultiSensorScan
                0x08000a10       0x74 ./Src/main.o
 .text._sbrk    0x08000a84       0x6c ./Src/sysmem.o
                0x08000a84                _sbrk
 .text.Reset_Handler
                0x08000af0       0x50 ./Startup/startup_stm32f401retx.o
                0x08000af0                Reset_Handler
 .text.Default_Handler
                0x08000b40        0x2 ./Startup/startup_stm32f401retx.o
                0x08000b40                EXTI2_IRQHandler
                0x08000b40                DebugMon_Handler
                0x08000b40                SPI4_IRQHandler
                0x08000b40                TIM1_CC_IRQHandler
                0x08000b40                DMA2_Stream5_IRQHandler
                0x08000b40                HardFault_Handler
                0x08000b40                DMA1_Stream5_IRQHandler
                0x08000b40                SDIO_IRQHandler
                0x08000b40                TAMP_STAMP_IRQHandler
                0x08000b40                PendSV_Handler
                0x08000b40                NMI_Handler
                0x08000b40                EXTI3_IRQHandler
                0x08000b40                TIM1_UP_TIM10_IRQHandler
                0x08000b40                I2C3_ER_IRQHandler
                0x08000b40                EXTI18_OTG_FS_WKUP_IRQHandler
                0x08000b40                EXTI0_IRQHandler
                0x08000b40                I2C2_EV_IRQHandler
                0x08000b40                DMA1_Stream2_IRQHandler
                0x08000b40                UsageFault_Handler
                0x08000b40                DMA2_Stream2_IRQHandler
                0x08000b40                SPI1_IRQHandler
                0x08000b40                TIM1_BRK_TIM9_IRQHandler
                0x08000b40                DMA2_Stream3_IRQHandler
                0x08000b40                USART6_IRQHandler
                0x08000b40                DMA2_Stream0_IRQHandler
                0x08000b40                TIM4_IRQHandler
                0x08000b40                I2C1_EV_IRQHandler
                0x08000b40                DMA1_Stream6_IRQHandler
                0x08000b40                DMA1_Stream1_IRQHandler
                0x08000b40                TIM3_IRQHandler
                0x08000b40                RCC_IRQHandler
                0x08000b40                Default_Handler
                0x08000b40                EXTI15_10_IRQHandler
                0x08000b40                ADC_IRQHandler
                0x08000b40                DMA1_Stream7_IRQHandler
                0x08000b40                TIM5_IRQHandler
                0x08000b40                DMA2_Stream7_IRQHandler
                0x08000b40                I2C3_EV_IRQHandler
                0x08000b40                EXTI9_5_IRQHandler
                0x08000b40                SPI2_IRQHandler
                0x08000b40                MemManage_Handler
                0x08000b40                DMA1_Stream0_IRQHandler
                0x08000b40                SVC_Handler
                0x08000b40                EXTI4_IRQHandler
                0x08000b40                EXTI22_RTC_WKUP_IRQHandler
                0x08000b40                TIM2_IRQHandler
                0x08000b40                EXTI16_PVD_IRQHandler
                0x08000b40                TIM1_TRG_COM_TIM11_IRQHandler
                0x08000b40                EXTI1_IRQHandler
                0x08000b40                EXTI17_RTC_Alarm_IRQHandler
                0x08000b40                I2C2_ER_IRQHandler
                0x08000b40                DMA2_Stream1_IRQHandler
                0x08000b40                FLASH_IRQHandler
                0x08000b40                DMA2_Stream4_IRQHandler
                0x08000b40                BusFault_Handler
                0x08000b40                USART1_IRQHandler
                0x08000b40                OTG_FS_IRQHandler
                0x08000b40                SPI3_IRQHandler
                0x08000b40                DMA1_Stream4_IRQHandler
                0x08000b40                I2C1_ER_IRQHandler
                0x08000b40                DMA2_Stream6_IRQHandler
                0x08000b40                DMA1_Stream3_IRQHandler
 *fill*         0x08000b42        0x2 
 .text.SystemInit
                0x08000b44       0x6c C:\Users\vinhv\Downloads\SDK_1.0.3_NUCLEO-F401RE (4)\SDK_1.0.3_NUCLEO-F401RE\lib_stm\libLibraries.a(system_stm32f4xx.o)
                0x08000b44                SystemInit
 .text.SystemCoreClockUpdate
                0x08000bb0       0xf8 C:\Users\vinhv\Downloads\SDK_1.0.3_NUCLEO-F401RE (4)\SDK_1.0.3_NUCLEO-F401RE\lib_stm\libLibraries.a(system_stm32f4xx.o)
                0x08000bb0                SystemCoreClockUpdate
 .text.SetSysClock
                0x08000ca8       0xa0 C:\Users\vinhv\Downloads\SDK_1.0.3_NUCLEO-F401RE (4)\SDK_1.0.3_NUCLEO-F401RE\lib_stm\libLibraries.a(system_stm32f4xx.o)
 .text.EventButton_Init
                0x08000d48       0x6c C:\Users\vinhv\Downloads\SDK_1.0.3_NUCLEO-F401RE (4)\SDK_1.0.3_NUCLEO-F401RE\lib_stm\libLibraries.a(eventbutton.o)
                0x08000d48                EventButton_Init
 .text.ButtonProcessEventEdge
                0x08000db4       0x34 C:\Users\vinhv\Downloads\SDK_1.0.3_NUCLEO-F401RE (4)\SDK_1.0.3_NUCLEO-F401RE\lib_stm\libLibraries.a(eventbutton.o)
 .text.ButtonProcessEventPress
                0x08000de8       0x48 C:\Users\vinhv\Downloads\SDK_1.0.3_NUCLEO-F401RE (4)\SDK_1.0.3_NUCLEO-F401RE\lib_stm\libLibraries.a(eventbutton.o)
 .text.ButtonProcessEventHold
                0x08000e30       0x5e C:\Users\vinhv\Downloads\SDK_1.0.3_NUCLEO-F401RE (4)\SDK_1.0.3_NUCLEO-F401RE\lib_stm\libLibraries.a(eventbutton.o)
 .text.ButtonProcessEventRelease
                0x08000e8e       0x5e C:\Users\vinhv\Downloads\SDK_1.0.3_NUCLEO-F401RE (4)\SDK_1.0.3_NUCLEO-F401RE\lib_stm\libLibraries.a(eventbutton.o)
 .text.BuzzerControl_Init
                0x08000eec       0x2c C:\Users\vinhv\Downloads\SDK_1.0.3_NUCLEO-F401RE (4)\SDK_1.0.3_NUCLEO-F401RE\lib_stm\libLibraries.a(buzzer.o)
                0x08000eec                BuzzerControl_Init
 .text.BuzzOff  0x08000f18       0x58 C:\Users\vinhv\Downloads\SDK_1.0.3_NUCLEO-F401RE (4)\SDK_1.0.3_NUCLEO-F401RE\lib_stm\libLibraries.a(buzzer.o)
 .text.BuzzPlay
                0x08000f70       0x98 C:\Users\vinhv\Downloads\SDK_1.0.3_NUCLEO-F401RE (4)\SDK_1.0.3_NUCLEO-F401RE\lib_stm\libLibraries.a(buzzer.o)
 .text.BuzzerControl_SetMelody
                0x08001008       0x3c C:\Users\vinhv\Downloads\SDK_1.0.3_NUCLEO-F401RE (4)\SDK_1.0.3_NUCLEO-F401RE\lib_stm\libLibraries.a(buzzer.o)
                0x08001008                BuzzerControl_SetMelody
 .text.BUZZTIM_InitTimer
                0x08001044       0x50 C:\Users\vinhv\Downloads\SDK_1.0.3_NUCLEO-F401RE (4)\SDK_1.0.3_NUCLEO-F401RE\lib_stm\libLibraries.a(buzzer.o)
 .text.BUZZTIM_InitPWMChannel
                0x08001094       0x90 C:\Users\vinhv\Downloads\SDK_1.0.3_NUCLEO-F401RE (4)\SDK_1.0.3_NUCLEO-F401RE\lib_stm\libLibraries.a(buzzer.o)
 .text.BuzzerControl_SetDutyCycle
                0x08001124       0x3c C:\Users\vinhv\Downloads\SDK_1.0.3_NUCLEO-F401RE (4)\SDK_1.0.3_NUCLEO-F401RE\lib_stm\libLibraries.a(buzzer.o)
                0x08001124                BuzzerControl_SetDutyCycle
 .text.BuzzerControl_SetPreriod
                0x08001160       0x20 C:\Users\vinhv\Downloads\SDK_1.0.3_NUCLEO-F401RE (4)\SDK_1.0.3_NUCLEO-F401RE\lib_stm\libLibraries.a(buzzer.o)
                0x08001160                BuzzerControl_SetPreriod
 .text.LedControl_Init
                0x08001180       0x10 C:\Users\vinhv\Downloads\SDK_1.0.3_NUCLEO-F401RE (4)\SDK_1.0.3_NUCLEO-F401RE\lib_stm\libLibraries.a(led.o)
                0x08001180                LedControl_Init
 .text.LedControl_SetColorIndividual
                0x08001190       0xf8 C:\Users\vinhv\Downloads\SDK_1.0.3_NUCLEO-F401RE (4)\SDK_1.0.3_NUCLEO-F401RE\lib_stm\libLibraries.a(led.o)
                0x08001190                LedControl_SetColorIndividual
 .text.LedControl_SetColorGeneral
                0x08001288      0x128 C:\Users\vinhv\Downloads\SDK_1.0.3_NUCLEO-F401RE (4)\SDK_1.0.3_NUCLEO-F401RE\lib_stm\libLibraries.a(led.o)
                0x08001288                LedControl_SetColorGeneral
 .text.LEDGPIO_Config
                0x080013b0       0x94 C:\Users\vinhv\Downloads\SDK_1.0.3_NUCLEO-F401RE (4)\SDK_1.0.3_NUCLEO-F401RE\lib_stm\libLibraries.a(led.o)
 .text.LEDTIM_Config
                0x08001444       0xec C:\Users\vinhv\Downloads\SDK_1.0.3_NUCLEO-F401RE (4)\SDK_1.0.3_NUCLEO-F401RE\lib_stm\libLibraries.a(led.o)
 .text.EventSchedulerInit
                0x08001530       0x38 C:\Users\vinhv\Downloads\SDK_1.0.3_NUCLEO-F401RE (4)\SDK_1.0.3_NUCLEO-F401RE\lib_stm\libLibraries.a(eventman.o)
                0x08001530                EventSchedulerInit
 .text.EventSchedulerAdd
                0x08001568       0x2c C:\Users\vinhv\Downloads\SDK_1.0.3_NUCLEO-F401RE (4)\SDK_1.0.3_NUCLEO-F401RE\lib_stm\libLibraries.a(eventman.o)
                0x08001568                EventSchedulerAdd
 .text.processEventScheduler
                0x08001594       0x38 C:\Users\vinhv\Downloads\SDK_1.0.3_NUCLEO-F401RE (4)\SDK_1.0.3_NUCLEO-F401RE\lib_stm\libLibraries.a(eventman.o)
                0x08001594                processEventScheduler
 .text.NVIC_SetPriority
                0x080015cc       0x54 C:\Users\vinhv\Downloads\SDK_1.0.3_NUCLEO-F401RE (4)\SDK_1.0.3_NUCLEO-F401RE\lib_stm\libLibraries.a(timer.o)
 .text.SysTick_Config
                0x08001620       0x44 C:\Users\vinhv\Downloads\SDK_1.0.3_NUCLEO-F401RE (4)\SDK_1.0.3_NUCLEO-F401RE\lib_stm\libLibraries.a(timer.o)
 .text.TimerInit
                0x08001664       0x44 C:\Users\vinhv\Downloads\SDK_1.0.3_NUCLEO-F401RE (4)\SDK_1.0.3_NUCLEO-F401RE\lib_stm\libLibraries.a(timer.o)
                0x08001664                TimerInit
 .text.TimerStart
                0x080016a8       0xc4 C:\Users\vinhv\Downloads\SDK_1.0.3_NUCLEO-F401RE (4)\SDK_1.0.3_NUCLEO-F401RE\lib_stm\libLibraries.a(timer.o)
                0x080016a8                TimerStart
 .text.TimerStop
                0x0800176c       0xa0 C:\Users\vinhv\Downloads\SDK_1.0.3_NUCLEO-F401RE (4)\SDK_1.0.3_NUCLEO-F401RE\lib_stm\libLibraries.a(timer.o)
                0x0800176c                TimerStop
 .text.GetMilSecTick
                0x0800180c       0x18 C:\Users\vinhv\Downloads\SDK_1.0.3_NUCLEO-F401RE (4)\SDK_1.0.3_NUCLEO-F401RE\lib_stm\libLibraries.a(timer.o)
                0x0800180c                GetMilSecTick
 .text.processTimerScheduler
                0x08001824       0xf0 C:\Users\vinhv\Downloads\SDK_1.0.3_NUCLEO-F401RE (4)\SDK_1.0.3_NUCLEO-F401RE\lib_stm\libLibraries.a(timer.o)
                0x08001824                processTimerScheduler
 .text.TimeExpired
                0x08001914       0xcc C:\Users\vinhv\Downloads\SDK_1.0.3_NUCLEO-F401RE (4)\SDK_1.0.3_NUCLEO-F401RE\lib_stm\libLibraries.a(timer.o)
 .text.SysTick_Handler
                0x080019e0       0x1c C:\Users\vinhv\Downloads\SDK_1.0.3_NUCLEO-F401RE (4)\SDK_1.0.3_NUCLEO-F401RE\lib_stm\libLibraries.a(timer.o)
                0x080019e0                SysTick_Handler
 .text.LightSensor_Init
                0x080019fc      0x160 C:\Users\vinhv\Downloads\SDK_1.0.3_NUCLEO-F401RE (4)\SDK_1.0.3_NUCLEO-F401RE\lib_stm\libLibraries.a(lightsensor.o)
                0x080019fc                LightSensor_Init
 .text.LightSensor_MeasureUseDMAMode
                0x08001b5c       0x18 C:\Users\vinhv\Downloads\SDK_1.0.3_NUCLEO-F401RE (4)\SDK_1.0.3_NUCLEO-F401RE\lib_stm\libLibraries.a(lightsensor.o)
                0x08001b5c                LightSensor_MeasureUseDMAMode
 .text.TemHumSensor_Init
                0x08001b74        0xc C:\Users\vinhv\Downloads\SDK_1.0.3_NUCLEO-F401RE (4)\SDK_1.0.3_NUCLEO-F401RE\lib_stm\libLibraries.a(temhumsensor.o)
                0x08001b74                TemHumSensor_Init
 .text.TemHumSensor_GetTemp
                0x08001b80       0x7c C:\Users\vinhv\Downloads\SDK_1.0.3_NUCLEO-F401RE (4)\SDK_1.0.3_NUCLEO-F401RE\lib_stm\libLibraries.a(temhumsensor.o)
                0x08001b80                TemHumSensor_GetTemp
 .text.TemHumSensor_GetHumi
                0x08001bfc       0x78 C:\Users\vinhv\Downloads\SDK_1.0.3_NUCLEO-F401RE (4)\SDK_1.0.3_NUCLEO-F401RE\lib_stm\libLibraries.a(temhumsensor.o)
                0x08001bfc                TemHumSensor_GetHumi
 .text.CalculateCRC8
                0x08001c74       0x86 C:\Users\vinhv\Downloads\SDK_1.0.3_NUCLEO-F401RE (4)\SDK_1.0.3_NUCLEO-F401RE\lib_stm\libLibraries.a(temhumsensor.o)
 *fill*         0x08001cfa        0x2 
 .text.i2c_config
                0x08001cfc       0x94 C:\Users\vinhv\Downloads\SDK_1.0.3_NUCLEO-F401RE (4)\SDK_1.0.3_NUCLEO-F401RE\lib_stm\libLibraries.a(temhumsensor.o)
                0x08001cfc                i2c_config
 .text.i2c_read_reg_expand
                0x08001d90       0xac C:\Users\vinhv\Downloads\SDK_1.0.3_NUCLEO-F401RE (4)\SDK_1.0.3_NUCLEO-F401RE\lib_stm\libLibraries.a(temhumsensor.o)
                0x08001d90                i2c_read_reg_expand
 .text.i2c_start
                0x08001e3c       0x3c C:\Users\vinhv\Downloads\SDK_1.0.3_NUCLEO-F401RE (4)\SDK_1.0.3_NUCLEO-F401RE\lib_stm\libLibraries.a(temhumsensor.o)
                0x08001e3c                i2c_start
 .text.i2c_stop
                0x08001e78       0x14 C:\Users\vinhv\Downloads\SDK_1.0.3_NUCLEO-F401RE (4)\SDK_1.0.3_NUCLEO-F401RE\lib_stm\libLibraries.a(temhumsensor.o)
                0x08001e78                i2c_stop
 .text.i2c_address_direction
                0x08001e8c       0x60 C:\Users\vinhv\Downloads\SDK_1.0.3_NUCLEO-F401RE (4)\SDK_1.0.3_NUCLEO-F401RE\lib_stm\libLibraries.a(temhumsensor.o)
                0x08001e8c                i2c_address_direction
 .text.i2c_transmit
                0x08001eec       0x34 C:\Users\vinhv\Downloads\SDK_1.0.3_NUCLEO-F401RE (4)\SDK_1.0.3_NUCLEO-F401RE\lib_stm\libLibraries.a(temhumsensor.o)
                0x08001eec                i2c_transmit
 .text.i2c_receive_ack
                0x08001f20       0x30 C:\Users\vinhv\Downloads\SDK_1.0.3_NUCLEO-F401RE (4)\SDK_1.0.3_NUCLEO-F401RE\lib_stm\libLibraries.a(temhumsensor.o)
                0x08001f20                i2c_receive_ack
 .text.i2c_receive_nack
                0x08001f50       0x30 C:\Users\vinhv\Downloads\SDK_1.0.3_NUCLEO-F401RE (4)\SDK_1.0.3_NUCLEO-F401RE\lib_stm\libLibraries.a(temhumsensor.o)
                0x08001f50                i2c_receive_nack
 .text.USART2_IRQHandler
                0x08001f80       0x50 C:\Users\vinhv\Downloads\SDK_1.0.3_NUCLEO-F401RE (4)\SDK_1.0.3_NUCLEO-F401RE\lib_stm\libLibraries.a(serial.o)
                0x08001f80                USART2_IRQHandler
 .text.delayMicroseconds
                0x08001fd0       0x14 C:\Users\vinhv\Downloads\SDK_1.0.3_NUCLEO-F401RE (4)\SDK_1.0.3_NUCLEO-F401RE\lib_stm\libLibraries.a(Ucglib.o)
 .text.ucg_gpio_init
                0x08001fe4       0x60 C:\Users\vinhv\Downloads\SDK_1.0.3_NUCLEO-F401RE (4)\SDK_1.0.3_NUCLEO-F401RE\lib_stm\libLibraries.a(Ucglib.o)
 .text.ucg_com_arduino_send_generic_SW_SPI
                0x08002044       0x74 C:\Users\vinhv\Downloads\SDK_1.0.3_NUCLEO-F401RE (4)\SDK_1.0.3_NUCLEO-F401RE\lib_stm\libLibraries.a(Ucglib.o)
 .text.ucg_com_arduino_generic_SW_SPI
                0x080020b8      0x1ec C:\Users\vinhv\Downloads\SDK_1.0.3_NUCLEO-F401RE (4)\SDK_1.0.3_NUCLEO-F401RE\lib_stm\libLibraries.a(Ucglib.o)
 .text.Ucglib4WireSWSPI_begin
                0x080022a4       0x38 C:\Users\vinhv\Downloads\SDK_1.0.3_NUCLEO-F401RE (4)\SDK_1.0.3_NUCLEO-F401RE\lib_stm\libLibraries.a(Ucglib.o)
                0x080022a4                Ucglib4WireSWSPI_begin
 .text.ucg_DrawBox
                0x080022dc       0x56 C:\Users\vinhv\Downloads\SDK_1.0.3_NUCLEO-F401RE (4)\SDK_1.0.3_NUCLEO-F401RE\lib_stm\libLibraries.a(ucg_box.o)
                0x080022dc                ucg_DrawBox
 .text.ucg_ClearScreen
                0x08002332       0x50 C:\Users\vinhv\Downloads\SDK_1.0.3_NUCLEO-F401RE (4)\SDK_1.0.3_NUCLEO-F401RE\lib_stm\libLibraries.a(ucg_box.o)
                0x08002332                ucg_ClearScreen
 .text.ucg_ccs_init
                0x08002382       0xc0 C:\Users\vinhv\Downloads\SDK_1.0.3_NUCLEO-F401RE (4)\SDK_1.0.3_NUCLEO-F401RE\lib_stm\libLibraries.a(ucg_ccs.o)
                0x08002382                ucg_ccs_init
 .text.ucg_ccs_step
                0x08002442       0x80 C:\Users\vinhv\Downloads\SDK_1.0.3_NUCLEO-F401RE (4)\SDK_1.0.3_NUCLEO-F401RE\lib_stm\libLibraries.a(ucg_ccs.o)
                0x08002442                ucg_ccs_step
 .text.ucg_ccs_seek
                0x080024c2       0xca C:\Users\vinhv\Downloads\SDK_1.0.3_NUCLEO-F401RE (4)\SDK_1.0.3_NUCLEO-F401RE\lib_stm\libLibraries.a(ucg_ccs.o)
                0x080024c2                ucg_ccs_seek
 .text.ucg_dev_default_cb
                0x0800258c       0x44 C:\Users\vinhv\Downloads\SDK_1.0.3_NUCLEO-F401RE (4)\SDK_1.0.3_NUCLEO-F401RE\lib_stm\libLibraries.a(ucg_dev_default_cb.o)
                0x0800258c                ucg_dev_default_cb
 .text.ucg_ext_none
                0x080025d0       0x1c C:\Users\vinhv\Downloads\SDK_1.0.3_NUCLEO-F401RE (4)\SDK_1.0.3_NUCLEO-F401RE\lib_stm\libLibraries.a(ucg_dev_default_cb.o)
                0x080025d0                ucg_ext_none
 .text.ucg_handle_st7735_l90fx
                0x080025ec       0xd8 C:\Users\vinhv\Downloads\SDK_1.0.3_NUCLEO-F401RE (4)\SDK_1.0.3_NUCLEO-F401RE\lib_stm\libLibraries.a(ucg_dev_ic_st7735.o)
                0x080025ec                ucg_handle_st7735_l90fx
 .text.ucg_handle_st7735_l90se
                0x080026c4      0x154 C:\Users\vinhv\Downloads\SDK_1.0.3_NUCLEO-F401RE (4)\SDK_1.0.3_NUCLEO-F401RE\lib_stm\libLibraries.a(ucg_dev_ic_st7735.o)
                0x080026c4                ucg_handle_st7735_l90se
 .text.ucg_dev_ic_st7735_18
                0x08002818       0xf8 C:\Users\vinhv\Downloads\SDK_1.0.3_NUCLEO-F401RE (4)\SDK_1.0.3_NUCLEO-F401RE\lib_stm\libLibraries.a(ucg_dev_ic_st7735.o)
                0x08002818                ucg_dev_ic_st7735_18
 .text.ucg_ext_st7735_18
                0x08002910       0x28 C:\Users\vinhv\Downloads\SDK_1.0.3_NUCLEO-F401RE (4)\SDK_1.0.3_NUCLEO-F401RE\lib_stm\libLibraries.a(ucg_dev_ic_st7735.o)
                0x08002910                ucg_ext_st7735_18
 .text.ucg_PowerDown
                0x08002938       0x34 C:\Users\vinhv\Downloads\SDK_1.0.3_NUCLEO-F401RE (4)\SDK_1.0.3_NUCLEO-F401RE\lib_stm\libLibraries.a(ucg_dev_msg_api.o)
                0x08002938                ucg_PowerDown
 .text.ucg_PowerUp
                0x0800296c       0x3c C:\Users\vinhv\Downloads\SDK_1.0.3_NUCLEO-F401RE (4)\SDK_1.0.3_NUCLEO-F401RE\lib_stm\libLibraries.a(ucg_dev_msg_api.o)
                0x0800296c                ucg_PowerUp
 .text.ucg_SetClipBox
                0x080029a8       0x1e C:\Users\vinhv\Downloads\SDK_1.0.3_NUCLEO-F401RE (4)\SDK_1.0.3_NUCLEO-F401RE\lib_stm\libLibraries.a(ucg_dev_msg_api.o)
                0x080029a8                ucg_SetClipBox
 .text.ucg_SetMaxClipRange
                0x080029c6       0x30 C:\Users\vinhv\Downloads\SDK_1.0.3_NUCLEO-F401RE (4)\SDK_1.0.3_NUCLEO-F401RE\lib_stm\libLibraries.a(ucg_dev_msg_api.o)
                0x080029c6                ucg_SetMaxClipRange
 .text.ucg_GetDimension
                0x080029f6       0x24 C:\Users\vinhv\Downloads\SDK_1.0.3_NUCLEO-F401RE (4)\SDK_1.0.3_NUCLEO-F401RE\lib_stm\libLibraries.a(ucg_dev_msg_api.o)
                0x080029f6                ucg_GetDimension
 .text.ucg_DrawL90FXWithArg
                0x08002a1a       0x1e C:\Users\vinhv\Downloads\SDK_1.0.3_NUCLEO-F401RE (4)\SDK_1.0.3_NUCLEO-F401RE\lib_stm\libLibraries.a(ucg_dev_msg_api.o)
                0x08002a1a                ucg_DrawL90FXWithArg
 .text.ucg_dev_st7735_18x128x128
                0x08002a38       0x80 C:\Users\vinhv\Downloads\SDK_1.0.3_NUCLEO-F401RE (4)\SDK_1.0.3_NUCLEO-F401RE\lib_stm\libLibraries.a(ucg_dev_tft_128x128_st7735.o)
                0x08002a38                ucg_dev_st7735_18x128x128
 .text.ucg_font_get_byte
                0x08002ab8       0x24 C:\Users\vinhv\Downloads\SDK_1.0.3_NUCLEO-F401RE (4)\SDK_1.0.3_NUCLEO-F401RE\lib_stm\libLibraries.a(ucg_font.o)
 .text.ucg_font_get_word
                0x08002adc       0x40 C:\Users\vinhv\Downloads\SDK_1.0.3_NUCLEO-F401RE (4)\SDK_1.0.3_NUCLEO-F401RE\lib_stm\libLibraries.a(ucg_font.o)
 .text.ucg_read_font_info
                0x08002b1c      0x142 C:\Users\vinhv\Downloads\SDK_1.0.3_NUCLEO-F401RE (4)\SDK_1.0.3_NUCLEO-F401RE\lib_stm\libLibraries.a(ucg_font.o)
                0x08002b1c                ucg_read_font_info
 .text.ucg_font_decode_get_unsigned_bits
                0x08002c5e       0x96 C:\Users\vinhv\Downloads\SDK_1.0.3_NUCLEO-F401RE (4)\SDK_1.0.3_NUCLEO-F401RE\lib_stm\libLibraries.a(ucg_font.o)
                0x08002c5e                ucg_font_decode_get_unsigned_bits
 .text.ucg_font_decode_get_signed_bits
                0x08002cf4       0x46 C:\Users\vinhv\Downloads\SDK_1.0.3_NUCLEO-F401RE (4)\SDK_1.0.3_NUCLEO-F401RE\lib_stm\libLibraries.a(ucg_font.o)
                0x08002cf4                ucg_font_decode_get_signed_bits
 .text.ucg_add_vector_y
                0x08002d3a       0x7a C:\Users\vinhv\Downloads\SDK_1.0.3_NUCLEO-F401RE (4)\SDK_1.0.3_NUCLEO-F401RE\lib_stm\libLibraries.a(ucg_font.o)
 .text.ucg_add_vector_x
                0x08002db4       0x7a C:\Users\vinhv\Downloads\SDK_1.0.3_NUCLEO-F401RE (4)\SDK_1.0.3_NUCLEO-F401RE\lib_stm\libLibraries.a(ucg_font.o)
 .text.ucg_font_decode_len
                0x08002e2e      0x118 C:\Users\vinhv\Downloads\SDK_1.0.3_NUCLEO-F401RE (4)\SDK_1.0.3_NUCLEO-F401RE\lib_stm\libLibraries.a(ucg_font.o)
                0x08002e2e                ucg_font_decode_len
 .text.ucg_font_setup_decode
                0x08002f46       0x64 C:\Users\vinhv\Downloads\SDK_1.0.3_NUCLEO-F401RE (4)\SDK_1.0.3_NUCLEO-F401RE\lib_stm\libLibraries.a(ucg_font.o)
 .text.ucg_font_decode_glyph
                0x08002faa      0x14c C:\Users\vinhv\Downloads\SDK_1.0.3_NUCLEO-F401RE (4)\SDK_1.0.3_NUCLEO-F401RE\lib_stm\libLibraries.a(ucg_font.o)
                0x08002faa                ucg_font_decode_glyph
 .text.ucg_font_get_glyph_data
                0x080030f6       0x7a C:\Users\vinhv\Downloads\SDK_1.0.3_NUCLEO-F401RE (4)\SDK_1.0.3_NUCLEO-F401RE\lib_stm\libLibraries.a(ucg_font.o)
                0x080030f6                ucg_font_get_glyph_data
 .text.ucg_font_draw_glyph
                0x08003170       0x62 C:\Users\vinhv\Downloads\SDK_1.0.3_NUCLEO-F401RE (4)\SDK_1.0.3_NUCLEO-F401RE\lib_stm\libLibraries.a(ucg_font.o)
                0x08003170                ucg_font_draw_glyph
 .text.ucg_SetFontMode
                0x080031d2       0x20 C:\Users\vinhv\Downloads\SDK_1.0.3_NUCLEO-F401RE (4)\SDK_1.0.3_NUCLEO-F401RE\lib_stm\libLibraries.a(ucg_font.o)
                0x080031d2                ucg_SetFontMode
 *fill*         0x080031f2        0x2 
 .text.ucg_DrawGlyph
                0x080031f4       0xb0 C:\Users\vinhv\Downloads\SDK_1.0.3_NUCLEO-F401RE (4)\SDK_1.0.3_NUCLEO-F401RE\lib_stm\libLibraries.a(ucg_font.o)
                0x080031f4                ucg_DrawGlyph
 .text.task_drawString
                0x080032a4      0x138 C:\Users\vinhv\Downloads\SDK_1.0.3_NUCLEO-F401RE (4)\SDK_1.0.3_NUCLEO-F401RE\lib_stm\libLibraries.a(ucg_font.o)
                0x080032a4                task_drawString
 .text.ucg_DrawString
                0x080033dc       0x78 C:\Users\vinhv\Downloads\SDK_1.0.3_NUCLEO-F401RE (4)\SDK_1.0.3_NUCLEO-F401RE\lib_stm\libLibraries.a(ucg_font.o)
                0x080033dc                ucg_DrawString
 .text.ucg_UpdateRefHeight
                0x08003454       0xd8 C:\Users\vinhv\Downloads\SDK_1.0.3_NUCLEO-F401RE (4)\SDK_1.0.3_NUCLEO-F401RE\lib_stm\libLibraries.a(ucg_font.o)
                0x08003454                ucg_UpdateRefHeight
 .text.ucg_font_calc_vref_font
                0x0800352c       0x16 C:\Users\vinhv\Downloads\SDK_1.0.3_NUCLEO-F401RE (4)\SDK_1.0.3_NUCLEO-F401RE\lib_stm\libLibraries.a(ucg_font.o)
                0x0800352c                ucg_font_calc_vref_font
 *fill*         0x08003542        0x2 
 .text.ucg_SetFontPosBaseline
                0x08003544       0x20 C:\Users\vinhv\Downloads\SDK_1.0.3_NUCLEO-F401RE (4)\SDK_1.0.3_NUCLEO-F401RE\lib_stm\libLibraries.a(ucg_font.o)
                0x08003544                ucg_SetFontPosBaseline
 .text.ucg_SetFont
                0x08003564       0x4c C:\Users\vinhv\Downloads\SDK_1.0.3_NUCLEO-F401RE (4)\SDK_1.0.3_NUCLEO-F401RE\lib_stm\libLibraries.a(ucg_font.o)
                0x08003564                ucg_SetFont
 .text.ucg_init_struct
                0x080035b0       0x50 C:\Users\vinhv\Downloads\SDK_1.0.3_NUCLEO-F401RE (4)\SDK_1.0.3_NUCLEO-F401RE\lib_stm\libLibraries.a(ucg_init.o)
                0x080035b0                ucg_init_struct
 .text.ucg_Init
                0x08003600       0x5c C:\Users\vinhv\Downloads\SDK_1.0.3_NUCLEO-F401RE (4)\SDK_1.0.3_NUCLEO-F401RE\lib_stm\libLibraries.a(ucg_init.o)
                0x08003600                ucg_Init
 .text.ucg_Draw90Line
                0x0800365c       0x88 C:\Users\vinhv\Downloads\SDK_1.0.3_NUCLEO-F401RE (4)\SDK_1.0.3_NUCLEO-F401RE\lib_stm\libLibraries.a(ucg_line.o)
                0x0800365c                ucg_Draw90Line
 .text.ucg_DrawHLine
                0x080036e4       0x3e C:\Users\vinhv\Downloads\SDK_1.0.3_NUCLEO-F401RE (4)\SDK_1.0.3_NUCLEO-F401RE\lib_stm\libLibraries.a(ucg_line.o)
                0x080036e4                ucg_DrawHLine
 .text.ucg_SetColor
                0x08003722       0x5c C:\Users\vinhv\Downloads\SDK_1.0.3_NUCLEO-F401RE (4)\SDK_1.0.3_NUCLEO-F401RE\lib_stm\libLibraries.a(ucg_pixel.o)
                0x08003722                ucg_SetColor
 .text.ucg_UndoRotate
                0x0800377e       0x32 C:\Users\vinhv\Downloads\SDK_1.0.3_NUCLEO-F401RE (4)\SDK_1.0.3_NUCLEO-F401RE\lib_stm\libLibraries.a(ucg_rotate.o)
                0x0800377e                ucg_UndoRotate
 .text.ucg_rotate_180_xy
                0x080037b0       0x66 C:\Users\vinhv\Downloads\SDK_1.0.3_NUCLEO-F401RE (4)\SDK_1.0.3_NUCLEO-F401RE\lib_stm\libLibraries.a(ucg_rotate.o)
 *fill*         0x08003816        0x2 
 .text.ucg_dev_rotate180
                0x08003818      0x100 C:\Users\vinhv\Downloads\SDK_1.0.3_NUCLEO-F401RE (4)\SDK_1.0.3_NUCLEO-F401RE\lib_stm\libLibraries.a(ucg_rotate.o)
                0x08003818                ucg_dev_rotate180
 .text.ucg_SetRotate180
                0x08003918       0x34 C:\Users\vinhv\Downloads\SDK_1.0.3_NUCLEO-F401RE (4)\SDK_1.0.3_NUCLEO-F401RE\lib_stm\libLibraries.a(ucg_rotate.o)
                0x08003918                ucg_SetRotate180
 .text.bufInit  0x0800394c       0x36 C:\Users\vinhv\Downloads\SDK_1.0.3_NUCLEO-F401RE (4)\SDK_1.0.3_NUCLEO-F401RE\lib_stm\libLibraries.a(buff.o)
                0x0800394c                bufInit
 .text.bufNumItems
                0x08003982       0x18 C:\Users\vinhv\Downloads\SDK_1.0.3_NUCLEO-F401RE (4)\SDK_1.0.3_NUCLEO-F401RE\lib_stm\libLibraries.a(buff.o)
                0x08003982                bufNumItems
 .text.bufIsFull
                0x0800399a       0x26 C:\Users\vinhv\Downloads\SDK_1.0.3_NUCLEO-F401RE (4)\SDK_1.0.3_NUCLEO-F401RE\lib_stm\libLibraries.a(buff.o)
                0x0800399a                bufIsFull
 .text.bufIsEmpty
                0x080039c0       0x26 C:\Users\vinhv\Downloads\SDK_1.0.3_NUCLEO-F401RE (4)\SDK_1.0.3_NUCLEO-F401RE\lib_stm\libLibraries.a(buff.o)
                0x080039c0                bufIsEmpty
 .text.bufFlush
                0x080039e6       0x32 C:\Users\vinhv\Downloads\SDK_1.0.3_NUCLEO-F401RE (4)\SDK_1.0.3_NUCLEO-F401RE\lib_stm\libLibraries.a(buff.o)
                0x080039e6                bufFlush
 .text.bufEnDat
                0x08003a18       0x9c C:\Users\vinhv\Downloads\SDK_1.0.3_NUCLEO-F401RE (4)\SDK_1.0.3_NUCLEO-F401RE\lib_stm\libLibraries.a(buff.o)
                0x08003a18                bufEnDat
 .text.bufDeDat
                0x08003ab4       0x84 C:\Users\vinhv\Downloads\SDK_1.0.3_NUCLEO-F401RE (4)\SDK_1.0.3_NUCLEO-F401RE\lib_stm\libLibraries.a(buff.o)
                0x08003ab4                bufDeDat
 .text.memsetl  0x08003b38       0x32 C:\Users\vinhv\Downloads\SDK_1.0.3_NUCLEO-F401RE (4)\SDK_1.0.3_NUCLEO-F401RE\lib_stm\libLibraries.a(utilities.o)
                0x08003b38                memsetl
 .text.ADC_DeInit
                0x08003b6a       0x1c C:\Users\vinhv\Downloads\SDK_1.0.3_NUCLEO-F401RE (4)\SDK_1.0.3_NUCLEO-F401RE\lib_stm\libLibraries.a(stm32f401re_adc.o)
                0x08003b6a                ADC_DeInit
 *fill*         0x08003b86        0x2 
 .text.ADC_Init
                0x08003b88       0xac C:\Users\vinhv\Downloads\SDK_1.0.3_NUCLEO-F401RE (4)\SDK_1.0.3_NUCLEO-F401RE\lib_stm\libLibraries.a(stm32f401re_adc.o)
                0x08003b88                ADC_Init
 .text.ADC_CommonInit
                0x08003c34       0x50 C:\Users\vinhv\Downloads\SDK_1.0.3_NUCLEO-F401RE (4)\SDK_1.0.3_NUCLEO-F401RE\lib_stm\libLibraries.a(stm32f401re_adc.o)
                0x08003c34                ADC_CommonInit
 .text.ADC_Cmd  0x08003c84       0x38 C:\Users\vinhv\Downloads\SDK_1.0.3_NUCLEO-F401RE (4)\SDK_1.0.3_NUCLEO-F401RE\lib_stm\libLibraries.a(stm32f401re_adc.o)
                0x08003c84                ADC_Cmd
 .text.ADC_RegularChannelConfig
                0x08003cbc      0x194 C:\Users\vinhv\Downloads\SDK_1.0.3_NUCLEO-F401RE (4)\SDK_1.0.3_NUCLEO-F401RE\lib_stm\libLibraries.a(stm32f401re_adc.o)
                0x08003cbc                ADC_RegularChannelConfig
 .text.ADC_SoftwareStartConv
                0x08003e50       0x20 C:\Users\vinhv\Downloads\SDK_1.0.3_NUCLEO-F401RE (4)\SDK_1.0.3_NUCLEO-F401RE\lib_stm\libLibraries.a(stm32f401re_adc.o)
                0x08003e50                ADC_SoftwareStartConv
 .text.ADC_EOCOnEachRegularChannelCmd
                0x08003e70       0x38 C:\Users\vinhv\Downloads\SDK_1.0.3_NUCLEO-F401RE (4)\SDK_1.0.3_NUCLEO-F401RE\lib_stm\libLibraries.a(stm32f401re_adc.o)
                0x08003e70                ADC_EOCOnEachRegularChannelCmd
 .text.ADC_ContinuousModeCmd
                0x08003ea8       0x38 C:\Users\vinhv\Downloads\SDK_1.0.3_NUCLEO-F401RE (4)\SDK_1.0.3_NUCLEO-F401RE\lib_stm\libLibraries.a(stm32f401re_adc.o)
                0x08003ea8                ADC_ContinuousModeCmd
 .text.ADC_DiscModeChannelCountConfig
                0x08003ee0       0x44 C:\Users\vinhv\Downloads\SDK_1.0.3_NUCLEO-F401RE (4)\SDK_1.0.3_NUCLEO-F401RE\lib_stm\libLibraries.a(stm32f401re_adc.o)
                0x08003ee0                ADC_DiscModeChannelCountConfig
 .text.ADC_DiscModeCmd
                0x08003f24       0x38 C:\Users\vinhv\Downloads\SDK_1.0.3_NUCLEO-F401RE (4)\SDK_1.0.3_NUCLEO-F401RE\lib_stm\libLibraries.a(stm32f401re_adc.o)
                0x08003f24                ADC_DiscModeCmd
 .text.ADC_DMACmd
                0x08003f5c       0x38 C:\Users\vinhv\Downloads\SDK_1.0.3_NUCLEO-F401RE (4)\SDK_1.0.3_NUCLEO-F401RE\lib_stm\libLibraries.a(stm32f401re_adc.o)
                0x08003f5c                ADC_DMACmd
 .text.ADC_DMARequestAfterLastTransferCmd
                0x08003f94       0x38 C:\Users\vinhv\Downloads\SDK_1.0.3_NUCLEO-F401RE (4)\SDK_1.0.3_NUCLEO-F401RE\lib_stm\libLibraries.a(stm32f401re_adc.o)
                0x08003f94                ADC_DMARequestAfterLastTransferCmd
 .text.DMA_DeInit
                0x08003fcc      0x1a8 C:\Users\vinhv\Downloads\SDK_1.0.3_NUCLEO-F401RE (4)\SDK_1.0.3_NUCLEO-F401RE\lib_stm\libLibraries.a(stm32f401re_dma.o)
                0x08003fcc                DMA_DeInit
 .text.DMA_Init
                0x08004174       0xb0 C:\Users\vinhv\Downloads\SDK_1.0.3_NUCLEO-F401RE (4)\SDK_1.0.3_NUCLEO-F401RE\lib_stm\libLibraries.a(stm32f401re_dma.o)
                0x08004174                DMA_Init
 .text.DMA_Cmd  0x08004224       0x38 C:\Users\vinhv\Downloads\SDK_1.0.3_NUCLEO-F401RE (4)\SDK_1.0.3_NUCLEO-F401RE\lib_stm\libLibraries.a(stm32f401re_dma.o)
                0x08004224                DMA_Cmd
 .text.GPIO_Init
                0x0800425c      0x11c C:\Users\vinhv\Downloads\SDK_1.0.3_NUCLEO-F401RE (4)\SDK_1.0.3_NUCLEO-F401RE\lib_stm\libLibraries.a(stm32f401re_gpio.o)
                0x0800425c                GPIO_Init
 .text.GPIO_ReadInputDataBit
                0x08004378       0x34 C:\Users\vinhv\Downloads\SDK_1.0.3_NUCLEO-F401RE (4)\SDK_1.0.3_NUCLEO-F401RE\lib_stm\libLibraries.a(stm32f401re_gpio.o)
                0x08004378                GPIO_ReadInputDataBit
 .text.GPIO_SetBits
                0x080043ac       0x1e C:\Users\vinhv\Downloads\SDK_1.0.3_NUCLEO-F401RE (4)\SDK_1.0.3_NUCLEO-F401RE\lib_stm\libLibraries.a(stm32f401re_gpio.o)
                0x080043ac                GPIO_SetBits
 .text.GPIO_ResetBits
                0x080043ca       0x1e C:\Users\vinhv\Downloads\SDK_1.0.3_NUCLEO-F401RE (4)\SDK_1.0.3_NUCLEO-F401RE\lib_stm\libLibraries.a(stm32f401re_gpio.o)
                0x080043ca                GPIO_ResetBits
 .text.GPIO_WriteBit
                0x080043e8       0x30 C:\Users\vinhv\Downloads\SDK_1.0.3_NUCLEO-F401RE (4)\SDK_1.0.3_NUCLEO-F401RE\lib_stm\libLibraries.a(stm32f401re_gpio.o)
                0x080043e8                GPIO_WriteBit
 .text.GPIO_PinAFConfig
                0x08004418       0x92 C:\Users\vinhv\Downloads\SDK_1.0.3_NUCLEO-F401RE (4)\SDK_1.0.3_NUCLEO-F401RE\lib_stm\libLibraries.a(stm32f401re_gpio.o)
                0x08004418                GPIO_PinAFConfig
 *fill*         0x080044aa        0x2 
 .text.I2C_Init
                0x080044ac      0x184 C:\Users\vinhv\Downloads\SDK_1.0.3_NUCLEO-F401RE (4)\SDK_1.0.3_NUCLEO-F401RE\lib_stm\libLibraries.a(stm32f401re_i2c.o)
                0x080044ac                I2C_Init
 .text.I2C_Cmd  0x08004630       0x40 C:\Users\vinhv\Downloads\SDK_1.0.3_NUCLEO-F401RE (4)\SDK_1.0.3_NUCLEO-F401RE\lib_stm\libLibraries.a(stm32f401re_i2c.o)
                0x08004630                I2C_Cmd
 .text.I2C_GenerateSTART
                0x08004670       0x40 C:\Users\vinhv\Downloads\SDK_1.0.3_NUCLEO-F401RE (4)\SDK_1.0.3_NUCLEO-F401RE\lib_stm\libLibraries.a(stm32f401re_i2c.o)
                0x08004670                I2C_GenerateSTART
 .text.I2C_GenerateSTOP
                0x080046b0       0x40 C:\Users\vinhv\Downloads\SDK_1.0.3_NUCLEO-F401RE (4)\SDK_1.0.3_NUCLEO-F401RE\lib_stm\libLibraries.a(stm32f401re_i2c.o)
                0x080046b0                I2C_GenerateSTOP
 .text.I2C_Send7bitAddress
                0x080046f0       0x3c C:\Users\vinhv\Downloads\SDK_1.0.3_NUCLEO-F401RE (4)\SDK_1.0.3_NUCLEO-F401RE\lib_stm\libLibraries.a(stm32f401re_i2c.o)
                0x080046f0                I2C_Send7bitAddress
 .text.I2C_AcknowledgeConfig
                0x0800472c       0x40 C:\Users\vinhv\Downloads\SDK_1.0.3_NUCLEO-F401RE (4)\SDK_1.0.3_NUCLEO-F401RE\lib_stm\libLibraries.a(stm32f401re_i2c.o)
                0x0800472c                I2C_AcknowledgeConfig
 .text.I2C_SendData
                0x0800476c       0x20 C:\Users\vinhv\Downloads\SDK_1.0.3_NUCLEO-F401RE (4)\SDK_1.0.3_NUCLEO-F401RE\lib_stm\libLibraries.a(stm32f401re_i2c.o)
                0x0800476c                I2C_SendData
 .text.I2C_ReceiveData
                0x0800478c       0x1c C:\Users\vinhv\Downloads\SDK_1.0.3_NUCLEO-F401RE (4)\SDK_1.0.3_NUCLEO-F401RE\lib_stm\libLibraries.a(stm32f401re_i2c.o)
                0x0800478c                I2C_ReceiveData
 .text.I2C_CheckEvent
                0x080047a8       0x60 C:\Users\vinhv\Downloads\SDK_1.0.3_NUCLEO-F401RE (4)\SDK_1.0.3_NUCLEO-F401RE\lib_stm\libLibraries.a(stm32f401re_i2c.o)
                0x080047a8                I2C_CheckEvent
 .text.I2C_GetFlagStatus
                0x08004808       0x66 C:\Users\vinhv\Downloads\SDK_1.0.3_NUCLEO-F401RE (4)\SDK_1.0.3_NUCLEO-F401RE\lib_stm\libLibraries.a(stm32f401re_i2c.o)
                0x08004808                I2C_GetFlagStatus
 *fill*         0x0800486e        0x2 
 .text.RCC_GetClocksFreq
                0x08004870      0x150 C:\Users\vinhv\Downloads\SDK_1.0.3_NUCLEO-F401RE (4)\SDK_1.0.3_NUCLEO-F401RE\lib_stm\libLibraries.a(stm32f401re_rcc.o)
                0x08004870                RCC_GetClocksFreq
 .text.RCC_AHB1PeriphClockCmd
                0x080049c0       0x40 C:\Users\vinhv\Downloads\SDK_1.0.3_NUCLEO-F401RE (4)\SDK_1.0.3_NUCLEO-F401RE\lib_stm\libLibraries.a(stm32f401re_rcc.o)
                0x080049c0                RCC_AHB1PeriphClockCmd
 .text.RCC_APB1PeriphClockCmd
                0x08004a00       0x40 C:\Users\vinhv\Downloads\SDK_1.0.3_NUCLEO-F401RE (4)\SDK_1.0.3_NUCLEO-F401RE\lib_stm\libLibraries.a(stm32f401re_rcc.o)
                0x08004a00                RCC_APB1PeriphClockCmd
 .text.RCC_APB2PeriphClockCmd
                0x08004a40       0x40 C:\Users\vinhv\Downloads\SDK_1.0.3_NUCLEO-F401RE (4)\SDK_1.0.3_NUCLEO-F401RE\lib_stm\libLibraries.a(stm32f401re_rcc.o)
                0x08004a40                RCC_APB2PeriphClockCmd
 .text.RCC_APB2PeriphResetCmd
                0x08004a80       0x40 C:\Users\vinhv\Downloads\SDK_1.0.3_NUCLEO-F401RE (4)\SDK_1.0.3_NUCLEO-F401RE\lib_stm\libLibraries.a(stm32f401re_rcc.o)
                0x08004a80                RCC_APB2PeriphResetCmd
 .text.TIM_TimeBaseInit
                0x08004ac0       0xd8 C:\Users\vinhv\Downloads\SDK_1.0.3_NUCLEO-F401RE (4)\SDK_1.0.3_NUCLEO-F401RE\lib_stm\libLibraries.a(stm32f401re_tim.o)
                0x08004ac0                TIM_TimeBaseInit
 .text.TIM_Cmd  0x08004b98       0x40 C:\Users\vinhv\Downloads\SDK_1.0.3_NUCLEO-F401RE (4)\SDK_1.0.3_NUCLEO-F401RE\lib_stm\libLibraries.a(stm32f401re_tim.o)
                0x08004b98                TIM_Cmd
 .text.TIM_OC1Init
                0x08004bd8       0xf4 C:\Users\vinhv\Downloads\SDK_1.0.3_NUCLEO-F401RE (4)\SDK_1.0.3_NUCLEO-F401RE\lib_stm\libLibraries.a(stm32f401re_tim.o)
                0x08004bd8                TIM_OC1Init
 .text.TIM_OC2Init
                0x08004ccc      0x110 C:\Users\vinhv\Downloads\SDK_1.0.3_NUCLEO-F401RE (4)\SDK_1.0.3_NUCLEO-F401RE\lib_stm\libLibraries.a(stm32f401re_tim.o)
                0x08004ccc                TIM_OC2Init
 .text.TIM_OC3Init
                0x08004ddc      0x10c C:\Users\vinhv\Downloads\SDK_1.0.3_NUCLEO-F401RE (4)\SDK_1.0.3_NUCLEO-F401RE\lib_stm\libLibraries.a(stm32f401re_tim.o)
                0x08004ddc                TIM_OC3Init
 .text.TIM_OC4Init
                0x08004ee8       0xd0 C:\Users\vinhv\Downloads\SDK_1.0.3_NUCLEO-F401RE (4)\SDK_1.0.3_NUCLEO-F401RE\lib_stm\libLibraries.a(stm32f401re_tim.o)
                0x08004ee8                TIM_OC4Init
 .text.TIM_SetCompare1
                0x08004fb8       0x1c C:\Users\vinhv\Downloads\SDK_1.0.3_NUCLEO-F401RE (4)\SDK_1.0.3_NUCLEO-F401RE\lib_stm\libLibraries.a(stm32f401re_tim.o)
                0x08004fb8                TIM_SetCompare1
 .text.TIM_SetCompare2
                0x08004fd4       0x1c C:\Users\vinhv\Downloads\SDK_1.0.3_NUCLEO-F401RE (4)\SDK_1.0.3_NUCLEO-F401RE\lib_stm\libLibraries.a(stm32f401re_tim.o)
                0x08004fd4                TIM_SetCompare2
 .text.TIM_SetCompare3
                0x08004ff0       0x1c C:\Users\vinhv\Downloads\SDK_1.0.3_NUCLEO-F401RE (4)\SDK_1.0.3_NUCLEO-F401RE\lib_stm\libLibraries.a(stm32f401re_tim.o)
                0x08004ff0                TIM_SetCompare3
 .text.TIM_SetCompare4
                0x0800500c       0x1c C:\Users\vinhv\Downloads\SDK_1.0.3_NUCLEO-F401RE (4)\SDK_1.0.3_NUCLEO-F401RE\lib_stm\libLibraries.a(stm32f401re_tim.o)
                0x0800500c                TIM_SetCompare4
 .text.TIM_CtrlPWMOutputs
                0x08005028       0x4c C:\Users\vinhv\Downloads\SDK_1.0.3_NUCLEO-F401RE (4)\SDK_1.0.3_NUCLEO-F401RE\lib_stm\libLibraries.a(stm32f401re_tim.o)
                0x08005028                TIM_CtrlPWMOutputs
 .text.USART_ReceiveData
                0x08005074       0x20 C:\Users\vinhv\Downloads\SDK_1.0.3_NUCLEO-F401RE (4)\SDK_1.0.3_NUCLEO-F401RE\lib_stm\libLibraries.a(stm32f401re_usart.o)
                0x08005074                USART_ReceiveData
 .text.USART_GetITStatus
                0x08005094       0xb6 C:\Users\vinhv\Downloads\SDK_1.0.3_NUCLEO-F401RE (4)\SDK_1.0.3_NUCLEO-F401RE\lib_stm\libLibraries.a(stm32f401re_usart.o)
                0x08005094                USART_GetITStatus
 .text.USART_ClearITPendingBit
                0x0800514a       0x3a C:\Users\vinhv\Downloads\SDK_1.0.3_NUCLEO-F401RE (4)\SDK_1.0.3_NUCLEO-F401RE\lib_stm\libLibraries.a(stm32f401re_usart.o)
                0x0800514a                USART_ClearITPendingBit
 .text.Button_Init
                0x08005184       0xbc C:\Users\vinhv\Downloads\SDK_1.0.3_NUCLEO-F401RE (4)\SDK_1.0.3_NUCLEO-F401RE\lib_stm\libLibraries.a(button.o)
                0x08005184                Button_Init
 .text.Button_SetMode
                0x08005240       0x3c C:\Users\vinhv\Downloads\SDK_1.0.3_NUCLEO-F401RE (4)\SDK_1.0.3_NUCLEO-F401RE\lib_stm\libLibraries.a(button.o)
                0x08005240                Button_SetMode
 .text.Button_RegisterEventCallback
                0x0800527c       0x28 C:\Users\vinhv\Downloads\SDK_1.0.3_NUCLEO-F401RE (4)\SDK_1.0.3_NUCLEO-F401RE\lib_stm\libLibraries.a(button.o)
                0x0800527c                Button_RegisterEventCallback
 .text.ButtonScanTypeEdge
                0x080052a4      0x1fc C:\Users\vinhv\Downloads\SDK_1.0.3_NUCLEO-F401RE (4)\SDK_1.0.3_NUCLEO-F401RE\lib_stm\libLibraries.a(button.o)
 .text.ButtonScan
                0x080054a0       0x4c C:\Users\vinhv\Downloads\SDK_1.0.3_NUCLEO-F401RE (4)\SDK_1.0.3_NUCLEO-F401RE\lib_stm\libLibraries.a(button.o)
 .text.BTNGPIO_Init
                0x080054ec       0x6c C:\Users\vinhv\Downloads\SDK_1.0.3_NUCLEO-F401RE (4)\SDK_1.0.3_NUCLEO-F401RE\lib_stm\libLibraries.a(button.o)
 .text.ucg_clip_is_x_visible
                0x08005558       0x4a C:\Users\vinhv\Downloads\SDK_1.0.3_NUCLEO-F401RE (4)\SDK_1.0.3_NUCLEO-F401RE\lib_stm\libLibraries.a(ucg_clip.o)
 .text.ucg_clip_is_y_visible
                0x080055a2       0x4a C:\Users\vinhv\Downloads\SDK_1.0.3_NUCLEO-F401RE (4)\SDK_1.0.3_NUCLEO-F401RE\lib_stm\libLibraries.a(ucg_clip.o)
 .text.ucg_clip_intersection
                0x080055ec       0x74 C:\Users\vinhv\Downloads\SDK_1.0.3_NUCLEO-F401RE (4)\SDK_1.0.3_NUCLEO-F401RE\lib_stm\libLibraries.a(ucg_clip.o)
 .text.ucg_clip_is_pixel_visible
                0x08005660       0x32 C:\Users\vinhv\Downloads\SDK_1.0.3_NUCLEO-F401RE (4)\SDK_1.0.3_NUCLEO-F401RE\lib_stm\libLibraries.a(ucg_clip.o)
                0x08005660                ucg_clip_is_pixel_visible
 *fill*         0x08005692        0x2 
 .text.ucg_clip_l90fx
                0x08005694      0x300 C:\Users\vinhv\Downloads\SDK_1.0.3_NUCLEO-F401RE (4)\SDK_1.0.3_NUCLEO-F401RE\lib_stm\libLibraries.a(ucg_clip.o)
                0x08005694                ucg_clip_l90fx
 .text.ucg_clip_l90se
                0x08005994       0x54 C:\Users\vinhv\Downloads\SDK_1.0.3_NUCLEO-F401RE (4)\SDK_1.0.3_NUCLEO-F401RE\lib_stm\libLibraries.a(ucg_clip.o)
                0x08005994                ucg_clip_l90se
 .text.ucg_com_PowerDown
                0x080059e8       0x3e C:\Users\vinhv\Downloads\SDK_1.0.3_NUCLEO-F401RE (4)\SDK_1.0.3_NUCLEO-F401RE\lib_stm\libLibraries.a(ucg_com_msg_api.o)
                0x080059e8                ucg_com_PowerDown
 .text.ucg_com_PowerUp
                0x08005a26       0x60 C:\Users\vinhv\Downloads\SDK_1.0.3_NUCLEO-F401RE (4)\SDK_1.0.3_NUCLEO-F401RE\lib_stm\libLibraries.a(ucg_com_msg_api.o)
                0x08005a26                ucg_com_PowerUp
 .text.ucg_com_SetLineStatus
                0x08005a86       0xe2 C:\Users\vinhv\Downloads\SDK_1.0.3_NUCLEO-F401RE (4)\SDK_1.0.3_NUCLEO-F401RE\lib_stm\libLibraries.a(ucg_com_msg_api.o)
                0x08005a86                ucg_com_SetLineStatus
 .text.ucg_com_SetResetLineStatus
                0x08005b68       0x20 C:\Users\vinhv\Downloads\SDK_1.0.3_NUCLEO-F401RE (4)\SDK_1.0.3_NUCLEO-F401RE\lib_stm\libLibraries.a(ucg_com_msg_api.o)
                0x08005b68                ucg_com_SetResetLineStatus
 .text.ucg_com_SetCSLineStatus
                0x08005b88       0x20 C:\Users\vinhv\Downloads\SDK_1.0.3_NUCLEO-F401RE (4)\SDK_1.0.3_NUCLEO-F401RE\lib_stm\libLibraries.a(ucg_com_msg_api.o)
                0x08005b88                ucg_com_SetCSLineStatus
 .text.ucg_com_SetCDLineStatus
                0x08005ba8       0x20 C:\Users\vinhv\Downloads\SDK_1.0.3_NUCLEO-F401RE (4)\SDK_1.0.3_NUCLEO-F401RE\lib_stm\libLibraries.a(ucg_com_msg_api.o)
                0x08005ba8                ucg_com_SetCDLineStatus
 .text.ucg_com_DelayMicroseconds
                0x08005bc8       0x22 C:\Users\vinhv\Downloads\SDK_1.0.3_NUCLEO-F401RE (4)\SDK_1.0.3_NUCLEO-F401RE\lib_stm\libLibraries.a(ucg_com_msg_api.o)
                0x08005bc8                ucg_com_DelayMicroseconds
 .text.ucg_com_DelayMilliseconds
                0x08005bea       0x2c C:\Users\vinhv\Downloads\SDK_1.0.3_NUCLEO-F401RE (4)\SDK_1.0.3_NUCLEO-F401RE\lib_stm\libLibraries.a(ucg_com_msg_api.o)
                0x08005bea                ucg_com_DelayMilliseconds
 .text.ucg_com_SendByte
                0x08005c16       0x24 C:\Users\vinhv\Downloads\SDK_1.0.3_NUCLEO-F401RE (4)\SDK_1.0.3_NUCLEO-F401RE\lib_stm\libLibraries.a(ucg_com_msg_api.o)
                0x08005c16                ucg_com_SendByte
 .text.ucg_com_SendStringP
                0x08005c3a       0x40 C:\Users\vinhv\Downloads\SDK_1.0.3_NUCLEO-F401RE (4)\SDK_1.0.3_NUCLEO-F401RE\lib_stm\libLibraries.a(ucg_com_msg_api.o)
                0x08005c3a                ucg_com_SendStringP
 .text.ucg_com_SendCmdArg
                0x08005c7a       0x74 C:\Users\vinhv\Downloads\SDK_1.0.3_NUCLEO-F401RE (4)\SDK_1.0.3_NUCLEO-F401RE\lib_stm\libLibraries.a(ucg_com_msg_api.o)
 *fill*         0x08005cee        0x2 
 .text.ucg_com_SendCmdSeq
                0x08005cf0      0x278 C:\Users\vinhv\Downloads\SDK_1.0.3_NUCLEO-F401RE (4)\SDK_1.0.3_NUCLEO-F401RE\lib_stm\libLibraries.a(ucg_com_msg_api.o)
                0x08005cf0                ucg_com_SendCmdSeq
 .text.sprintf  0x08005f68       0x40 E:/Embedded-C/STM32CubeIDE_1.17.0/STM32CubeIDE/plugins/com.st.stm32cube.ide.mcu.externaltools.gnu-tools-for-stm32.12.3.rel1.win32_1.1.0.202410251130/tools/bin/../lib/gcc/arm-none-eabi/12.3.1/../../../../arm-none-eabi/lib/thumb/v7e-m+fp/hard\libc_nano.a(libc_a-sprintf.o)
                0x08005f68                siprintf
                0x08005f68                sprintf
 .text.memset   0x08005fa8       0x10 E:/Embedded-C/STM32CubeIDE_1.17.0/STM32CubeIDE/plugins/com.st.stm32cube.ide.mcu.externaltools.gnu-tools-for-stm32.12.3.rel1.win32_1.1.0.202410251130/tools/bin/../lib/gcc/arm-none-eabi/12.3.1/../../../../arm-none-eabi/lib/thumb/v7e-m+fp/hard\libc_nano.a(libc_a-memset.o)
                0x08005fa8                memset
 .text.__errno  0x08005fb8        0xc E:/Embedded-C/STM32CubeIDE_1.17.0/STM32CubeIDE/plugins/com.st.stm32cube.ide.mcu.externaltools.gnu-tools-for-stm32.12.3.rel1.win32_1.1.0.202410251130/tools/bin/../lib/gcc/arm-none-eabi/12.3.1/../../../../arm-none-eabi/lib/thumb/v7e-m+fp/hard\libc_nano.a(libc_a-errno.o)
                0x08005fb8                __errno
 .text.__libc_init_array
                0x08005fc4       0x48 E:/Embedded-C/STM32CubeIDE_1.17.0/STM32CubeIDE/plugins/com.st.stm32cube.ide.mcu.externaltools.gnu-tools-for-stm32.12.3.rel1.win32_1.1.0.202410251130/tools/bin/../lib/gcc/arm-none-eabi/12.3.1/../../../../arm-none-eabi/lib/thumb/v7e-m+fp/hard\libc_nano.a(libc_a-init.o)
                0x08005fc4                __libc_init_array
 .text.__retarget_lock_acquire_recursive
                0x0800600c        0x2 E:/Embedded-C/STM32CubeIDE_1.17.0/STM32CubeIDE/plugins/com.st.stm32cube.ide.mcu.externaltools.gnu-tools-for-stm32.12.3.rel1.win32_1.1.0.202410251130/tools/bin/../lib/gcc/arm-none-eabi/12.3.1/../../../../arm-none-eabi/lib/thumb/v7e-m+fp/hard\libc_nano.a(libc_a-lock.o)
                0x0800600c                __retarget_lock_acquire_recursive
 .text.__retarget_lock_release_recursive
                0x0800600e        0x2 E:/Embedded-C/STM32CubeIDE_1.17.0/STM32CubeIDE/plugins/com.st.stm32cube.ide.mcu.externaltools.gnu-tools-for-stm32.12.3.rel1.win32_1.1.0.202410251130/tools/bin/../lib/gcc/arm-none-eabi/12.3.1/../../../../arm-none-eabi/lib/thumb/v7e-m+fp/hard\libc_nano.a(libc_a-lock.o)
                0x0800600e                __retarget_lock_release_recursive
 .text._free_r  0x08006010       0x94 E:/Embedded-C/STM32CubeIDE_1.17.0/STM32CubeIDE/plugins/com.st.stm32cube.ide.mcu.externaltools.gnu-tools-for-stm32.12.3.rel1.win32_1.1.0.202410251130/tools/bin/../lib/gcc/arm-none-eabi/12.3.1/../../../../arm-none-eabi/lib/thumb/v7e-m+fp/hard\libc_nano.a(libc_a-freer.o)
                0x08006010                _free_r
 .text.sbrk_aligned
                0x080060a4       0x44 E:/Embedded-C/STM32CubeIDE_1.17.0/STM32CubeIDE/plugins/com.st.stm32cube.ide.mcu.externaltools.gnu-tools-for-stm32.12.3.rel1.win32_1.1.0.202410251130/tools/bin/../lib/gcc/arm-none-eabi/12.3.1/../../../../arm-none-eabi/lib/thumb/v7e-m+fp/hard\libc_nano.a(libc_a-mallocr.o)
 .text._malloc_r
                0x080060e8      0x100 E:/Embedded-C/STM32CubeIDE_1.17.0/STM32CubeIDE/plugins/com.st.stm32cube.ide.mcu.externaltools.gnu-tools-for-stm32.12.3.rel1.win32_1.1.0.202410251130/tools/bin/../lib/gcc/arm-none-eabi/12.3.1/../../../../arm-none-eabi/lib/thumb/v7e-m+fp/hard\libc_nano.a(libc_a-mallocr.o)
                0x080060e8                _malloc_r
 .text.__malloc_lock
                0x080061e8        0xc E:/Embedded-C/STM32CubeIDE_1.17.0/STM32CubeIDE/plugins/com.st.stm32cube.ide.mcu.externaltools.gnu-tools-for-stm32.12.3.rel1.win32_1.1.0.202410251130/tools/bin/../lib/gcc/arm-none-eabi/12.3.1/../../../../arm-none-eabi/lib/thumb/v7e-m+fp/hard\libc_nano.a(libc_a-mlock.o)
                0x080061e8                __malloc_lock
 .text.__malloc_unlock
                0x080061f4        0xc E:/Embedded-C/STM32CubeIDE_1.17.0/STM32CubeIDE/plugins/com.st.stm32cube.ide.mcu.externaltools.gnu-tools-for-stm32.12.3.rel1.win32_1.1.0.202410251130/tools/bin/../lib/gcc/arm-none-eabi/12.3.1/../../../../arm-none-eabi/lib/thumb/v7e-m+fp/hard\libc_nano.a(libc_a-mlock.o)
                0x080061f4                __malloc_unlock
 .text.__ssputs_r
                0x08006200       0xb6 E:/Embedded-C/STM32CubeIDE_1.17.0/STM32CubeIDE/plugins/com.st.stm32cube.ide.mcu.externaltools.gnu-tools-for-stm32.12.3.rel1.win32_1.1.0.202410251130/tools/bin/../lib/gcc/arm-none-eabi/12.3.1/../../../../arm-none-eabi/lib/thumb/v7e-m+fp/hard\libc_nano.a(libc_a-nano-svfprintf.o)
                0x08006200                __ssputs_r
 *fill*         0x080062b6        0x2 
 .text._svfprintf_r
                0x080062b8      0x1f8 E:/Embedded-C/STM32CubeIDE_1.17.0/STM32CubeIDE/plugins/com.st.stm32cube.ide.mcu.externaltools.gnu-tools-for-stm32.12.3.rel1.win32_1.1.0.202410251130/tools/bin/../lib/gcc/arm-none-eabi/12.3.1/../../../../arm-none-eabi/lib/thumb/v7e-m+fp/hard\libc_nano.a(libc_a-nano-svfprintf.o)
                0x080062b8                _svfiprintf_r
                0x080062b8                _svfprintf_r
 .text._printf_common
                0x080064b0       0xda E:/Embedded-C/STM32CubeIDE_1.17.0/STM32CubeIDE/plugins/com.st.stm32cube.ide.mcu.externaltools.gnu-tools-for-stm32.12.3.rel1.win32_1.1.0.202410251130/tools/bin/../lib/gcc/arm-none-eabi/12.3.1/../../../../arm-none-eabi/lib/thumb/v7e-m+fp/hard\libc_nano.a(libc_a-nano-vfprintf_i.o)
                0x080064b0                _printf_common
 *fill*         0x0800658a        0x2 
 .text._printf_i
                0x0800658c      0x240 E:/Embedded-C/STM32CubeIDE_1.17.0/STM32CubeIDE/plugins/com.st.stm32cube.ide.mcu.externaltools.gnu-tools-for-stm32.12.3.rel1.win32_1.1.0.202410251130/tools/bin/../lib/gcc/arm-none-eabi/12.3.1/../../../../arm-none-eabi/lib/thumb/v7e-m+fp/hard\libc_nano.a(libc_a-nano-vfprintf_i.o)
                0x0800658c                _printf_i
 .text.memmove  0x080067cc       0x34 E:/Embedded-C/STM32CubeIDE_1.17.0/STM32CubeIDE/plugins/com.st.stm32cube.ide.mcu.externaltools.gnu-tools-for-stm32.12.3.rel1.win32_1.1.0.202410251130/tools/bin/../lib/gcc/arm-none-eabi/12.3.1/../../../../arm-none-eabi/lib/thumb/v7e-m+fp/hard\libc_nano.a(libc_a-memmove.o)
                0x080067cc                memmove
 .text._sbrk_r  0x08006800       0x20 E:/Embedded-C/STM32CubeIDE_1.17.0/STM32CubeIDE/plugins/com.st.stm32cube.ide.mcu.externaltools.gnu-tools-for-stm32.12.3.rel1.win32_1.1.0.202410251130/tools/bin/../lib/gcc/arm-none-eabi/12.3.1/../../../../arm-none-eabi/lib/thumb/v7e-m+fp/hard\libc_nano.a(libc_a-sbrkr.o)
                0x08006800                _sbrk_r
 .text.memcpy   0x08006820       0x1c E:/Embedded-C/STM32CubeIDE_1.17.0/STM32CubeIDE/plugins/com.st.stm32cube.ide.mcu.externaltools.gnu-tools-for-stm32.12.3.rel1.win32_1.1.0.202410251130/tools/bin/../lib/gcc/arm-none-eabi/12.3.1/../../../../arm-none-eabi/lib/thumb/v7e-m+fp/hard\libc_nano.a(libc_a-memcpy-stub.o)
                0x08006820                memcpy
 .text._realloc_r
                0x0800683c       0x5c E:/Embedded-C/STM32CubeIDE_1.17.0/STM32CubeIDE/plugins/com.st.stm32cube.ide.mcu.externaltools.gnu-tools-for-stm32.12.3.rel1.win32_1.1.0.202410251130/tools/bin/../lib/gcc/arm-none-eabi/12.3.1/../../../../arm-none-eabi/lib/thumb/v7e-m+fp/hard\libc_nano.a(libc_a-reallocr.o)
                0x0800683c                _realloc_r
 .text._malloc_usable_size_r
                0x08006898       0x10 E:/Embedded-C/STM32CubeIDE_1.17.0/STM32CubeIDE/plugins/com.st.stm32cube.ide.mcu.externaltools.gnu-tools-for-stm32.12.3.rel1.win32_1.1.0.202410251130/tools/bin/../lib/gcc/arm-none-eabi/12.3.1/../../../../arm-none-eabi/lib/thumb/v7e-m+fp/hard\libc_nano.a(libc_a-msizer.o)
                0x08006898                _malloc_usable_size_r
 *(.glue_7)
 .glue_7        0x080068a8        0x0 linker stubs
 *(.glue_7t)
 .glue_7t       0x080068a8        0x0 linker stubs
 *(.eh_frame)
 .eh_frame      0x080068a8        0x0 E:/Embedded-C/STM32CubeIDE_1.17.0/STM32CubeIDE/plugins/com.st.stm32cube.ide.mcu.externaltools.gnu-tools-for-stm32.12.3.rel1.win32_1.1.0.202410251130/tools/bin/../lib/gcc/arm-none-eabi/12.3.1/thumb/v7e-m+fp/hard/crtbegin.o
 *(.init)
 .init          0x080068a8        0x4 E:/Embedded-C/STM32CubeIDE_1.17.0/STM32CubeIDE/plugins/com.st.stm32cube.ide.mcu.externaltools.gnu-tools-for-stm32.12.3.rel1.win32_1.1.0.202410251130/tools/bin/../lib/gcc/arm-none-eabi/12.3.1/thumb/v7e-m+fp/hard/crti.o
                0x080068a8                _init
 .init          0x080068ac        0x8 E:/Embedded-C/STM32CubeIDE_1.17.0/STM32CubeIDE/plugins/com.st.stm32cube.ide.mcu.externaltools.gnu-tools-for-stm32.12.3.rel1.win32_1.1.0.202410251130/tools/bin/../lib/gcc/arm-none-eabi/12.3.1/thumb/v7e-m+fp/hard/crtn.o
 *(.fini)
 .fini          0x080068b4        0x4 E:/Embedded-C/STM32CubeIDE_1.17.0/STM32CubeIDE/plugins/com.st.stm32cube.ide.mcu.externaltools.gnu-tools-for-stm32.12.3.rel1.win32_1.1.0.202410251130/tools/bin/../lib/gcc/arm-none-eabi/12.3.1/thumb/v7e-m+fp/hard/crti.o
                0x080068b4                _fini
 .fini          0x080068b8        0x8 E:/Embedded-C/STM32CubeIDE_1.17.0/STM32CubeIDE/plugins/com.st.stm32cube.ide.mcu.externaltools.gnu-tools-for-stm32.12.3.rel1.win32_1.1.0.202410251130/tools/bin/../lib/gcc/arm-none-eabi/12.3.1/thumb/v7e-m+fp/hard/crtn.o
                0x080068c0                        . = ALIGN (0x4)
                0x080068c0                        _etext = .

.vfp11_veneer   0x080068c0        0x0
 .vfp11_veneer  0x080068c0        0x0 linker stubs

.v4_bx          0x080068c0        0x0
 .v4_bx         0x080068c0        0x0 linker stubs

.iplt           0x080068c0        0x0
 .iplt          0x080068c0        0x0 E:/Embedded-C/STM32CubeIDE_1.17.0/STM32CubeIDE/plugins/com.st.stm32cube.ide.mcu.externaltools.gnu-tools-for-stm32.12.3.rel1.win32_1.1.0.202410251130/tools/bin/../lib/gcc/arm-none-eabi/12.3.1/thumb/v7e-m+fp/hard/crtbegin.o

.rodata         0x080068c0     0x22ac
                0x080068c0                        . = ALIGN (0x4)
 *(.rodata)
 .rodata        0x080068c0      0x17d ./Src/main.o
 *fill*         0x08006a3d        0x3 
 .rodata        0x08006a40        0x5 C:\Users\vinhv\Downloads\SDK_1.0.3_NUCLEO-F401RE (4)\SDK_1.0.3_NUCLEO-F401RE\lib_stm\libLibraries.a(buzzer.o)
 *fill*         0x08006a45        0x3 
 .rodata        0x08006a48       0x16 C:\Users\vinhv\Downloads\SDK_1.0.3_NUCLEO-F401RE (4)\SDK_1.0.3_NUCLEO-F401RE\lib_stm\libLibraries.a(temhumsensor.o)
 *fill*         0x08006a5e        0x2 
 .rodata        0x08006a60        0xf C:\Users\vinhv\Downloads\SDK_1.0.3_NUCLEO-F401RE (4)\SDK_1.0.3_NUCLEO-F401RE\lib_stm\libLibraries.a(ucg_font.o)
 *fill*         0x08006a6f        0x1 
 .rodata        0x08006a70        0x1 C:\Users\vinhv\Downloads\SDK_1.0.3_NUCLEO-F401RE (4)\SDK_1.0.3_NUCLEO-F401RE\lib_stm\libLibraries.a(button.o)
 *(.rodata*)
 *fill*         0x08006a71        0x3 
 .rodata.pinBuzz
                0x08006a74        0x8 C:\Users\vinhv\Downloads\SDK_1.0.3_NUCLEO-F401RE (4)\SDK_1.0.3_NUCLEO-F401RE\lib_stm\libLibraries.a(buzzer.o)
 .rodata.ucg_st7735_set_pos_seq
                0x08006a7c       0x1e C:\Users\vinhv\Downloads\SDK_1.0.3_NUCLEO-F401RE (4)\SDK_1.0.3_NUCLEO-F401RE\lib_stm\libLibraries.a(ucg_dev_ic_st7735.o)
                0x08006a7c                ucg_st7735_set_pos_seq
 *fill*         0x08006a9a        0x2 
 .rodata.ucg_st7735_set_pos_dir0_seq
                0x08006a9c       0x1e C:\Users\vinhv\Downloads\SDK_1.0.3_NUCLEO-F401RE (4)\SDK_1.0.3_NUCLEO-F401RE\lib_stm\libLibraries.a(ucg_dev_ic_st7735.o)
                0x08006a9c                ucg_st7735_set_pos_dir0_seq
 *fill*         0x08006aba        0x2 
 .rodata.ucg_st7735_set_pos_dir1_seq
                0x08006abc       0x21 C:\Users\vinhv\Downloads\SDK_1.0.3_NUCLEO-F401RE (4)\SDK_1.0.3_NUCLEO-F401RE\lib_stm\libLibraries.a(ucg_dev_ic_st7735.o)
                0x08006abc                ucg_st7735_set_pos_dir1_seq
 *fill*         0x08006add        0x3 
 .rodata.ucg_st7735_set_pos_dir2_seq
                0x08006ae0       0x21 C:\Users\vinhv\Downloads\SDK_1.0.3_NUCLEO-F401RE (4)\SDK_1.0.3_NUCLEO-F401RE\lib_stm\libLibraries.a(ucg_dev_ic_st7735.o)
                0x08006ae0                ucg_st7735_set_pos_dir2_seq
 *fill*         0x08006b01        0x3 
 .rodata.ucg_st7735_set_pos_dir3_seq
                0x08006b04       0x24 C:\Users\vinhv\Downloads\SDK_1.0.3_NUCLEO-F401RE (4)\SDK_1.0.3_NUCLEO-F401RE\lib_stm\libLibraries.a(ucg_dev_ic_st7735.o)
                0x08006b04                ucg_st7735_set_pos_dir3_seq
 .rodata.ucg_st7735_power_down_seq
                0x08006b28        0x7 C:\Users\vinhv\Downloads\SDK_1.0.3_NUCLEO-F401RE (4)\SDK_1.0.3_NUCLEO-F401RE\lib_stm\libLibraries.a(ucg_dev_ic_st7735.o)
 *fill*         0x08006b2f        0x1 
 .rodata.ucg_tft_128x160_st7735_init_seq
                0x08006b30       0x2c C:\Users\vinhv\Downloads\SDK_1.0.3_NUCLEO-F401RE (4)\SDK_1.0.3_NUCLEO-F401RE\lib_stm\libLibraries.a(ucg_dev_tft_128x128_st7735.o)
 .rodata.ucg_font_ncenR08_hr
                0x08006b5c      0x4fd C:\Users\vinhv\Downloads\SDK_1.0.3_NUCLEO-F401RE (4)\SDK_1.0.3_NUCLEO-F401RE\lib_stm\libLibraries.a(ucg_pixel_font_data.o)
                0x08006b5c                ucg_font_ncenR08_hr
 *fill*         0x08007059        0x3 
 .rodata.ucg_font_ncenR12_hr
                0x0800705c      0x7a8 C:\Users\vinhv\Downloads\SDK_1.0.3_NUCLEO-F401RE (4)\SDK_1.0.3_NUCLEO-F401RE\lib_stm\libLibraries.a(ucg_pixel_font_data.o)
                0x0800705c                ucg_font_ncenR12_hr
 .rodata.ucg_font_ncenR14_hf
                0x08007804     0x1335 C:\Users\vinhv\Downloads\SDK_1.0.3_NUCLEO-F401RE (4)\SDK_1.0.3_NUCLEO-F401RE\lib_stm\libLibraries.a(ucg_pixel_font_data.o)
                0x08007804                ucg_font_ncenR14_hf
 .rodata._svfprintf_r.str1.1
                0x08008b39       0x11 E:/Embedded-C/STM32CubeIDE_1.17.0/STM32CubeIDE/plugins/com.st.stm32cube.ide.mcu.externaltools.gnu-tools-for-stm32.12.3.rel1.win32_1.1.0.202410251130/tools/bin/../lib/gcc/arm-none-eabi/12.3.1/../../../../arm-none-eabi/lib/thumb/v7e-m+fp/hard\libc_nano.a(libc_a-nano-svfprintf.o)
 .rodata._printf_i.str1.1
                0x08008b4a       0x22 E:/Embedded-C/STM32CubeIDE_1.17.0/STM32CubeIDE/plugins/com.st.stm32cube.ide.mcu.externaltools.gnu-tools-for-stm32.12.3.rel1.win32_1.1.0.202410251130/tools/bin/../lib/gcc/arm-none-eabi/12.3.1/../../../../arm-none-eabi/lib/thumb/v7e-m+fp/hard\libc_nano.a(libc_a-nano-vfprintf_i.o)
                0x08008b6c                        . = ALIGN (0x4)

.ARM.extab      0x08008b6c        0x0
                0x08008b6c                        . = ALIGN (0x4)
 *(.ARM.extab* .gnu.linkonce.armextab.*)
                0x08008b6c                        . = ALIGN (0x4)

.ARM            0x08008b6c        0x8
                0x08008b6c                        . = ALIGN (0x4)
                0x08008b6c                        __exidx_start = .
 *(.ARM.exidx*)
 .ARM.exidx     0x08008b6c        0x8 E:/Embedded-C/STM32CubeIDE_1.17.0/STM32CubeIDE/plugins/com.st.stm32cube.ide.mcu.externaltools.gnu-tools-for-stm32.12.3.rel1.win32_1.1.0.202410251130/tools/bin/../lib/gcc/arm-none-eabi/12.3.1/../../../../arm-none-eabi/lib/thumb/v7e-m+fp/hard\libc_nano.a(libc_a-memchr.o)
                0x08008b74                        __exidx_end = .
                0x08008b74                        . = ALIGN (0x4)

.preinit_array  0x08008b74        0x0
                0x08008b74                        . = ALIGN (0x4)
                0x08008b74                        PROVIDE (__preinit_array_start = .)
 *(.preinit_array*)
                0x08008b74                        PROVIDE (__preinit_array_end = .)
                0x08008b74                        . = ALIGN (0x4)

.init_array     0x08008b74        0x4
                0x08008b74                        . = ALIGN (0x4)
                0x08008b74                        PROVIDE (__init_array_start = .)
 *(SORT_BY_NAME(.init_array.*))
 *(.init_array*)
 .init_array    0x08008b74        0x4 E:/Embedded-C/STM32CubeIDE_1.17.0/STM32CubeIDE/plugins/com.st.stm32cube.ide.mcu.externaltools.gnu-tools-for-stm32.12.3.rel1.win32_1.1.0.202410251130/tools/bin/../lib/gcc/arm-none-eabi/12.3.1/thumb/v7e-m+fp/hard/crtbegin.o
                0x08008b78                        PROVIDE (__init_array_end = .)
                0x08008b78                        . = ALIGN (0x4)

.fini_array     0x08008b78        0x4
                0x08008b78                        . = ALIGN (0x4)
                [!provide]                        PROVIDE (__fini_array_start = .)
 *(SORT_BY_NAME(.fini_array.*))
 *(.fini_array*)
 .fini_array    0x08008b78        0x4 E:/Embedded-C/STM32CubeIDE_1.17.0/STM32CubeIDE/plugins/com.st.stm32cube.ide.mcu.externaltools.gnu-tools-for-stm32.12.3.rel1.win32_1.1.0.202410251130/tools/bin/../lib/gcc/arm-none-eabi/12.3.1/thumb/v7e-m+fp/hard/crtbegin.o
                [!provide]                        PROVIDE (__fini_array_end = .)
                0x08008b7c                        . = ALIGN (0x4)
                0x08008b7c                        _sidata = LOADADDR (.data)

.rel.dyn        0x08008b7c        0x0
 .rel.iplt      0x08008b7c        0x0 E:/Embedded-C/STM32CubeIDE_1.17.0/STM32CubeIDE/plugins/com.st.stm32cube.ide.mcu.externaltools.gnu-tools-for-stm32.12.3.rel1.win32_1.1.0.202410251130/tools/bin/../lib/gcc/arm-none-eabi/12.3.1/thumb/v7e-m+fp/hard/crtbegin.o

.data           0x20000000       0xc0 load address 0x08008b7c
                0x20000000                        . = ALIGN (0x4)
                0x20000000                        _sdata = .
 *(.data)
 *(.data*)
 .data.up_idTimerLightScan
                0x20000000        0x1 ./Src/main.o
 .data.down_idTimerLightScan
                0x20000001        0x1 ./Src/main.o
 .data.right_up_idTimerLightScan
                0x20000002        0x1 ./Src/main.o
 .data.left_down_idTimerLightScan
                0x20000003        0x1 ./Src/main.o
 .data.task_idMultiSensorScan
                0x20000004        0x1 ./Src/main.o
 *fill*         0x20000005        0x3 
 .data.SystemCoreClock
                0x20000008        0x4 C:\Users\vinhv\Downloads\SDK_1.0.3_NUCLEO-F401RE (4)\SDK_1.0.3_NUCLEO-F401RE\lib_stm\libLibraries.a(system_stm32f4xx.o)
                0x20000008                SystemCoreClock
 .data.AHBPrescTable
                0x2000000c       0x10 C:\Users\vinhv\Downloads\SDK_1.0.3_NUCLEO-F401RE (4)\SDK_1.0.3_NUCLEO-F401RE\lib_stm\libLibraries.a(system_stm32f4xx.o)
                0x2000000c                AHBPrescTable
 .data.idBuzz   0x2000001c        0x1 C:\Users\vinhv\Downloads\SDK_1.0.3_NUCLEO-F401RE (4)\SDK_1.0.3_NUCLEO-F401RE\lib_stm\libLibraries.a(buzzer.o)
 *fill*         0x2000001d        0x3 
 .data.pbeep    0x20000020        0x8 C:\Users\vinhv\Downloads\SDK_1.0.3_NUCLEO-F401RE (4)\SDK_1.0.3_NUCLEO-F401RE\lib_stm\libLibraries.a(melody.o)
                0x20000020                pbeep
 .data.g_byTimeWaitGetTemp
                0x20000028        0x1 C:\Users\vinhv\Downloads\SDK_1.0.3_NUCLEO-F401RE (4)\SDK_1.0.3_NUCLEO-F401RE\lib_stm\libLibraries.a(temhumsensor.o)
 .data.g_byTimeWaitGetHumi
                0x20000029        0x1 C:\Users\vinhv\Downloads\SDK_1.0.3_NUCLEO-F401RE (4)\SDK_1.0.3_NUCLEO-F401RE\lib_stm\libLibraries.a(temhumsensor.o)
 .data.idTaskScanDecodeLen
                0x2000002a        0x1 C:\Users\vinhv\Downloads\SDK_1.0.3_NUCLEO-F401RE (4)\SDK_1.0.3_NUCLEO-F401RE\lib_stm\libLibraries.a(ucg_font.o)
 *fill*         0x2000002b        0x1 
 .data.APBAHBPrescTable
                0x2000002c       0x10 C:\Users\vinhv\Downloads\SDK_1.0.3_NUCLEO-F401RE (4)\SDK_1.0.3_NUCLEO-F401RE\lib_stm\libLibraries.a(stm32f401re_rcc.o)
 .data.pinBtnPad
                0x2000003c       0x30 C:\Users\vinhv\Downloads\SDK_1.0.3_NUCLEO-F401RE (4)\SDK_1.0.3_NUCLEO-F401RE\lib_stm\libLibraries.a(button.o)
 .data.idTaskScanButton
                0x2000006c        0x1 C:\Users\vinhv\Downloads\SDK_1.0.3_NUCLEO-F401RE (4)\SDK_1.0.3_NUCLEO-F401RE\lib_stm\libLibraries.a(button.o)
 *fill*         0x2000006d        0x3 
 .data._impure_ptr
                0x20000070        0x4 E:/Embedded-C/STM32CubeIDE_1.17.0/STM32CubeIDE/plugins/com.st.stm32cube.ide.mcu.externaltools.gnu-tools-for-stm32.12.3.rel1.win32_1.1.0.202410251130/tools/bin/../lib/gcc/arm-none-eabi/12.3.1/../../../../arm-none-eabi/lib/thumb/v7e-m+fp/hard\libc_nano.a(libc_a-impure.o)
                0x20000070                _impure_ptr
 .data._impure_data
                0x20000074       0x4c E:/Embedded-C/STM32CubeIDE_1.17.0/STM32CubeIDE/plugins/com.st.stm32cube.ide.mcu.externaltools.gnu-tools-for-stm32.12.3.rel1.win32_1.1.0.202410251130/tools/bin/../lib/gcc/arm-none-eabi/12.3.1/../../../../arm-none-eabi/lib/thumb/v7e-m+fp/hard\libc_nano.a(libc_a-impure.o)
                0x20000074                _impure_data
 *(.RamFunc)
 *(.RamFunc*)
                0x200000c0                        . = ALIGN (0x4)
                0x200000c0                        _edata = .

.igot.plt       0x200000c0        0x0 load address 0x08008c3c
 .igot.plt      0x200000c0        0x0 E:/Embedded-C/STM32CubeIDE_1.17.0/STM32CubeIDE/plugins/com.st.stm32cube.ide.mcu.externaltools.gnu-tools-for-stm32.12.3.rel1.win32_1.1.0.202410251130/tools/bin/../lib/gcc/arm-none-eabi/12.3.1/thumb/v7e-m+fp/hard/crtbegin.o
                0x200000c0                        . = ALIGN (0x4)

.bss            0x200000c0     0x15c4 load address 0x08008c3c
                0x200000c0                        _sbss = .
                0x200000c0                        __bss_start__ = _sbss
 *(.bss)
 .bss           0x200000c0       0x1c E:/Embedded-C/STM32CubeIDE_1.17.0/STM32CubeIDE/plugins/com.st.stm32cube.ide.mcu.externaltools.gnu-tools-for-stm32.12.3.rel1.win32_1.1.0.202410251130/tools/bin/../lib/gcc/arm-none-eabi/12.3.1/thumb/v7e-m+fp/hard/crtbegin.o
 *(.bss*)
 .bss.light     0x200000dc        0x2 ./Src/main.o
 .bss.temperature
                0x200000de        0x1 ./Src/main.o
 .bss.humidity  0x200000df        0x1 ./Src/main.o
 .bss.src1      0x200000e0       0x14 ./Src/main.o
 .bss.src2      0x200000f4       0x14 ./Src/main.o
 .bss.src3      0x20000108       0x14 ./Src/main.o
 .bss.eCurrentState
                0x2000011c        0x4 ./Src/main.o
 .bss.ucg       0x20000120       0xb4 ./Src/main.o
 .bss.level     0x200001d4        0x4 ./Src/main.o
 .bss.level_1   0x200001d8        0x4 ./Src/main.o
 .bss.ledState.3
                0x200001dc        0x1 ./Src/main.o
 .bss.ledState.2
                0x200001dd        0x1 ./Src/main.o
 .bss.ledState.1
                0x200001de        0x1 ./Src/main.o
 .bss.ledState.0
                0x200001df        0x1 ./Src/main.o
 .bss.__sbrk_heap_end
                0x200001e0        0x4 ./Src/sysmem.o
 .bss.bBuzzInit
                0x200001e4        0x1 C:\Users\vinhv\Downloads\SDK_1.0.3_NUCLEO-F401RE (4)\SDK_1.0.3_NUCLEO-F401RE\lib_stm\libLibraries.a(buzzer.o)
 *fill*         0x200001e5        0x3 
 .bss.gpToneList
                0x200001e8        0x4 C:\Users\vinhv\Downloads\SDK_1.0.3_NUCLEO-F401RE (4)\SDK_1.0.3_NUCLEO-F401RE\lib_stm\libLibraries.a(buzzer.o)
 .bss.g_brightnessLed
                0x200001ec        0x1 C:\Users\vinhv\Downloads\SDK_1.0.3_NUCLEO-F401RE (4)\SDK_1.0.3_NUCLEO-F401RE\lib_stm\libLibraries.a(led.o)
 *fill*         0x200001ed        0x3 
 .bss.pAppStateFunc
                0x200001f0        0x4 C:\Users\vinhv\Downloads\SDK_1.0.3_NUCLEO-F401RE (4)\SDK_1.0.3_NUCLEO-F401RE\lib_stm\libLibraries.a(eventman.o)
 .bss.pBuffEvent
                0x200001f4      0x100 C:\Users\vinhv\Downloads\SDK_1.0.3_NUCLEO-F401RE (4)\SDK_1.0.3_NUCLEO-F401RE\lib_stm\libLibraries.a(eventman.o)
 .bss.eventQueue
                0x200002f4       0x10 C:\Users\vinhv\Downloads\SDK_1.0.3_NUCLEO-F401RE (4)\SDK_1.0.3_NUCLEO-F401RE\lib_stm\libLibraries.a(eventman.o)
 .bss.g_pTimerHandle
                0x20000304      0x180 C:\Users\vinhv\Downloads\SDK_1.0.3_NUCLEO-F401RE (4)\SDK_1.0.3_NUCLEO-F401RE\lib_stm\libLibraries.a(timer.o)
 .bss.g_wMilSecTickTimer
                0x20000484        0x4 C:\Users\vinhv\Downloads\SDK_1.0.3_NUCLEO-F401RE (4)\SDK_1.0.3_NUCLEO-F401RE\lib_stm\libLibraries.a(timer.o)
 .bss.uhADCConvertedValue
                0x20000488        0x2 C:\Users\vinhv\Downloads\SDK_1.0.3_NUCLEO-F401RE (4)\SDK_1.0.3_NUCLEO-F401RE\lib_stm\libLibraries.a(lightsensor.o)
 *fill*         0x2000048a        0x2 
 .bss.g_pUartQueueRx
                0x2000048c        0x8 C:\Users\vinhv\Downloads\SDK_1.0.3_NUCLEO-F401RE (4)\SDK_1.0.3_NUCLEO-F401RE\lib_stm\libLibraries.a(serial.o)
 .bss.fontQueue
                0x20000494       0x10 C:\Users\vinhv\Downloads\SDK_1.0.3_NUCLEO-F401RE (4)\SDK_1.0.3_NUCLEO-F401RE\lib_stm\libLibraries.a(ucg_font.o)
 .bss.pQueueFont
                0x200004a4     0x1000 C:\Users\vinhv\Downloads\SDK_1.0.3_NUCLEO-F401RE (4)\SDK_1.0.3_NUCLEO-F401RE\lib_stm\libLibraries.a(ucg_font.o)
 .bss.next.7562
                0x200014a4        0x1 C:\Users\vinhv\Downloads\SDK_1.0.3_NUCLEO-F401RE (4)\SDK_1.0.3_NUCLEO-F401RE\lib_stm\libLibraries.a(ucg_font.o)
 *fill*         0x200014a5        0x3 
 .bss.kpad      0x200014a8       0x78 C:\Users\vinhv\Downloads\SDK_1.0.3_NUCLEO-F401RE (4)\SDK_1.0.3_NUCLEO-F401RE\lib_stm\libLibraries.a(button.o)
 .bss.pEventCallbacks
                0x20001520       0x10 C:\Users\vinhv\Downloads\SDK_1.0.3_NUCLEO-F401RE (4)\SDK_1.0.3_NUCLEO-F401RE\lib_stm\libLibraries.a(button.o)
 .bss.__sf      0x20001530      0x138 E:/Embedded-C/STM32CubeIDE_1.17.0/STM32CubeIDE/plugins/com.st.stm32cube.ide.mcu.externaltools.gnu-tools-for-stm32.12.3.rel1.win32_1.1.0.202410251130/tools/bin/../lib/gcc/arm-none-eabi/12.3.1/../../../../arm-none-eabi/lib/thumb/v7e-m+fp/hard\libc_nano.a(libc_a-findfp.o)
                0x20001530                __sf
 .bss.errno     0x20001668        0x4 E:/Embedded-C/STM32CubeIDE_1.17.0/STM32CubeIDE/plugins/com.st.stm32cube.ide.mcu.externaltools.gnu-tools-for-stm32.12.3.rel1.win32_1.1.0.202410251130/tools/bin/../lib/gcc/arm-none-eabi/12.3.1/../../../../arm-none-eabi/lib/thumb/v7e-m+fp/hard\libc_nano.a(libc_a-reent.o)
                0x20001668                errno
 .bss.__lock___malloc_recursive_mutex
                0x2000166c        0x1 E:/Embedded-C/STM32CubeIDE_1.17.0/STM32CubeIDE/plugins/com.st.stm32cube.ide.mcu.externaltools.gnu-tools-for-stm32.12.3.rel1.win32_1.1.0.202410251130/tools/bin/../lib/gcc/arm-none-eabi/12.3.1/../../../../arm-none-eabi/lib/thumb/v7e-m+fp/hard\libc_nano.a(libc_a-lock.o)
                0x2000166c                __lock___malloc_recursive_mutex
 *fill*         0x2000166d        0x3 
 .bss.__malloc_sbrk_start
                0x20001670        0x4 E:/Embedded-C/STM32CubeIDE_1.17.0/STM32CubeIDE/plugins/com.st.stm32cube.ide.mcu.externaltools.gnu-tools-for-stm32.12.3.rel1.win32_1.1.0.202410251130/tools/bin/../lib/gcc/arm-none-eabi/12.3.1/../../../../arm-none-eabi/lib/thumb/v7e-m+fp/hard\libc_nano.a(libc_a-mallocr.o)
                0x20001670                __malloc_sbrk_start
 .bss.__malloc_free_list
                0x20001674        0x4 E:/Embedded-C/STM32CubeIDE_1.17.0/STM32CubeIDE/plugins/com.st.stm32cube.ide.mcu.externaltools.gnu-tools-for-stm32.12.3.rel1.win32_1.1.0.202410251130/tools/bin/../lib/gcc/arm-none-eabi/12.3.1/../../../../arm-none-eabi/lib/thumb/v7e-m+fp/hard\libc_nano.a(libc_a-mallocr.o)
                0x20001674                __malloc_free_list
 *(COMMON)
 COMMON         0x20001678        0xc C:\Users\vinhv\Downloads\SDK_1.0.3_NUCLEO-F401RE (4)\SDK_1.0.3_NUCLEO-F401RE\lib_stm\libLibraries.a(ucg_font.o)
                0x20001678                ucg_draw_str
                0x20001684                        . = ALIGN (0x4)
                0x20001684                        _ebss = .
                0x20001684                        __bss_end__ = _ebss

._user_heap_stack
                0x20001684      0x604 load address 0x08008c3c
                0x20001688                        . = ALIGN (0x8)
 *fill*         0x20001684        0x4 
                [!provide]                        PROVIDE (end = .)
                0x20001688                        PROVIDE (_end = .)
                0x20001888                        . = (. + _Min_Heap_Size)
 *fill*         0x20001688      0x200 
                0x20001c88                        . = (. + _Min_Stack_Size)
 *fill*         0x20001888      0x400 
                0x20001c88                        . = ALIGN (0x8)

/DISCARD/
 libc.a(*)
 libm.a(*)
 libgcc.a(*)

.ARM.attributes
                0x00000000       0x30
 *(.ARM.attributes)
 .ARM.attributes
                0x00000000       0x22 E:/Embedded-C/STM32CubeIDE_1.17.0/STM32CubeIDE/plugins/com.st.stm32cube.ide.mcu.externaltools.gnu-tools-for-stm32.12.3.rel1.win32_1.1.0.202410251130/tools/bin/../lib/gcc/arm-none-eabi/12.3.1/thumb/v7e-m+fp/hard/crti.o
 .ARM.attributes
                0x00000022       0x34 E:/Embedded-C/STM32CubeIDE_1.17.0/STM32CubeIDE/plugins/com.st.stm32cube.ide.mcu.externaltools.gnu-tools-for-stm32.12.3.rel1.win32_1.1.0.202410251130/tools/bin/../lib/gcc/arm-none-eabi/12.3.1/thumb/v7e-m+fp/hard/crtbegin.o
 .ARM.attributes
                0x00000056       0x34 ./Src/main.o
 .ARM.attributes
                0x0000008a       0x34 ./Src/sysmem.o
 .ARM.attributes
                0x000000be       0x21 ./Startup/startup_stm32f401retx.o
 .ARM.attributes
                0x000000df       0x39 C:\Users\vinhv\Downloads\SDK_1.0.3_NUCLEO-F401RE (4)\SDK_1.0.3_NUCLEO-F401RE\lib_stm\libLibraries.a(system_stm32f4xx.o)
 .ARM.attributes
                0x00000118       0x39 C:\Users\vinhv\Downloads\SDK_1.0.3_NUCLEO-F401RE (4)\SDK_1.0.3_NUCLEO-F401RE\lib_stm\libLibraries.a(eventbutton.o)
 .ARM.attributes
                0x00000151       0x39 C:\Users\vinhv\Downloads\SDK_1.0.3_NUCLEO-F401RE (4)\SDK_1.0.3_NUCLEO-F401RE\lib_stm\libLibraries.a(buzzer.o)
 .ARM.attributes
                0x0000018a       0x39 C:\Users\vinhv\Downloads\SDK_1.0.3_NUCLEO-F401RE (4)\SDK_1.0.3_NUCLEO-F401RE\lib_stm\libLibraries.a(melody.o)
 .ARM.attributes
                0x000001c3       0x39 C:\Users\vinhv\Downloads\SDK_1.0.3_NUCLEO-F401RE (4)\SDK_1.0.3_NUCLEO-F401RE\lib_stm\libLibraries.a(led.o)
 .ARM.attributes
                0x000001fc       0x39 C:\Users\vinhv\Downloads\SDK_1.0.3_NUCLEO-F401RE (4)\SDK_1.0.3_NUCLEO-F401RE\lib_stm\libLibraries.a(eventman.o)
 .ARM.attributes
                0x00000235       0x39 C:\Users\vinhv\Downloads\SDK_1.0.3_NUCLEO-F401RE (4)\SDK_1.0.3_NUCLEO-F401RE\lib_stm\libLibraries.a(timer.o)
 .ARM.attributes
                0x0000026e       0x39 C:\Users\vinhv\Downloads\SDK_1.0.3_NUCLEO-F401RE (4)\SDK_1.0.3_NUCLEO-F401RE\lib_stm\libLibraries.a(lightsensor.o)
 .ARM.attributes
                0x000002a7       0x39 C:\Users\vinhv\Downloads\SDK_1.0.3_NUCLEO-F401RE (4)\SDK_1.0.3_NUCLEO-F401RE\lib_stm\libLibraries.a(temhumsensor.o)
 .ARM.attributes
                0x000002e0       0x39 C:\Users\vinhv\Downloads\SDK_1.0.3_NUCLEO-F401RE (4)\SDK_1.0.3_NUCLEO-F401RE\lib_stm\libLibraries.a(serial.o)
 .ARM.attributes
                0x00000319       0x39 C:\Users\vinhv\Downloads\SDK_1.0.3_NUCLEO-F401RE (4)\SDK_1.0.3_NUCLEO-F401RE\lib_stm\libLibraries.a(Ucglib.o)
 .ARM.attributes
                0x00000352       0x39 C:\Users\vinhv\Downloads\SDK_1.0.3_NUCLEO-F401RE (4)\SDK_1.0.3_NUCLEO-F401RE\lib_stm\libLibraries.a(ucg_box.o)
 .ARM.attributes
                0x0000038b       0x39 C:\Users\vinhv\Downloads\SDK_1.0.3_NUCLEO-F401RE (4)\SDK_1.0.3_NUCLEO-F401RE\lib_stm\libLibraries.a(ucg_ccs.o)
 .ARM.attributes
                0x000003c4       0x39 C:\Users\vinhv\Downloads\SDK_1.0.3_NUCLEO-F401RE (4)\SDK_1.0.3_NUCLEO-F401RE\lib_stm\libLibraries.a(ucg_dev_default_cb.o)
 .ARM.attributes
                0x000003fd       0x39 C:\Users\vinhv\Downloads\SDK_1.0.3_NUCLEO-F401RE (4)\SDK_1.0.3_NUCLEO-F401RE\lib_stm\libLibraries.a(ucg_dev_ic_st7735.o)
 .ARM.attributes
                0x00000436       0x39 C:\Users\vinhv\Downloads\SDK_1.0.3_NUCLEO-F401RE (4)\SDK_1.0.3_NUCLEO-F401RE\lib_stm\libLibraries.a(ucg_dev_msg_api.o)
 .ARM.attributes
                0x0000046f       0x39 C:\Users\vinhv\Downloads\SDK_1.0.3_NUCLEO-F401RE (4)\SDK_1.0.3_NUCLEO-F401RE\lib_stm\libLibraries.a(ucg_dev_tft_128x128_st7735.o)
 .ARM.attributes
                0x000004a8       0x39 C:\Users\vinhv\Downloads\SDK_1.0.3_NUCLEO-F401RE (4)\SDK_1.0.3_NUCLEO-F401RE\lib_stm\libLibraries.a(ucg_font.o)
 .ARM.attributes
                0x000004e1       0x39 C:\Users\vinhv\Downloads\SDK_1.0.3_NUCLEO-F401RE (4)\SDK_1.0.3_NUCLEO-F401RE\lib_stm\libLibraries.a(ucg_init.o)
 .ARM.attributes
                0x0000051a       0x39 C:\Users\vinhv\Downloads\SDK_1.0.3_NUCLEO-F401RE (4)\SDK_1.0.3_NUCLEO-F401RE\lib_stm\libLibraries.a(ucg_line.o)
 .ARM.attributes
                0x00000553       0x39 C:\Users\vinhv\Downloads\SDK_1.0.3_NUCLEO-F401RE (4)\SDK_1.0.3_NUCLEO-F401RE\lib_stm\libLibraries.a(ucg_pixel.o)
 .ARM.attributes
                0x0000058c       0x39 C:\Users\vinhv\Downloads\SDK_1.0.3_NUCLEO-F401RE (4)\SDK_1.0.3_NUCLEO-F401RE\lib_stm\libLibraries.a(ucg_pixel_font_data.o)
 .ARM.attributes
                0x000005c5       0x39 C:\Users\vinhv\Downloads\SDK_1.0.3_NUCLEO-F401RE (4)\SDK_1.0.3_NUCLEO-F401RE\lib_stm\libLibraries.a(ucg_rotate.o)
 .ARM.attributes
                0x000005fe       0x39 C:\Users\vinhv\Downloads\SDK_1.0.3_NUCLEO-F401RE (4)\SDK_1.0.3_NUCLEO-F401RE\lib_stm\libLibraries.a(buff.o)
 .ARM.attributes
                0x00000637       0x39 C:\Users\vinhv\Downloads\SDK_1.0.3_NUCLEO-F401RE (4)\SDK_1.0.3_NUCLEO-F401RE\lib_stm\libLibraries.a(utilities.o)
 .ARM.attributes
                0x00000670       0x39 C:\Users\vinhv\Downloads\SDK_1.0.3_NUCLEO-F401RE (4)\SDK_1.0.3_NUCLEO-F401RE\lib_stm\libLibraries.a(stm32f401re_adc.o)
 .ARM.attributes
                0x000006a9       0x39 C:\Users\vinhv\Downloads\SDK_1.0.3_NUCLEO-F401RE (4)\SDK_1.0.3_NUCLEO-F401RE\lib_stm\libLibraries.a(stm32f401re_dma.o)
 .ARM.attributes
                0x000006e2       0x39 C:\Users\vinhv\Downloads\SDK_1.0.3_NUCLEO-F401RE (4)\SDK_1.0.3_NUCLEO-F401RE\lib_stm\libLibraries.a(stm32f401re_gpio.o)
 .ARM.attributes
                0x0000071b       0x39 C:\Users\vinhv\Downloads\SDK_1.0.3_NUCLEO-F401RE (4)\SDK_1.0.3_NUCLEO-F401RE\lib_stm\libLibraries.a(stm32f401re_i2c.o)
 .ARM.attributes
                0x00000754       0x39 C:\Users\vinhv\Downloads\SDK_1.0.3_NUCLEO-F401RE (4)\SDK_1.0.3_NUCLEO-F401RE\lib_stm\libLibraries.a(stm32f401re_rcc.o)
 .ARM.attributes
                0x0000078d       0x39 C:\Users\vinhv\Downloads\SDK_1.0.3_NUCLEO-F401RE (4)\SDK_1.0.3_NUCLEO-F401RE\lib_stm\libLibraries.a(stm32f401re_tim.o)
 .ARM.attributes
                0x000007c6       0x39 C:\Users\vinhv\Downloads\SDK_1.0.3_NUCLEO-F401RE (4)\SDK_1.0.3_NUCLEO-F401RE\lib_stm\libLibraries.a(stm32f401re_usart.o)
 .ARM.attributes
                0x000007ff       0x39 C:\Users\vinhv\Downloads\SDK_1.0.3_NUCLEO-F401RE (4)\SDK_1.0.3_NUCLEO-F401RE\lib_stm\libLibraries.a(button.o)
 .ARM.attributes
                0x00000838       0x39 C:\Users\vinhv\Downloads\SDK_1.0.3_NUCLEO-F401RE (4)\SDK_1.0.3_NUCLEO-F401RE\lib_stm\libLibraries.a(ucg_clip.o)
 .ARM.attributes
                0x00000871       0x39 C:\Users\vinhv\Downloads\SDK_1.0.3_NUCLEO-F401RE (4)\SDK_1.0.3_NUCLEO-F401RE\lib_stm\libLibraries.a(ucg_com_msg_api.o)
 .ARM.attributes
                0x000008aa       0x34 E:/Embedded-C/STM32CubeIDE_1.17.0/STM32CubeIDE/plugins/com.st.stm32cube.ide.mcu.externaltools.gnu-tools-for-stm32.12.3.rel1.win32_1.1.0.202410251130/tools/bin/../lib/gcc/arm-none-eabi/12.3.1/../../../../arm-none-eabi/lib/thumb/v7e-m+fp/hard\libc_nano.a(libc_a-findfp.o)
 .ARM.attributes
                0x000008de       0x34 E:/Embedded-C/STM32CubeIDE_1.17.0/STM32CubeIDE/plugins/com.st.stm32cube.ide.mcu.externaltools.gnu-tools-for-stm32.12.3.rel1.win32_1.1.0.202410251130/tools/bin/../lib/gcc/arm-none-eabi/12.3.1/../../../../arm-none-eabi/lib/thumb/v7e-m+fp/hard\libc_nano.a(libc_a-sprintf.o)
 .ARM.attributes
                0x00000912       0x34 E:/Embedded-C/STM32CubeIDE_1.17.0/STM32CubeIDE/plugins/com.st.stm32cube.ide.mcu.externaltools.gnu-tools-for-stm32.12.3.rel1.win32_1.1.0.202410251130/tools/bin/../lib/gcc/arm-none-eabi/12.3.1/../../../../arm-none-eabi/lib/thumb/v7e-m+fp/hard\libc_nano.a(libc_a-memset.o)
 .ARM.attributes
                0x00000946       0x34 E:/Embedded-C/STM32CubeIDE_1.17.0/STM32CubeIDE/plugins/com.st.stm32cube.ide.mcu.externaltools.gnu-tools-for-stm32.12.3.rel1.win32_1.1.0.202410251130/tools/bin/../lib/gcc/arm-none-eabi/12.3.1/../../../../arm-none-eabi/lib/thumb/v7e-m+fp/hard\libc_nano.a(libc_a-reent.o)
 .ARM.attributes
                0x0000097a       0x34 E:/Embedded-C/STM32CubeIDE_1.17.0/STM32CubeIDE/plugins/com.st.stm32cube.ide.mcu.externaltools.gnu-tools-for-stm32.12.3.rel1.win32_1.1.0.202410251130/tools/bin/../lib/gcc/arm-none-eabi/12.3.1/../../../../arm-none-eabi/lib/thumb/v7e-m+fp/hard\libc_nano.a(libc_a-impure.o)
 .ARM.attributes
                0x000009ae       0x34 E:/Embedded-C/STM32CubeIDE_1.17.0/STM32CubeIDE/plugins/com.st.stm32cube.ide.mcu.externaltools.gnu-tools-for-stm32.12.3.rel1.win32_1.1.0.202410251130/tools/bin/../lib/gcc/arm-none-eabi/12.3.1/../../../../arm-none-eabi/lib/thumb/v7e-m+fp/hard\libc_nano.a(libc_a-errno.o)
 .ARM.attributes
                0x000009e2       0x34 E:/Embedded-C/STM32CubeIDE_1.17.0/STM32CubeIDE/plugins/com.st.stm32cube.ide.mcu.externaltools.gnu-tools-for-stm32.12.3.rel1.win32_1.1.0.202410251130/tools/bin/../lib/gcc/arm-none-eabi/12.3.1/../../../../arm-none-eabi/lib/thumb/v7e-m+fp/hard\libc_nano.a(libc_a-init.o)
 .ARM.attributes
                0x00000a16       0x34 E:/Embedded-C/STM32CubeIDE_1.17.0/STM32CubeIDE/plugins/com.st.stm32cube.ide.mcu.externaltools.gnu-tools-for-stm32.12.3.rel1.win32_1.1.0.202410251130/tools/bin/../lib/gcc/arm-none-eabi/12.3.1/../../../../arm-none-eabi/lib/thumb/v7e-m+fp/hard\libc_nano.a(libc_a-lock.o)
 .ARM.attributes
                0x00000a4a       0x34 E:/Embedded-C/STM32CubeIDE_1.17.0/STM32CubeIDE/plugins/com.st.stm32cube.ide.mcu.externaltools.gnu-tools-for-stm32.12.3.rel1.win32_1.1.0.202410251130/tools/bin/../lib/gcc/arm-none-eabi/12.3.1/../../../../arm-none-eabi/lib/thumb/v7e-m+fp/hard\libc_nano.a(libc_a-freer.o)
 .ARM.attributes
                0x00000a7e       0x34 E:/Embedded-C/STM32CubeIDE_1.17.0/STM32CubeIDE/plugins/com.st.stm32cube.ide.mcu.externaltools.gnu-tools-for-stm32.12.3.rel1.win32_1.1.0.202410251130/tools/bin/../lib/gcc/arm-none-eabi/12.3.1/../../../../arm-none-eabi/lib/thumb/v7e-m+fp/hard\libc_nano.a(libc_a-mallocr.o)
 .ARM.attributes
                0x00000ab2       0x34 E:/Embedded-C/STM32CubeIDE_1.17.0/STM32CubeIDE/plugins/com.st.stm32cube.ide.mcu.externaltools.gnu-tools-for-stm32.12.3.rel1.win32_1.1.0.202410251130/tools/bin/../lib/gcc/arm-none-eabi/12.3.1/../../../../arm-none-eabi/lib/thumb/v7e-m+fp/hard\libc_nano.a(libc_a-mlock.o)
 .ARM.attributes
                0x00000ae6       0x34 E:/Embedded-C/STM32CubeIDE_1.17.0/STM32CubeIDE/plugins/com.st.stm32cube.ide.mcu.externaltools.gnu-tools-for-stm32.12.3.rel1.win32_1.1.0.202410251130/tools/bin/../lib/gcc/arm-none-eabi/12.3.1/../../../../arm-none-eabi/lib/thumb/v7e-m+fp/hard\libc_nano.a(libc_a-nano-svfprintf.o)
 .ARM.attributes
                0x00000b1a       0x34 E:/Embedded-C/STM32CubeIDE_1.17.0/STM32CubeIDE/plugins/com.st.stm32cube.ide.mcu.externaltools.gnu-tools-for-stm32.12.3.rel1.win32_1.1.0.202410251130/tools/bin/../lib/gcc/arm-none-eabi/12.3.1/../../../../arm-none-eabi/lib/thumb/v7e-m+fp/hard\libc_nano.a(libc_a-nano-vfprintf_i.o)
 .ARM.attributes
                0x00000b4e       0x34 E:/Embedded-C/STM32CubeIDE_1.17.0/STM32CubeIDE/plugins/com.st.stm32cube.ide.mcu.externaltools.gnu-tools-for-stm32.12.3.rel1.win32_1.1.0.202410251130/tools/bin/../lib/gcc/arm-none-eabi/12.3.1/../../../../arm-none-eabi/lib/thumb/v7e-m+fp/hard\libc_nano.a(libc_a-memmove.o)
 .ARM.attributes
                0x00000b82       0x34 E:/Embedded-C/STM32CubeIDE_1.17.0/STM32CubeIDE/plugins/com.st.stm32cube.ide.mcu.externaltools.gnu-tools-for-stm32.12.3.rel1.win32_1.1.0.202410251130/tools/bin/../lib/gcc/arm-none-eabi/12.3.1/../../../../arm-none-eabi/lib/thumb/v7e-m+fp/hard\libc_nano.a(libc_a-sbrkr.o)
 .ARM.attributes
                0x00000bb6       0x1c E:/Embedded-C/STM32CubeIDE_1.17.0/STM32CubeIDE/plugins/com.st.stm32cube.ide.mcu.externaltools.gnu-tools-for-stm32.12.3.rel1.win32_1.1.0.202410251130/tools/bin/../lib/gcc/arm-none-eabi/12.3.1/../../../../arm-none-eabi/lib/thumb/v7e-m+fp/hard\libc_nano.a(libc_a-memchr.o)
 .ARM.attributes
                0x00000bd2       0x34 E:/Embedded-C/STM32CubeIDE_1.17.0/STM32CubeIDE/plugins/com.st.stm32cube.ide.mcu.externaltools.gnu-tools-for-stm32.12.3.rel1.win32_1.1.0.202410251130/tools/bin/../lib/gcc/arm-none-eabi/12.3.1/../../../../arm-none-eabi/lib/thumb/v7e-m+fp/hard\libc_nano.a(libc_a-memcpy-stub.o)
 .ARM.attributes
                0x00000c06       0x34 E:/Embedded-C/STM32CubeIDE_1.17.0/STM32CubeIDE/plugins/com.st.stm32cube.ide.mcu.externaltools.gnu-tools-for-stm32.12.3.rel1.win32_1.1.0.202410251130/tools/bin/../lib/gcc/arm-none-eabi/12.3.1/../../../../arm-none-eabi/lib/thumb/v7e-m+fp/hard\libc_nano.a(libc_a-reallocr.o)
 .ARM.attributes
                0x00000c3a       0x34 E:/Embedded-C/STM32CubeIDE_1.17.0/STM32CubeIDE/plugins/com.st.stm32cube.ide.mcu.externaltools.gnu-tools-for-stm32.12.3.rel1.win32_1.1.0.202410251130/tools/bin/../lib/gcc/arm-none-eabi/12.3.1/../../../../arm-none-eabi/lib/thumb/v7e-m+fp/hard\libc_nano.a(libc_a-msizer.o)
 .ARM.attributes
                0x00000c6e       0x22 E:/Embedded-C/STM32CubeIDE_1.17.0/STM32CubeIDE/plugins/com.st.stm32cube.ide.mcu.externaltools.gnu-tools-for-stm32.12.3.rel1.win32_1.1.0.202410251130/tools/bin/../lib/gcc/arm-none-eabi/12.3.1/thumb/v7e-m+fp/hard/crtn.o
OUTPUT(TouchSwitch_MCU_V1.0.0.elf elf32-littlearm)
LOAD linker stubs
LOAD E:/Embedded-C/STM32CubeIDE_1.17.0/STM32CubeIDE/plugins/com.st.stm32cube.ide.mcu.externaltools.gnu-tools-for-stm32.12.3.rel1.win32_1.1.0.202410251130/tools/bin/../lib/gcc/arm-none-eabi/12.3.1/../../../../arm-none-eabi/lib/thumb/v7e-m+fp/hard\libc.a
LOAD E:/Embedded-C/STM32CubeIDE_1.17.0/STM32CubeIDE/plugins/com.st.stm32cube.ide.mcu.externaltools.gnu-tools-for-stm32.12.3.rel1.win32_1.1.0.202410251130/tools/bin/../lib/gcc/arm-none-eabi/12.3.1/../../../../arm-none-eabi/lib/thumb/v7e-m+fp/hard\libm.a